<html>
<body>
<pre>
<h1>µVision Build Log</h1>
<h2>Tool Versions:</h2>
IDE-Version: ¦ÌVision V5.42.0.0
Copyright (C) 2025 ARM Ltd and ARM Germany GmbH. All rights reserved.
License Information: Hektor Sun, HIT, LIC=BUURY-IGV2F-EVX1R-KJN6Q-YKSDC-1JBJZ
 
Tool Versions:
Toolchain:       MDK-ARM Plus  Version: 5.42.0.0
Toolchain Path:  E:\Keil_v5\ARM\ARMCC\Bin
C Compiler:      Armcc.exe V5.06 update 6 (build 750)
Assembler:       Armasm.exe V5.06 update 6 (build 750)
Linker/Locator:  ArmLink.exe V5.06 update 6 (build 750)
Library Manager: ArmAr.exe V5.06 update 6 (build 750)
Hex Converter:   FromElf.exe V5.06 update 6 (build 750)
CPU DLL:         SARMCM3.DLL V5.42.0.0
Dialog DLL:      DCM.DLL V1.17.5.0
Target DLL:      CMSIS_AGDI.dll V1.33.22.0
Dialog DLL:      TCM.DLL V1.56.6.0
 
<h2>Project:</h2>
d:\GNC\HRA_Lower_Controller\USER\HRA_Lower_Controller.uvprojx
Project File Date:  11/10/2025

<h2>Output:</h2>
*** Using Compiler 'V5.06 update 6 (build 750)', folder: 'E:\Keil_v5\ARM\ARMCC\Bin'
Rebuild target 'HRA_Lower_Controller'
assembling startup_stm32h743xx.s...
compiling stm32h7xx_hal_cryp_ex.c...
compiling stm32h7xx_hal_dac_ex.c...
compiling delay.c...
compiling stm32h7xx_hal_dma.c...
compiling main.c...
compiling stm32h7xx_hal_crc.c...
compiling stm32h7xx_hal_cortex.c...
compiling stm32h7xx_hal_comp.c...
compiling stm32h7xx_hal.c...
compiling system_stm32h7xx.c...
compiling stm32h7xx_hal_cec.c...
compiling protocol.c...
compiling stm32h7xx_it.c...
compiling sys.c...
compiling stm32h7xx_hal_msp.c...
compiling stm32h7xx_hal_dcmi.c...
compiling stm32h7xx_hal_cryp.c...
compiling stm32h7xx_hal_dac.c...
compiling stm32h7xx_hal_crc_ex.c...
compiling Silde_Mode_Controller.c...
compiling serial.c...
compiling stm32h7xx_hal_adc_ex.c...
compiling stm32h7xx_hal_dfsdm.c...
compiling stm32h7xx_hal_adc.c...
compiling stm32h7xx_hal_mdios.c...
compiling stm32h7xx_hal_mdma.c...
compiling stm32h7xx_hal_dma_ex.c...
compiling stm32h7xx_hal_ltdc.c...
compiling stm32h7xx_hal_dma2d.c...
compiling stm32h7xx_hal_eth_ex.c...
compiling stm32h7xx_hal_eth.c...
compiling stm32h7xx_hal_lptim.c...
compiling stm32h7xx_hal_mmc.c...
compiling stm32h7xx_hal_jpeg.c...
compiling stm32h7xx_hal_i2c_ex.c...
compiling stm32h7xx_hal_hash.c...
compiling stm32h7xx_hal_iwdg.c...
compiling stm32h7xx_hal_i2s_ex.c...
compiling stm32h7xx_hal_hrtim.c...
compiling stm32h7xx_hal_fdcan.c...
compiling stm32h7xx_hal_hcd.c...
compiling stm32h7xx_hal_hsem.c...
compiling stm32h7xx_hal_irda.c...
compiling stm32h7xx_hal_flash.c...
compiling stm32h7xx_hal_hash_ex.c...
compiling stm32h7xx_hal_flash_ex.c...
compiling stm32h7xx_hal_i2c.c...
compiling stm32h7xx_hal_gpio.c...
compiling stm32h7xx_hal_i2s.c...
compiling stm32h7xx_hal_mmc_ex.c...
compiling stm32h7xx_hal_nand.c...
compiling stm32h7xx_hal_spi.c...
compiling stm32h7xx_hal_opamp.c...
compiling stm32h7xx_hal_nor.c...
compiling stm32h7xx_hal_spdifrx.c...
compiling stm32h7xx_hal_spi_ex.c...
compiling stm32h7xx_hal_opamp_ex.c...
compiling stm32h7xx_hal_sram.c...
compiling stm32h7xx_hal_pcd_ex.c...
compiling stm32h7xx_hal_pwr.c...
compiling stm32h7xx_hal_smbus.c...
compiling stm32h7xx_hal_pcd.c...
compiling stm32h7xx_hal_qspi.c...
compiling stm32h7xx_hal_smartcard_ex.c...
compiling stm32h7xx_hal_sd.c...
compiling stm32h7xx_hal_rng.c...
compiling stm32h7xx_hal_smartcard.c...
compiling stm32h7xx_hal_pwr_ex.c...
compiling stm32h7xx_hal_rtc.c...
compiling stm32h7xx_hal_rcc_ex.c...
compiling stm32h7xx_hal_sdram.c...
compiling stm32h7xx_hal_sai_ex.c...
compiling stm32h7xx_hal_rcc.c...
compiling stm32h7xx_hal_sai.c...
compiling stm32h7xx_hal_sd_ex.c...
compiling stm32h7xx_hal_rtc_ex.c...
compiling stm32h7xx_hal_swpmi.c...
compiling stm32h7xx_hal_tim.c...
compiling WDG.c...
compiling PGD.c...
compiling Fan.c...
compiling led.c...
compiling stm32h7xx_hal_tim_ex.c...
compiling timer.c...
compiling stm32h7xx_hal_uart.c...
compiling stm32h7xx_ll_delayblock.c...
compiling stm32h7xx_ll_sdmmc.c...
compiling stm32h7xx_ll_fmc.c...
compiling stm32h7xx_ll_usb.c...
compiling stm32h7xx_hal_wwdg.c...
compiling stm32h7xx_hal_uart_ex.c...
compiling stm32h7xx_hal_usart.c...
linking...
Program Size: Code=37516 RO-data=4540 RW-data=10496 ZI-data=7224  
FromELF: creating hex file...
"..\OBJ\HRA_Lower_Controller.axf" - 0 Error(s), 0 Warning(s).

<h2>Software Packages used:</h2>

Package Vendor: Keil
                https://www.keil.com/pack/Keil.STM32H7xx_DFP.4.1.0.pack
                Keil::STM32H7xx_DFP@4.1.0
                STMicroelectronics STM32H7 Series Device Support

<h2>Collection of Component include folders:</h2>

<h2>Collection of Component Files used:</h2>
Build Time Elapsed:  00:01:35
</pre>
</body>
</html>
