Component: ARM Compiler 5.06 update 6 (build 750) Tool: armlink [4d35ed]

==============================================================================

Section Cross References

    main.o(i.main) refers to sys.o(i.MPU_Config_DMA_NC) for MPU_Config_DMA_NC
    main.o(i.main) refers to protocol.o(i.proto_init_buffers) for proto_init_buffers
    main.o(i.main) refers to sys.o(i.Cache_Enable) for Cache_Enable
    main.o(i.main) refers to stm32h7xx_hal.o(i.HAL_Init) for HAL_Init
    main.o(i.main) refers to sys.o(i.Stm32_Clock_Init) for Stm32_Clock_Init
    main.o(i.main) refers to delay.o(i.delay_init) for delay_init
    main.o(i.main) refers to sys.o(i.DWT_Enable) for DWT_Enable
    main.o(i.main) refers to serial.o(i.MX_USART_Init) for MX_USART_Init
    main.o(i.main) refers to serial.o(i.USART_SendFormatted_DMA) for USART_SendFormatted_DMA
    main.o(i.main) refers to timer.o(i.PWM_Init) for PWM_Init
    main.o(i.main) refers to silde_mode_controller.o(i.InitConstantsToFloat) for InitConstantsToFloat
    main.o(i.main) refers to silde_mode_controller.o(i.InitController) for InitController
    main.o(i.main) refers to protocol.o(i.proto_poll) for proto_poll
    main.o(i.main) refers to serial.o(i.Debug_Console_Poll) for Debug_Console_Poll
    main.o(i.main) refers to serial.o(.dma_nc) for rx2_dma_buf
    main.o(i.main) refers to main.o(.conststring) for .conststring
    main.o(i.main) refers to silde_mode_controller.o(.bss) for ctrl_output
    stm32h7xx_it.o(i.SysTick_Handler) refers to stm32h7xx_hal.o(i.HAL_IncTick) for HAL_IncTick
    system_stm32h7xx.o(i.SystemCoreClockUpdate) refers to system_stm32h7xx.o(.data) for SystemCoreClock
    system_stm32h7xx.o(i.SystemCoreClockUpdate) refers to system_stm32h7xx.o(.constdata) for D1CorePrescTable
    startup_stm32h743xx.o(RESET) refers to startup_stm32h743xx.o(STACK) for __initial_sp
    startup_stm32h743xx.o(RESET) refers to startup_stm32h743xx.o(.text) for Reset_Handler
    startup_stm32h743xx.o(RESET) refers to stm32h7xx_it.o(i.NMI_Handler) for NMI_Handler
    startup_stm32h743xx.o(RESET) refers to stm32h7xx_it.o(i.HardFault_Handler) for HardFault_Handler
    startup_stm32h743xx.o(RESET) refers to stm32h7xx_it.o(i.MemManage_Handler) for MemManage_Handler
    startup_stm32h743xx.o(RESET) refers to stm32h7xx_it.o(i.BusFault_Handler) for BusFault_Handler
    startup_stm32h743xx.o(RESET) refers to stm32h7xx_it.o(i.UsageFault_Handler) for UsageFault_Handler
    startup_stm32h743xx.o(RESET) refers to stm32h7xx_it.o(i.SVC_Handler) for SVC_Handler
    startup_stm32h743xx.o(RESET) refers to stm32h7xx_it.o(i.DebugMon_Handler) for DebugMon_Handler
    startup_stm32h743xx.o(RESET) refers to stm32h7xx_it.o(i.PendSV_Handler) for PendSV_Handler
    startup_stm32h743xx.o(RESET) refers to stm32h7xx_it.o(i.SysTick_Handler) for SysTick_Handler
    startup_stm32h743xx.o(RESET) refers to serial.o(i.DMA1_Stream5_IRQHandler) for DMA1_Stream5_IRQHandler
    startup_stm32h743xx.o(RESET) refers to serial.o(i.USART1_IRQHandler) for USART1_IRQHandler
    startup_stm32h743xx.o(RESET) refers to serial.o(i.USART2_IRQHandler) for USART2_IRQHandler
    startup_stm32h743xx.o(RESET) refers to timer.o(i.TIM6_DAC_IRQHandler) for TIM6_DAC_IRQHandler
    startup_stm32h743xx.o(RESET) refers to wdg.o(i.TIM7_IRQHandler) for TIM7_IRQHandler
    startup_stm32h743xx.o(RESET) refers to serial.o(i.DMA2_Stream2_IRQHandler) for DMA2_Stream2_IRQHandler
    startup_stm32h743xx.o(.text) refers to system_stm32h7xx.o(i.SystemInit) for SystemInit
    startup_stm32h743xx.o(.text) refers to entry.o(.ARM.Collect$$$$00000000) for __main
    silde_mode_controller.o(i.Attitude_Controller) refers to silde_mode_controller.o(i.sat) for sat
    silde_mode_controller.o(i.Attitude_Controller) refers to silde_mode_controller.o(i.custom_fmax) for custom_fmax
    silde_mode_controller.o(i.Attitude_Controller) refers to silde_mode_controller.o(i.custom_fmin) for custom_fmin
    silde_mode_controller.o(i.Attitude_Controller) refers to silde_mode_controller.o(.data) for a_c_f
    silde_mode_controller.o(i.InitConstantsToFloat) refers to silde_mode_controller.o(.data) for mass_f
    silde_mode_controller.o(i.InitController) refers to memseta.o(.text) for __aeabi_memclr4
    silde_mode_controller.o(i.InitController) refers to fan.o(i.Fan_Rotation_Control) for Fan_Rotation_Control
    silde_mode_controller.o(i.InitController) refers to fan.o(.bss) for Fan_Control_duty_rate
    silde_mode_controller.o(i.InitController) refers to silde_mode_controller.o(.bss) for ctrl_output
    silde_mode_controller.o(i.Position_Controller) refers to silde_mode_controller.o(i.update_Rsb) for update_Rsb
    silde_mode_controller.o(i.Position_Controller) refers to silde_mode_controller.o(i.sat) for sat
    silde_mode_controller.o(i.Position_Controller) refers to silde_mode_controller.o(i.custom_fmax) for custom_fmax
    silde_mode_controller.o(i.Position_Controller) refers to silde_mode_controller.o(i.custom_fmin) for custom_fmin
[...]
    i.compute_gradient                       0x08007cd8   Section        0  pgd.o(i.compute_gradient)
    i.compute_objective                      0x08007d94   Section        0  pgd.o(i.compute_objective)
    i.compute_residual                       0x08007df8   Section        0  pgd.o(i.compute_residual)
    i.crc16_be_acc                           0x08008090   Section        0  protocol.o(i.crc16_be_acc)
    crc16_be_acc                             0x08008091   Thumb Code   122  protocol.o(i.crc16_be_acc)
    i.custom_fmax                            0x0800818c   Section        0  silde_mode_controller.o(i.custom_fmax)
    custom_fmax                              0x0800818d   Thumb Code    12  silde_mode_controller.o(i.custom_fmax)
    i.custom_fmin                            0x08008198   Section        0  silde_mode_controller.o(i.custom_fmin)
    custom_fmin                              0x08008199   Thumb Code    12  silde_mode_controller.o(i.custom_fmin)
    i.delay_init                             0x080081a4   Section        0  delay.o(i.delay_init)
    i.fifo_cnt                               0x080081b8   Section        0  serial.o(i.fifo_cnt)
    fifo_cnt                                 0x080081b9   Thumb Code    14  serial.o(i.fifo_cnt)
    i.fifo_put_multi                         0x080081d0   Section        0  serial.o(i.fifo_put_multi)
    fifo_put_multi                           0x080081d1   Thumb Code   108  serial.o(i.fifo_put_multi)
    i.frame_extract                          0x08008244   Section        0  protocol.o(i.frame_extract)
    i.gpio_init                              0x080083e0   Section        0  serial.o(i.gpio_init)
    gpio_init                                0x080083e1   Thumb Code    58  serial.o(i.gpio_init)
    i.is_in_column_space                     0x0800841c   Section        0  pgd.o(i.is_in_column_space)
    i.main                                   0x08008520   Section        0  main.o(i.main)
    i.parse_data                             0x080085b8   Section        0  protocol.o(i.parse_data)
    i.print_vector                           0x080087c0   Section        0  pgd.o(i.print_vector)
    i.project_target                         0x08008810   Section        0  pgd.o(i.project_target)
    i.projected_gradient_descent             0x080088c4   Section        0  pgd.o(i.projected_gradient_descent)
    i.proto_init_buffers                     0x08008d28   Section        0  protocol.o(i.proto_init_buffers)
    i.proto_poll                             0x08008d40   Section        0  protocol.o(i.proto_poll)
    i.proto_ringbuf_push                     0x08008dd0   Section        0  protocol.o(i.proto_ringbuf_push)
    i.rb_pop                                 0x08008e24   Section        0  protocol.o(i.rb_pop)
    rb_pop                                   0x08008e25   Thumb Code    20  protocol.o(i.rb_pop)
    i.rb_reset                               0x08008e38   Section        0  serial.o(i.rb_reset)
    rb_reset                                 0x08008e39   Thumb Code     8  serial.o(i.rb_reset)
    i.sat                                    0x08008e40   Section        0  silde_mode_controller.o(i.sat)
    sat                                      0x08008e41   Thumb Code    46  silde_mode_controller.o(i.sat)
    i.send_info                              0x08008e70   Section        0  protocol.o(i.send_info)
    i.uart1_start_dma_tx                     0x0800932c   Section        0  serial.o(i.uart1_start_dma_tx)
    uart1_start_dma_tx                       0x0800932d   Thumb Code    86  serial.o(i.uart1_start_dma_tx)
    i.uart_basic                             0x08009398   Section        0  serial.o(i.uart_basic)
    uart_basic                               0x08009399   Thumb Code    52  serial.o(i.uart_basic)
    i.uart_write_dma                         0x080093cc   Section        0  serial.o(i.uart_write_dma)
    i.update_Rsb                             0x0800944c   Section        0  silde_mode_controller.o(i.update_Rsb)
    .constdata                               0x08009524   Section       64  system_stm32h7xx.o(.constdata)
    UARTPrescTable                           0x08009524   Data          24  system_stm32h7xx.o(.constdata)
    USARTPrescTable                          0x0800953c   Data          24  system_stm32h7xx.o(.constdata)
    .constdata                               0x08009564   Section       56  stm32h7xx_hal_dma.o(.constdata)
    UARTPrescTable                           0x08009564   Data          24  stm32h7xx_hal_dma.o(.constdata)
    USARTPrescTable                          0x0800957c   Data          24  stm32h7xx_hal_dma.o(.constdata)
    flagBitshiftOffset                       0x08009594   Data           8  stm32h7xx_hal_dma.o(.constdata)
    .constdata                               0x0800959c   Section       48  stm32h7xx_hal_uart.o(.constdata)
    UARTPrescTable                           0x0800959c   Data          24  stm32h7xx_hal_uart.o(.constdata)
    USARTPrescTable                          0x080095b4   Data          24  stm32h7xx_hal_uart.o(.constdata)
    .constdata                               0x080095d0   Section     1200  pgd.o(.constdata)
    UARTPrescTable                           0x080095d0   Data          24  pgd.o(.constdata)
    USARTPrescTable                          0x080095e8   Data          24  pgd.o(.constdata)
    .constdata                               0x08009a80   Section       32  rredf.o(.constdata)
    twooverpi                                0x08009a80   Data          32  rredf.o(.constdata)
    .constdata                               0x08009aa0   Section       64  ctype_c.o(.constdata)
    .conststring                             0x08009ae0   Section      138  main.o(.conststring)
    .conststring                             0x08009b6c   Section     2151  protocol.o(.conststring)
    .conststring                             0x0800a3d4   Section       66  pgd.o(.conststring)
    .data                                    0x24000000   Section        8  system_stm32h7xx.o(.data)
    .data                                    0x24000008   Section       65  silde_mode_controller.o(.data)
    mass_f                                   0x24000008   Data           4  silde_mode_controller.o(.data)
    ixx_f                                    0x2400000c   Data           4  silde_mode_controller.o(.data)
    iyy_f                                    0x24000010   Data           4  silde_mode_controller.o(.data)
    izz_f                                    0x24000014   Data           4  silde_mode_controller.o(.data)
    fmax_f                                   0x24000018   Data           4  silde_mode_controller.o(.data)
    d_f                                      0x2400001c   Data           4  silde_mode_controller.o(.data)
    epsilon_x_f                              0x24000020   Data           4  silde_mode_controller.o(.data)
    epsilon_y_f                              0x24000024   Data           4  silde_mode_controller.o(.data)
    epsilon_z_f                              0x24000028   Data           4  silde_mode_controller.o(.data)
    epsilon_phi_f                            0x2400002c   Data           4  silde_mode_controller.o(.data)
    epsilon_theta_f                          0x24000030   Data           4  silde_mode_controller.o(.data)
    epsilon_psi_f                            0x24000034   Data           4  silde_mode_controller.o(.data)
    p_c_f                                    0x24000038   Data           4  silde_mode_controller.o(.data)
    a_c_f                                    0x2400003c   Data           4  silde_mode_controller.o(.data)
    p_delta_f                                0x24000040   Data           4  silde_mode_controller.o(.data)
    a_delta_f                                0x24000044   Data           4  silde_mode_controller.o(.data)
    .data                                    0x2400004c   Section        4  delay.o(.data)
    fac_us                                   0x2400004c   Data           4  delay.o(.data)
    .data                                    0x24000050   Section       22  serial.o(.data)
    rx1_byte                                 0x24000058   Data           1  serial.o(.data)
    dma_inflight                             0x24000059   Data           1  serial.o(.data)
    prev_ndtr                                0x2400005a   Data           2  serial.o(.data)
    dma_tail                                 0x2400005c   Data           2  serial.o(.data)
    dbg_rx_idx                               0x2400005e   Data           2  serial.o(.data)
    dbg_cmd_ready                            0x24000060   Data           1  serial.o(.data)
    .data                                    0x24000068   Section       76  protocol.o(.data)
    last_seq                                 0x240000a8   Data           4  protocol.o(.data)
    last_crc_us                              0x240000ac   Data           4  protocol.o(.data)
    last_info_ms                             0x240000b0   Data           4  protocol.o(.data)
    .data                                    0x240000b4   Section        9  stm32h7xx_hal.o(.data)
    uwTick                                   0x240000b4   Data           4  stm32h7xx_hal.o(.data)
    uwTickPrio                               0x240000b8   Data           4  stm32h7xx_hal.o(.data)
    uwTickFreq                               0x240000bc   Data           1  stm32h7xx_hal.o(.data)
    .data                                    0x240000c0   Section       24  timer.o(.data)
    .data                                    0x240000d8   Section        8  fan.o(.data)
    .data                                    0x240000e0   Section       20  pgd.o(.data)
    .data                                    0x240000f4   Section        8  wdg.o(.data)
    .data                                    0x240000fc   Section        4  errno.o(.data)
    _errno                                   0x240000fc   Data           4  errno.o(.data)
    .bss                                     0x24000100   Section      348  silde_mode_controller.o(.bss)
    .bss                                     0x2400025c   Section      560  serial.o(.bss)
    dbg_rx_buf                               0x2400044c   Data          64  serial.o(.bss)
    .bss                                     0x2400048c   Section     4096  protocol.o(.bss)
    outbuf                                   0x2400048c   Data        4096  protocol.o(.bss)
    .bss                                     0x2400148c   Section      432  timer.o(.bss)
    .bss                                     0x24001640   Section      248  fan.o(.bss)
    PGD_solution                             0x240016d8   Data          96  fan.o(.bss)
    .bss                                     0x24001738   Section      432  pgd.o(.bss)
    .bss                                     0x240018e8   Section       80  wdg.o(.bss)
    STACK                                    0x24001938   Section     1024  startup_stm32h743xx.o(STACK)
    .dma_nc                                  0x30000000   Section     9216  serial.o(.dma_nc)
    .dma_nc                                  0x30002400   Section     1024  protocol.o(.dma_nc)
    proto_mem                                0x30002400   Data        1024  protocol.o(.dma_nc)

    Global Symbols

    Symbol Name                              Value     Ov Type        Size  Object(Section)

    BuildAttributes$$THM_ISAv4$E$P$D$K$B$S$7EM$VFPv5_D16$PE$PLD8$A:L22UL41UL21$X:L11$S22US41US21$IEEE1$IW$USESV6$~STKCKD$USESV7$~SHL$OTIME$ROPI$IEEEX$EBA8$MICROLIB$REQ8$PRES8$EABIv2 0x00000000   Number         0  anon$$obj.o ABSOLUTE
    __ARM_use_no_argv                        0x00000000   Number         0  main.o ABSOLUTE
    _printf_a                                0x00000000   Number         0  stubs.o ABSOLUTE
    _printf_c                                0x00000000   Number         0  stubs.o ABSOLUTE
    _printf_charcount                        0x00000000   Number         0  stubs.o ABSOLUTE
    _printf_d                                0x00000000   Number         0  stubs.o ABSOLUTE
    _printf_e                                0x00000000   Number         0  stubs.o ABSOLUTE
    _printf_f                                0x00000000   Number         0  stubs.o ABSOLUTE
    _printf_flags                            0x00000000   Number         0  stubs.o ABSOLUTE
    _printf_fp_dec                           0x00000000   Number         0  stubs.o ABSOLUTE
    _printf_fp_hex                           0x00000000   Number         0  stubs.o ABSOLUTE
    _printf_g                                0x00000000   Number         0  stubs.o ABSOLUTE
    _printf_i                                0x00000000   Number         0  stubs.o ABSOLUTE
    _printf_int_dec                          0x00000000   Number         0  stubs.o ABSOLUTE
    _printf_l                                0x00000000   Number         0  stubs.o ABSOLUTE
    _printf_lc                               0x00000000   Number         0  stubs.o ABSOLUTE
    _printf_ll                               0x00000000   Number         0  stubs.o ABSOLUTE
    _printf_lld                              0x00000000   Number         0  stubs.o ABSOLUTE
    _printf_lli                              0x00000000   Number         0  stubs.o ABSOLUTE
    _printf_llo                              0x00000000   Number         0  stubs.o ABSOLUTE
    _printf_llu                              0x00000000   Number         0  stubs.o ABSOLUTE
    _printf_llx                              0x00000000   Number         0  stubs.o ABSOLUTE
    _printf_longlong_dec                     0x00000000   Number         0  stubs.o ABSOLUTE
    _printf_longlong_hex                     0x00000000   Number         0  stubs.o ABSOLUTE
    _printf_longlong_oct                     0x00000000   Number         0  stubs.o ABSOLUTE
    _printf_ls                               0x00000000   Number         0  stubs.o ABSOLUTE
    _printf_mbtowc                           0x00000000   Number         0  stubs.o ABSOLUTE
    _printf_n                                0x00000000   Number         0  stubs.o ABSOLUTE
    _printf_o                                0x00000000   Number         0  stubs.o ABSOLUTE
    _printf_p                                0x00000000   Number         0  stubs.o ABSOLUTE
    _printf_percent                          0x00000000   Number         0  stubs.o ABSOLUTE
    _printf_pre_padding                      0x00000000   Number         0  stubs.o ABSOLUTE
    _printf_return_value                     0x00000000   Number         0  stubs.o ABSOLUTE
    _printf_s                                0x00000000   Number         0  stubs.o ABSOLUTE
    _printf_sizespec                         0x00000000   Number         0  stubs.o ABSOLUTE
    _printf_str                              0x00000000   Number         0  stubs.o ABSOLUTE
    _printf_truncate_signed                  0x00000000   Number         0  stubs.o ABSOLUTE
    _printf_truncate_unsigned                0x00000000   Number         0  stubs.o ABSOLUTE
    _printf_u                                0x00000000   Number         0  stubs.o ABSOLUTE
    _printf_wc                               0x00000000   Number         0  stubs.o ABSOLUTE
    _printf_wctomb                           0x00000000   Number         0  stubs.o ABSOLUTE
    _printf_widthprec                        0x00000000   Number         0  stubs.o ABSOLUTE
    _printf_x                                0x00000000   Number         0  stubs.o ABSOLUTE
    __cpp_initialize__aeabi_                  - Undefined Weak Reference
    __cxa_finalize                            - Undefined Weak Reference
    _clock_init                               - Undefined Weak Reference
    _microlib_exit                            - Undefined Weak Reference
    _scanf_longlong                           - Undefined Weak Reference
    _scanf_real                               - Undefined Weak Reference
    _scanf_string                             - Undefined Weak Reference
    __Vectors_Size                           0x00000298   Number         0  startup_stm32h743xx.o ABSOLUTE
    __Vectors                                0x08000000   Data           4  startup_stm32h743xx.o(RESET)
    __Vectors_End                            0x08000298   Data           0  startup_stm32h743xx.o(RESET)
    __main                                   0x08000299   Thumb Code     0  entry.o(.ARM.Collect$$$$00000000)
    _main_stk                                0x08000299   Thumb Code     0  entry2.o(.ARM.Collect$$$$00000001)
    _main_scatterload                        0x0800029d   Thumb Code     0  entry5.o(.ARM.Collect$$$$00000004)
    __main_after_scatterload                 0x080002a1   Thumb Code     0  entry5.o(.ARM.Collect$$$$00000004)
    _main_clock                              0x080002a1   Thumb Code     0  entry7b.o(.ARM.Collect$$$$00000008)
    _main_cpp_init                           0x080002a1   Thumb Code     0  entry8b.o(.ARM.Collect$$$$0000000A)
    _main_init                               0x080002a1   Thumb Code     0  entry9a.o(.ARM.Collect$$$$0000000B)
    __rt_final_cpp                           0x080002a9   Thumb Code     0  entry10a.o(.ARM.Collect$$$$0000000D)
    __rt_final_exit                          0x080002a9   Thumb Code     0  entry11a.o(.ARM.Collect$$$$0000000F)
    Reset_Handler                            0x080002ad   Thumb Code     8  startup_stm32h743xx.o(.text)
    ADC3_IRQHandler                          0x080002c7   Thumb Code     0  startup_stm32h743xx.o(.text)
    ADC_IRQHandler                           0x080002c7   Thumb Code     0  startup_stm32h743xx.o(.text)
    BDMA_Channel0_IRQHandler                 0x080002c7   Thumb Code     0  startup_stm32h743xx.o(.text)
    BDMA_Channel1_IRQHandler                 0x080002c7   Thumb Code     0  startup_stm32h743xx.o(.text)
    BDMA_Channel2_IRQHandler                 0x080002c7   Thumb Code     0  startup_stm32h743xx.o(.text)
    BDMA_Channel3_IRQHandler                 0x080002c7   Thumb Code     0  startup_stm32h743xx.o(.text)
    BDMA_Channel4_IRQHandler                 0x080002c7   Thumb Code     0  startup_stm32h743xx.o(.text)
    BDMA_Channel5_IRQHandler                 0x080002c7   Thumb Code     0  startup_stm32h743xx.o(.text)
    BDMA_Channel6_IRQHandler                 0x080002c7   Thumb Code     0  startup_stm32h743xx.o(.text)
    BDMA_Channel7_IRQHandler                 0x080002c7   Thumb Code     0  startup_stm32h743xx.o(.text)
    CEC_IRQHandler                           0x080002c7   Thumb Code     0  startup_stm32h743xx.o(.text)
    COMP1_IRQHandler                         0x080002c7   Thumb Code     0  startup_stm32h743xx.o(.text)
    CRS_IRQHandler                           0x080002c7   Thumb Code     0  startup_stm32h743xx.o(.text)
    DCMI_IRQHandler                          0x080002c7   Thumb Code     0  startup_stm32h743xx.o(.text)
    DFSDM1_FLT0_IRQHandler                   0x080002c7   Thumb Code     0  startup_stm32h743xx.o(.text)
    DFSDM1_FLT1_IRQHandler                   0x080002c7   Thumb Code     0  startup_stm32h743xx.o(.text)
    DFSDM1_FLT2_IRQHandler                   0x080002c7   Thumb Code     0  startup_stm32h743xx.o(.text)
    DFSDM1_FLT3_IRQHandler                   0x080002c7   Thumb Code     0  startup_stm32h743xx.o(.text)
    DMA1_Stream0_IRQHandler                  0x080002c7   Thumb Code     0  startup_stm32h743xx.o(.text)
    DMA1_Stream1_IRQHandler                  0x080002c7   Thumb Code     0  startup_stm32h743xx.o(.text)
    DMA1_Stream2_IRQHandler                  0x080002c7   Thumb Code     0  startup_stm32h743xx.o(.text)
    DMA1_Stream3_IRQHandler                  0x080002c7   Thumb Code     0  startup_stm32h743xx.o(.text)
    DMA1_Stream4_IRQHandler                  0x080002c7   Thumb Code     0  startup_stm32h743xx.o(.text)
    DMA1_Stream6_IRQHandler                  0x080002c7   Thumb Code     0  startup_stm32h743xx.o(.text)
    DMA1_Stream7_IRQHandler                  0x080002c7   Thumb Code     0  startup_stm32h743xx.o(.text)
    DMA2D_IRQHandler                         0x080002c7   Thumb Code     0  startup_stm32h743xx.o(.text)
    DMA2_Stream0_IRQHandler                  0x080002c7   Thumb Code     0  startup_stm32h743xx.o(.text)
    DMA2_Stream1_IRQHandler                  0x080002c7   Thumb Code     0  startup_stm32h743xx.o(.text)
    DMA2_Stream3_IRQHandler                  0x080002c7   Thumb Code     0  startup_stm32h743xx.o(.text)
    DMA2_Stream4_IRQHandler                  0x080002c7   Thumb Code     0  startup_stm32h743xx.o(.text)
    DMA2_Stream5_IRQHandler                  0x080002c7   Thumb Code     0  startup_stm32h743xx.o(.text)
    DMA2_Stream6_IRQHandler                  0x080002c7   Thumb Code     0  startup_stm32h743xx.o(.text)
    DMA2_Stream7_IRQHandler                  0x080002c7   Thumb Code     0  startup_stm32h743xx.o(.text)
    DMAMUX1_OVR_IRQHandler                   0x080002c7   Thumb Code     0  startup_stm32h743xx.o(.text)
    DMAMUX2_OVR_IRQHandler                   0x080002c7   Thumb Code     0  startup_stm32h743xx.o(.text)
    ETH_IRQHandler                           0x080002c7   Thumb Code     0  startup_stm32h743xx.o(.text)
    ETH_WKUP_IRQHandler                      0x080002c7   Thumb Code     0  startup_stm32h743xx.o(.text)
    EXTI0_IRQHandler                         0x080002c7   Thumb Code     0  startup_stm32h743xx.o(.text)
    EXTI15_10_IRQHandler                     0x080002c7   Thumb Code     0  startup_stm32h743xx.o(.text)
    EXTI1_IRQHandler                         0x080002c7   Thumb Code     0  startup_stm32h743xx.o(.text)
    EXTI2_IRQHandler                         0x080002c7   Thumb Code     0  startup_stm32h743xx.o(.text)
    EXTI3_IRQHandler                         0x080002c7   Thumb Code     0  startup_stm32h743xx.o(.text)
    EXTI4_IRQHandler                         0x080002c7   Thumb Code     0  startup_stm32h743xx.o(.text)
    EXTI9_5_IRQHandler                       0x080002c7   Thumb Code     0  startup_stm32h743xx.o(.text)
    FDCAN1_IT0_IRQHandler                    0x080002c7   Thumb Code     0  startup_stm32h743xx.o(.text)
    FDCAN1_IT1_IRQHandler                    0x080002c7   Thumb Code     0  startup_stm32h743xx.o(.text)
    FDCAN2_IT0_IRQHandler                    0x080002c7   Thumb Code     0  startup_stm32h743xx.o(.text)
    FDCAN2_IT1_IRQHandler                    0x080002c7   Thumb Code     0  startup_stm32h743xx.o(.text)
    FDCAN_CAL_IRQHandler                     0x080002c7   Thumb Code     0  startup_stm32h743xx.o(.text)
    FLASH_IRQHandler                         0x080002c7   Thumb Code     0  startup_stm32h743xx.o(.text)
    FMC_IRQHandler                           0x080002c7   Thumb Code     0  startup_stm32h743xx.o(.text)
    FPU_IRQHandler                           0x080002c7   Thumb Code     0  startup_stm32h743xx.o(.text)
    HRTIM1_FLT_IRQHandler                    0x080002c7   Thumb Code     0  startup_stm32h743xx.o(.text)
    HRTIM1_Master_IRQHandler                 0x080002c7   Thumb Code     0  startup_stm32h743xx.o(.text)
    HRTIM1_TIMA_IRQHandler                   0x080002c7   Thumb Code     0  startup_stm32h743xx.o(.text)
    HRTIM1_TIMB_IRQHandler                   0x080002c7   Thumb Code     0  startup_stm32h743xx.o(.text)
    HRTIM1_TIMC_IRQHandler                   0x080002c7   Thumb Code     0  startup_stm32h743xx.o(.text)
    HRTIM1_TIMD_IRQHandler                   0x080002c7   Thumb Code     0  startup_stm32h743xx.o(.text)
    HRTIM1_TIME_IRQHandler                   0x080002c7   Thumb Code     0  startup_stm32h743xx.o(.text)
    HSEM1_IRQHandler                         0x080002c7   Thumb Code     0  startup_stm32h743xx.o(.text)
    I2C1_ER_IRQHandler                       0x080002c7   Thumb Code     0  startup_stm32h743xx.o(.text)
    I2C1_EV_IRQHandler                       0x080002c7   Thumb Code     0  startup_stm32h743xx.o(.text)
    I2C2_ER_IRQHandler                       0x080002c7   Thumb Code     0  startup_stm32h743xx.o(.text)
    I2C2_EV_IRQHandler                       0x080002c7   Thumb Code     0  startup_stm32h743xx.o(.text)
    I2C3_ER_IRQHandler                       0x080002c7   Thumb Code     0  startup_stm32h743xx.o(.text)
    I2C3_EV_IRQHandler                       0x080002c7   Thumb Code     0  startup_stm32h743xx.o(.text)
    I2C4_ER_IRQHandler                       0x080002c7   Thumb Code     0  startup_stm32h743xx.o(.text)
    I2C4_EV_IRQHandler                       0x080002c7   Thumb Code     0  startup_stm32h743xx.o(.text)
    JPEG_IRQHandler                          0x080002c7   Thumb Code     0  startup_stm32h743xx.o(.text)
    LPTIM1_IRQHandler                        0x080002c7   Thumb Code     0  startup_stm32h743xx.o(.text)
    LPTIM2_IRQHandler                        0x080002c7   Thumb Code     0  startup_stm32h743xx.o(.text)
    LPTIM3_IRQHandler                        0x080002c7   Thumb Code     0  startup_stm32h743xx.o(.text)
    LPTIM4_IRQHandler                        0x080002c7   Thumb Code     0  startup_stm32h743xx.o(.text)
    LPTIM5_IRQHandler                        0x080002c7   Thumb Code     0  startup_stm32h743xx.o(.text)
    LPUART1_IRQHandler                       0x080002c7   Thumb Code     0  startup_stm32h743xx.o(.text)
    LTDC_ER_IRQHandler                       0x080002c7   Thumb Code     0  startup_stm32h743xx.o(.text)
    LTDC_IRQHandler                          0x080002c7   Thumb Code     0  startup_stm32h743xx.o(.text)
    MDIOS_IRQHandler                         0x080002c7   Thumb Code     0  startup_stm32h743xx.o(.text)
    MDIOS_WKUP_IRQHandler                    0x080002c7   Thumb Code     0  startup_stm32h743xx.o(.text)
    MDMA_IRQHandler                          0x080002c7   Thumb Code     0  startup_stm32h743xx.o(.text)
    OTG_FS_EP1_IN_IRQHandler                 0x080002c7   Thumb Code     0  startup_stm32h743xx.o(.text)
    OTG_FS_EP1_OUT_IRQHandler                0x080002c7   Thumb Code     0  startup_stm32h743xx.o(.text)
    OTG_FS_IRQHandler                        0x080002c7   Thumb Code     0  startup_stm32h743xx.o(.text)
    OTG_FS_WKUP_IRQHandler                   0x080002c7   Thumb Code     0  startup_stm32h743xx.o(.text)
    OTG_HS_EP1_IN_IRQHandler                 0x080002c7   Thumb Code     0  startup_stm32h743xx.o(.text)
    OTG_HS_EP1_OUT_IRQHandler                0x080002c7   Thumb Code     0  startup_stm32h743xx.o(.text)
    OTG_HS_IRQHandler                        0x080002c7   Thumb Code     0  startup_stm32h743xx.o(.text)
    OTG_HS_WKUP_IRQHandler                   0x080002c7   Thumb Code     0  startup_stm32h743xx.o(.text)
    PVD_AVD_IRQHandler                       0x080002c7   Thumb Code     0  startup_stm32h743xx.o(.text)
    QUADSPI_IRQHandler                       0x080002c7   Thumb Code     0  startup_stm32h743xx.o(.text)
    RCC_IRQHandler                           0x080002c7   Thumb Code     0  startup_stm32h743xx.o(.text)
    RNG_IRQHandler                           0x080002c7   Thumb Code     0  startup_stm32h743xx.o(.text)
    RTC_Alarm_IRQHandler                     0x080002c7   Thumb Code     0  startup_stm32h743xx.o(.text)
    RTC_WKUP_IRQHandler                      0x080002c7   Thumb Code     0  startup_stm32h743xx.o(.text)
    SAI1_IRQHandler                          0x080002c7   Thumb Code     0  startup_stm32h743xx.o(.text)
    SAI2_IRQHandler                          0x080002c7   Thumb Code     0  startup_stm32h743xx.o(.text)
    SAI3_IRQHandler                          0x080002c7   Thumb Code     0  startup_stm32h743xx.o(.text)
    SAI4_IRQHandler                          0x080002c7   Thumb Code     0  startup_stm32h743xx.o(.text)
    SDMMC1_IRQHandler                        0x080002c7   Thumb Code     0  startup_stm32h743xx.o(.text)
    SDMMC2_IRQHandler                        0x080002c7   Thumb Code     0  startup_stm32h743xx.o(.text)
    SPDIF_RX_IRQHandler                      0x080002c7   Thumb Code     0  startup_stm32h743xx.o(.text)
    SPI1_IRQHandler                          0x080002c7   Thumb Code     0  startup_stm32h743xx.o(.text)
    SPI2_IRQHandler                          0x080002c7   Thumb Code     0  startup_stm32h743xx.o(.text)
    SPI3_IRQHandler                          0x080002c7   Thumb Code     0  startup_stm32h743xx.o(.text)
    SPI4_IRQHandler                          0x080002c7   Thumb Code     0  startup_stm32h743xx.o(.text)
    SPI5_IRQHandler                          0x080002c7   Thumb Code     0  startup_stm32h743xx.o(.text)
    SPI6_IRQHandler                          0x080002c7   Thumb Code     0  startup_stm32h743xx.o(.text)
    SWPMI1_IRQHandler                        0x080002c7   Thumb Code     0  startup_stm32h743xx.o(.text)
    TAMP_STAMP_IRQHandler                    0x080002c7   Thumb Code     0  startup_stm32h743xx.o(.text)
    TIM15_IRQHandler                         0x080002c7   Thumb Code     0  startup_stm32h743xx.o(.text)
    TIM16_IRQHandler                         0x080002c7   Thumb Code     0  startup_stm32h743xx.o(.text)
    TIM17_IRQHandler                         0x080002c7   Thumb Code     0  startup_stm32h743xx.o(.text)
    TIM1_BRK_IRQHandler                      0x080002c7   Thumb Code     0  startup_stm32h743xx.o(.text)
    TIM1_CC_IRQHandler                       0x080002c7   Thumb Code     0  startup_stm32h743xx.o(.text)
    TIM1_TRG_COM_IRQHandler                  0x080002c7   Thumb Code     0  startup_stm32h743xx.o(.text)
    TIM1_UP_IRQHandler                       0x080002c7   Thumb Code     0  startup_stm32h743xx.o(.text)
    TIM2_IRQHandler                          0x080002c7   Thumb Code     0  startup_stm32h743xx.o(.text)
    TIM3_IRQHandler                          0x080002c7   Thumb Code     0  startup_stm32h743xx.o(.text)
    TIM4_IRQHandler                          0x080002c7   Thumb Code     0  startup_stm32h743xx.o(.text)
    TIM5_IRQHandler                          0x080002c7   Thumb Code     0  startup_stm32h743xx.o(.text)
    TIM8_BRK_TIM12_IRQHandler                0x080002c7   Thumb Code     0  startup_stm32h743xx.o(.text)
    TIM8_CC_IRQHandler                       0x080002c7   Thumb Code     0  startup_stm32h743xx.o(.text)
    TIM8_TRG_COM_TIM14_IRQHandler            0x080002c7   Thumb Code     0  startup_stm32h743xx.o(.text)
    TIM8_UP_TIM13_IRQHandler                 0x080002c7   Thumb Code     0  startup_stm32h743xx.o(.text)
    UART4_IRQHandler                         0x080002c7   Thumb Code     0  startup_stm32h743xx.o(.text)
    UART5_IRQHandler                         0x080002c7   Thumb Code     0  startup_stm32h743xx.o(.text)
    UART7_IRQHandler                         0x080002c7   Thumb Code     0  startup_stm32h743xx.o(.text)
    UART8_IRQHandler                         0x080002c7   Thumb Code     0  startup_stm32h743xx.o(.text)
    USART3_IRQHandler                        0x080002c7   Thumb Code     0  startup_stm32h743xx.o(.text)
    USART6_IRQHandler                        0x080002c7   Thumb Code     0  startup_stm32h743xx.o(.text)
    WAKEUP_PIN_IRQHandler                    0x080002c7   Thumb Code     0  startup_stm32h743xx.o(.text)
    WWDG_IRQHandler                          0x080002c7   Thumb Code     0  startup_stm32h743xx.o(.text)
    __aeabi_uldivmod                         0x080002d1   Thumb Code    98  uldiv.o(.text)
    __aeabi_memcpy                           0x08000333   Thumb Code    36  memcpya.o(.text)
    __aeabi_memcpy4                          0x08000333   Thumb Code     0  memcpya.o(.text)
    __aeabi_memcpy8                          0x08000333   Thumb Code     0  memcpya.o(.text)
    __aeabi_memset                           0x08000357   Thumb Code    14  memseta.o(.text)
    __aeabi_memset4                          0x08000357   Thumb Code     0  memseta.o(.text)
    __aeabi_memset8                          0x08000357   Thumb Code     0  memseta.o(.text)
    __aeabi_memclr                           0x08000365   Thumb Code     4  memseta.o(.text)
    __aeabi_memclr4                          0x08000365   Thumb Code     0  memseta.o(.text)
    __aeabi_memclr8                          0x08000365   Thumb Code     0  memseta.o(.text)
    _memset$wrapper                          0x08000369   Thumb Code    18  memseta.o(.text)
    __0sscanf                                0x0800037d   Thumb Code    48  __0sscanf.o(.text)
    _scanf_int                               0x080003b5   Thumb Code   332  _scanf_int.o(.text)
    __aeabi_ul2f                             0x08000501   Thumb Code    28  ffltul.o(.text)
    __aeabi_uidiv                            0x0800051d   Thumb Code     0  uidiv.o(.text)
    __aeabi_uidivmod                         0x0800051d   Thumb Code    44  uidiv.o(.text)
    __aeabi_llsl                             0x08000549   Thumb Code    30  llshl.o(.text)
    _ll_shift_l                              0x08000549   Thumb Code     0  llshl.o(.text)
    __aeabi_llsr                             0x08000567   Thumb Code    32  llushr.o(.text)
    _ll_ushift_r                             0x08000567   Thumb Code     0  llushr.o(.text)
    _chval                                   0x08000587   Thumb Code    28  _chval.o(.text)
    __vfscanf_char                           0x080005b1   Thumb Code    20  scanf_char.o(.text)
    _sgetc                                   0x080005cd   Thumb Code    30  _sgetc.o(.text)
    _sbackspace                              0x080005eb   Thumb Code    34  _sgetc.o(.text)
    __I$use$fp                               0x0800060d   Thumb Code     0  iusefp.o(.text)
    _float_round                             0x0800060d   Thumb Code    18  fepilogue.o(.text)
    _float_epilogue                          0x0800061f   Thumb Code    92  fepilogue.o(.text)
    __aeabi_dadd                             0x0800067b   Thumb Code   322  dadd.o(.text)
    __aeabi_dsub                             0x080007bd   Thumb Code     6  dadd.o(.text)
    __aeabi_drsub                            0x080007c3   Thumb Code     6  dadd.o(.text)
    __aeabi_dmul                             0x080007c9   Thumb Code   228  dmul.o(.text)
    __aeabi_ddiv                             0x080008ad   Thumb Code   222  ddiv.o(.text)
    _drnd                                    0x0800098d   Thumb Code   132  drnd.o(.text)
    __aeabi_d2ulz                            0x08000a15   Thumb Code    48  dfixul.o(.text)
    __aeabi_cdrcmple                         0x08000a45   Thumb Code    48  cdrcmple.o(.text)
    __scatterload                            0x08000a75   Thumb Code    28  init.o(.text)
    __scatterload_rt2                        0x08000a75   Thumb Code     0  init.o(.text)
    __aeabi_lasr                             0x08000a99   Thumb Code    36  llsshr.o(.text)
    _ll_sshift_r                             0x08000a99   Thumb Code     0  llsshr.o(.text)
    isspace                                  0x08000abd   Thumb Code    10  isspace_c.o(.text)
    __vfscanf                                0x08000ac9   Thumb Code   808  _scanf.o(.text)
    _double_round                            0x08000df5   Thumb Code    30  depilogue.o(.text)
    _double_epilogue                         0x08000e13   Thumb Code   156  depilogue.o(.text)
    __ctype_lookup                           0x08000eb1   Thumb Code    34  ctype_c.o(.text)
    __decompress                             0x08000ed9   Thumb Code     0  __dczerorl.o(.text)
    __decompress0                            0x08000ed9   Thumb Code    58  __dczerorl.o(.text)
    Attitude_Controller                      0x08000f15   Thumb Code   752  silde_mode_controller.o(i.Attitude_Controller)
    BusFault_Handler                         0x08001235   Thumb Code     4  stm32h7xx_it.o(i.BusFault_Handler)
    Cache_Enable                             0x08001239   Thumb Code    24  sys.o(i.Cache_Enable)
    Calculate_Duty_Rate                      0x08001255   Thumb Code   196  fan.o(i.Calculate_Duty_Rate)
    Calculate_Fan_Speed                      0x08001319   Thumb Code   404  fan.o(i.Calculate_Fan_Speed)
    Calculate_Single_Duty                    0x080015ad   Thumb Code   112  fan.o(i.Calculate_Single_Duty)
    DMA1_Stream5_IRQHandler                  0x08001641   Thumb Code   384  serial.o(i.DMA1_Stream5_IRQHandler)
    DMA2_Stream2_IRQHandler                  0x080017dd   Thumb Code    10  serial.o(i.DMA2_Stream2_IRQHandler)
    DWT_Enable                               0x08001a4d   Thumb Code    36  sys.o(i.DWT_Enable)
    DebugMon_Handler                         0x08001a81   Thumb Code     2  stm32h7xx_it.o(i.DebugMon_Handler)
    Debug_Console_Poll                       0x08001a85   Thumb Code    36  serial.o(i.Debug_Console_Poll)
    Denormalize_solution                     0x08001ab5   Thumb Code   134  pgd.o(i.Denormalize_solution)
    Fan_Rotation_Control                     0x08001b61   Thumb Code    38  fan.o(i.Fan_Rotation_Control)
    HAL_DMA_Abort_IT                         0x08001bb9   Thumb Code   236  stm32h7xx_hal_dma.o(i.HAL_DMA_Abort_IT)
    HAL_DMA_GetError                         0x08001cb1   Thumb Code     6  stm32h7xx_hal_dma.o(i.HAL_DMA_GetError)
    HAL_DMA_IRQHandler                       0x08001cb9   Thumb Code  1094  stm32h7xx_hal_dma.o(i.HAL_DMA_IRQHandler)
    HAL_DMA_Init                             0x08002105   Thumb Code   512  stm32h7xx_hal_dma.o(i.HAL_DMA_Init)
    HAL_DMA_Start_IT                         0x08002315   Thumb Code   328  stm32h7xx_hal_dma.o(i.HAL_DMA_Start_IT)
    HAL_EnableCompensationCell               0x08002465   Thumb Code    14  stm32h7xx_hal.o(i.HAL_EnableCompensationCell)
    HAL_GPIO_Init                            0x08002479   Thumb Code   534  stm32h7xx_hal_gpio.o(i.HAL_GPIO_Init)
    HAL_GetTick                              0x080026c5   Thumb Code     6  stm32h7xx_hal.o(i.HAL_GetTick)
    HAL_IncTick                              0x080026d1   Thumb Code    16  stm32h7xx_hal.o(i.HAL_IncTick)
    HAL_Init                                 0x080026e9   Thumb Code    28  stm32h7xx_hal.o(i.HAL_Init)
    HAL_InitTick                             0x08002705   Thumb Code    64  stm32h7xx_hal.o(i.HAL_InitTick)
    HAL_MPU_ConfigRegion                     0x08002751   Thumb Code    88  stm32h7xx_hal_cortex.o(i.HAL_MPU_ConfigRegion)
    HAL_MPU_Disable                          0x080027ad   Thumb Code    38  stm32h7xx_hal_cortex.o(i.HAL_MPU_Disable)
    HAL_MPU_Enable                           0x080027d9   Thumb Code    58  stm32h7xx_hal_cortex.o(i.HAL_MPU_Enable)
    HAL_MspInit                              0x08002819   Thumb Code     2  stm32h7xx_hal_msp.o(i.HAL_MspInit)
    HAL_NVIC_SetPriority                     0x0800281b   Thumb Code   122  stm32h7xx_hal_cortex.o(i.HAL_NVIC_SetPriority)
    HAL_NVIC_SetPriorityGrouping             0x08002895   Thumb Code    32  stm32h7xx_hal_cortex.o(i.HAL_NVIC_SetPriorityGrouping)
    HAL_RCCEx_GetD1SysClockFreq              0x080028bd   Thumb Code    44  stm32h7xx_hal_rcc_ex.o(i.HAL_RCCEx_GetD1SysClockFreq)
    HAL_RCCEx_GetD3PCLK1Freq                 0x080028f5   Thumb Code    34  stm32h7xx_hal_rcc_ex.o(i.HAL_RCCEx_GetD3PCLK1Freq)
    HAL_RCCEx_GetPLL2ClockFreq               0x08002921   Thumb Code   532  stm32h7xx_hal_rcc_ex.o(i.HAL_RCCEx_GetPLL2ClockFreq)
    HAL_RCCEx_GetPLL3ClockFreq               0x08002b4d   Thumb Code   532  stm32h7xx_hal_rcc_ex.o(i.HAL_RCCEx_GetPLL3ClockFreq)
    HAL_RCC_ClockConfig                      0x08002d79   Thumb Code   574  stm32h7xx_hal_rcc.o(i.HAL_RCC_ClockConfig)
    HAL_RCC_GetHCLKFreq                      0x08002fc9   Thumb Code    42  stm32h7xx_hal_rcc.o(i.HAL_RCC_GetHCLKFreq)
    HAL_RCC_GetPCLK1Freq                     0x08003001   Thumb Code    34  stm32h7xx_hal_rcc.o(i.HAL_RCC_GetPCLK1Freq)
    HAL_RCC_GetPCLK2Freq                     0x0800302d   Thumb Code    36  stm32h7xx_hal_rcc.o(i.HAL_RCC_GetPCLK2Freq)
    HAL_RCC_GetSysClockFreq                  0x08003059   Thumb Code   556  stm32h7xx_hal_rcc.o(i.HAL_RCC_GetSysClockFreq)
    HAL_RCC_OscConfig                        0x0800329d   Thumb Code  1724  stm32h7xx_hal_rcc.o(i.HAL_RCC_OscConfig)
    HAL_SYSTICK_CLKSourceConfig              0x08003961   Thumb Code    40  stm32h7xx_hal_cortex.o(i.HAL_SYSTICK_CLKSourceConfig)
    HAL_SYSTICK_Config                       0x08003989   Thumb Code    52  stm32h7xx_hal_cortex.o(i.HAL_SYSTICK_Config)
    HAL_TIMEx_BreakCallback                  0x080039bd   Thumb Code     2  stm32h7xx_hal_tim_ex.o(i.HAL_TIMEx_BreakCallback)
    HAL_TIMEx_CommutationCallback            0x080039bf   Thumb Code     2  stm32h7xx_hal_tim_ex.o(i.HAL_TIMEx_CommutationCallback)
    HAL_TIM_IC_CaptureCallback               0x080039c1   Thumb Code     2  stm32h7xx_hal_tim.o(i.HAL_TIM_IC_CaptureCallback)
    HAL_TIM_IRQHandler                       0x080039c3   Thumb Code   440  stm32h7xx_hal_tim.o(i.HAL_TIM_IRQHandler)
    HAL_TIM_OC_DelayElapsedCallback          0x08003b7b   Thumb Code     2  stm32h7xx_hal_tim.o(i.HAL_TIM_OC_DelayElapsedCallback)
    HAL_TIM_PWM_ConfigChannel                0x08003b7d   Thumb Code   372  stm32h7xx_hal_tim.o(i.HAL_TIM_PWM_ConfigChannel)
    HAL_TIM_PWM_Init                         0x08003cf1   Thumb Code    52  stm32h7xx_hal_tim.o(i.HAL_TIM_PWM_Init)
    HAL_TIM_PWM_MspInit                      0x08003d25   Thumb Code   444  timer.o(i.HAL_TIM_PWM_MspInit)
    HAL_TIM_PWM_PulseFinishedCallback        0x08003f05   Thumb Code     2  stm32h7xx_hal_tim.o(i.HAL_TIM_PWM_PulseFinishedCallback)
    HAL_TIM_PWM_Start                        0x08003f09   Thumb Code    92  stm32h7xx_hal_tim.o(i.HAL_TIM_PWM_Start)
    HAL_TIM_PeriodElapsedCallback            0x08003f79   Thumb Code   146  timer.o(i.HAL_TIM_PeriodElapsedCallback)
    HAL_TIM_TriggerCallback                  0x08004039   Thumb Code     2  stm32h7xx_hal_tim.o(i.HAL_TIM_TriggerCallback)
    HAL_UARTEx_WakeupCallback                0x0800403b   Thumb Code     2  stm32h7xx_hal_uart_ex.o(i.HAL_UARTEx_WakeupCallback)
    HAL_UART_ErrorCallback                   0x0800403d   Thumb Code   196  serial.o(i.HAL_UART_ErrorCallback)
    HAL_UART_IRQHandler                      0x08004119   Thumb Code   434  stm32h7xx_hal_uart.o(i.HAL_UART_IRQHandler)
    HAL_UART_Init                            0x080042d5   Thumb Code   120  stm32h7xx_hal_uart.o(i.HAL_UART_Init)
    HAL_UART_MspInit                         0x0800434d   Thumb Code     2  stm32h7xx_hal_uart.o(i.HAL_UART_MspInit)
    HAL_UART_Receive_DMA                     0x08004351   Thumb Code   156  stm32h7xx_hal_uart.o(i.HAL_UART_Receive_DMA)
    HAL_UART_Receive_IT                      0x080043f9   Thumb Code   224  stm32h7xx_hal_uart.o(i.HAL_UART_Receive_IT)
    HAL_UART_RxCpltCallback                  0x080044d9   Thumb Code   140  serial.o(i.HAL_UART_RxCpltCallback)
    HAL_UART_RxHalfCpltCallback              0x08004591   Thumb Code     2  stm32h7xx_hal_uart.o(i.HAL_UART_RxHalfCpltCallback)
    HAL_UART_Transmit                        0x08004593   Thumb Code   198  stm32h7xx_hal_uart.o(i.HAL_UART_Transmit)
    HAL_UART_Transmit_DMA                    0x08004659   Thumb Code   142  stm32h7xx_hal_uart.o(i.HAL_UART_Transmit_DMA)
    HAL_UART_TxCpltCallback                  0x080046f5   Thumb Code    46  serial.o(i.HAL_UART_TxCpltCallback)
    HAL_UART_TxHalfCpltCallback              0x08004731   Thumb Code     2  stm32h7xx_hal_uart.o(i.HAL_UART_TxHalfCpltCallback)
    HardFault_Handler                        0x08004733   Thumb Code     4  stm32h7xx_it.o(i.HardFault_Handler)
    InitConstantsToFloat                     0x08004739   Thumb Code   162  silde_mode_controller.o(i.InitConstantsToFloat)
    InitController                           0x0800483d   Thumb Code    34  silde_mode_controller.o(i.InitController)
    MPU_Config_DMA_NC                        0x0800486d   Thumb Code    80  sys.o(i.MPU_Config_DMA_NC)
    MX_USART_Init                            0x080048c1   Thumb Code   622  serial.o(i.MX_USART_Init)
    MemManage_Handler                        0x08004b61   Thumb Code     4  stm32h7xx_it.o(i.MemManage_Handler)
    NMI_Handler                              0x08004b65   Thumb Code     2  stm32h7xx_it.o(i.NMI_Handler)
    PWM_Init                                 0x08004ba9   Thumb Code   276  timer.o(i.PWM_Init)
    PendSV_Handler                           0x08004ced   Thumb Code     2  stm32h7xx_it.o(i.PendSV_Handler)
    Position_Controller                      0x08004cf1   Thumb Code   778  silde_mode_controller.o(i.Position_Controller)
    SVC_Handler                              0x08005329   Thumb Code     2  stm32h7xx_it.o(i.SVC_Handler)
    Set_Fan_PWM                              0x0800532d   Thumb Code   198  fan.o(i.Set_Fan_PWM)
    Stm32_Clock_Init                         0x08005405   Thumb Code   238  sys.o(i.Stm32_Clock_Init)
    SysTick_Handler                          0x080054fd   Thumb Code     8  stm32h7xx_it.o(i.SysTick_Handler)
    SystemInit                               0x08005505   Thumb Code   130  system_stm32h7xx.o(i.SystemInit)
    TIM6_DAC_IRQHandler                      0x08005599   Thumb Code    10  timer.o(i.TIM6_DAC_IRQHandler)
    TIM7_IRQHandler                          0x080055a9   Thumb Code    56  wdg.o(i.TIM7_IRQHandler)
    TIM_Base_SetConfig                       0x0800560d   Thumb Code   172  stm32h7xx_hal_tim.o(i.TIM_Base_SetConfig)
    TIM_CCxChannelCmd                        0x080056d9   Thumb Code    28  stm32h7xx_hal_tim.o(i.TIM_CCxChannelCmd)
    TIM_OC1_SetConfig                        0x080056f5   Thumb Code   152  stm32h7xx_hal_tim.o(i.TIM_OC1_SetConfig)
    TIM_OC2_SetConfig                        0x080057a5   Thumb Code   162  stm32h7xx_hal_tim.o(i.TIM_OC2_SetConfig)
    TIM_OC3_SetConfig                        0x08005861   Thumb Code   160  stm32h7xx_hal_tim.o(i.TIM_OC3_SetConfig)
    TIM_OC4_SetConfig                        0x08005915   Thumb Code    98  stm32h7xx_hal_tim.o(i.TIM_OC4_SetConfig)
    TIM_SetCompare                           0x08005a71   Thumb Code   116  timer.o(i.TIM_SetCompare)
    TIMx_PWM_Init                            0x08005ae9   Thumb Code    78  timer.o(i.TIMx_PWM_Init)
    UART_AdvFeatureConfig                    0x08005b49   Thumb Code   234  stm32h7xx_hal_uart.o(i.UART_AdvFeatureConfig)
    UART_CheckIdleState                      0x08005c33   Thumb Code   116  stm32h7xx_hal_uart.o(i.UART_CheckIdleState)
    UART_SetConfig                           0x08005e91   Thumb Code  2452  stm32h7xx_hal_uart.o(i.UART_SetConfig)
    UART_WaitOnFlagUntilTimeout              0x080068b7   Thumb Code   108  stm32h7xx_hal_uart.o(i.UART_WaitOnFlagUntilTimeout)
    USART1_IRQHandler                        0x08006925   Thumb Code    30  serial.o(i.USART1_IRQHandler)
    USART2_IRQHandler                        0x08006949   Thumb Code   192  serial.o(i.USART2_IRQHandler)
    USART_SendFormatted                      0x08006a29   Thumb Code    98  serial.o(i.USART_SendFormatted)
    USART_SendFormatted_DMA                  0x08006a8d   Thumb Code    56  serial.o(i.USART_SendFormatted_DMA)
    UsageFault_Handler                       0x08006ac9   Thumb Code     4  stm32h7xx_it.o(i.UsageFault_Handler)
    __0snprintf                              0x08006acd   Thumb Code    44  printfa.o(i.__0snprintf)
    __1snprintf                              0x08006acd   Thumb Code     0  printfa.o(i.__0snprintf)
    __2snprintf                              0x08006acd   Thumb Code     0  printfa.o(i.__0snprintf)
    __c89snprintf                            0x08006acd   Thumb Code     0  printfa.o(i.__0snprintf)
    snprintf                                 0x08006acd   Thumb Code     0  printfa.o(i.__0snprintf)
    __0vsnprintf                             0x08006afd   Thumb Code    40  printfa.o(i.__0vsnprintf)
    __1vsnprintf                             0x08006afd   Thumb Code     0  printfa.o(i.__0vsnprintf)
    __2vsnprintf                             0x08006afd   Thumb Code     0  printfa.o(i.__0vsnprintf)
    __c89vsnprintf                           0x08006afd   Thumb Code     0  printfa.o(i.__0vsnprintf)
    vsnprintf                                0x08006afd   Thumb Code     0  printfa.o(i.__0vsnprintf)
    __ARM_fpclassifyf                        0x08006b29   Thumb Code    38  fpclassifyf.o(i.__ARM_fpclassifyf)
    __hardfp_cosf                            0x08006bc9   Thumb Code   276  cosf.o(i.__hardfp_cosf)
    __hardfp_round                           0x08006d19   Thumb Code   136  round.o(i.__hardfp_round)
    __hardfp_sinf                            0x08006db9   Thumb Code   344  sinf.o(i.__hardfp_sinf)
    __hardfp_sqrt                            0x08006f4d   Thumb Code   102  sqrt.o(i.__hardfp_sqrt)
    __mathlib_flt_infnan                     0x08006fb3   Thumb Code     6  funder.o(i.__mathlib_flt_infnan)
    __mathlib_flt_invalid                    0x08006fb9   Thumb Code    10  funder.o(i.__mathlib_flt_invalid)
    __mathlib_flt_underflow                  0x08006fc9   Thumb Code    10  funder.o(i.__mathlib_flt_underflow)
    __mathlib_rredf2                         0x08006fd9   Thumb Code   316  rredf.o(i.__mathlib_rredf2)
    __scatterload_copy                       0x0800712d   Thumb Code    14  handlers.o(i.__scatterload_copy)
    __scatterload_null                       0x0800713b   Thumb Code     2  handlers.o(i.__scatterload_null)
    __scatterload_zeroinit                   0x0800713d   Thumb Code    14  handlers.o(i.__scatterload_zeroinit)
    __set_errno                              0x0800714d   Thumb Code     6  errno.o(i.__set_errno)
    accept_PGD_solution                      0x08007a21   Thumb Code    98  fan.o(i.accept_PGD_solution)
    backtracking_line_search                 0x08007ae5   Thumb Code   268  pgd.o(i.backtracking_line_search)
    compute_gradient                         0x08007cd9   Thumb Code   172  pgd.o(i.compute_gradient)
    compute_objective                        0x08007d95   Thumb Code    88  pgd.o(i.compute_objective)
    compute_residual                         0x08007df9   Thumb Code   314  pgd.o(i.compute_residual)
    delay_init                               0x080081a5   Thumb Code    16  delay.o(i.delay_init)
    frame_extract                            0x08008245   Thumb Code   352  protocol.o(i.frame_extract)
    is_in_column_space                       0x0800841d   Thumb Code   140  pgd.o(i.is_in_column_space)
    main                                     0x08008521   Thumb Code   102  main.o(i.main)
    parse_data                               0x080085b9   Thumb Code   472  protocol.o(i.parse_data)
    print_vector                             0x080087c1   Thumb Code    60  pgd.o(i.print_vector)
    project_target                           0x08008811   Thumb Code   164  pgd.o(i.project_target)
    projected_gradient_descent               0x080088c5   Thumb Code   752  pgd.o(i.projected_gradient_descent)
    proto_init_buffers                       0x08008d29   Thumb Code    18  protocol.o(i.proto_init_buffers)
    proto_poll                               0x08008d41   Thumb Code   114  protocol.o(i.proto_poll)
    proto_ringbuf_push                       0x08008dd1   Thumb Code    78  protocol.o(i.proto_ringbuf_push)
    send_info                                0x08008e71   Thumb Code  1202  protocol.o(i.send_info)
    uart_write_dma                           0x080093cd   Thumb Code   106  serial.o(i.uart_write_dma)
    update_Rsb                               0x0800944d   Thumb Code   210  silde_mode_controller.o(i.update_Rsb)
    D1CorePrescTable                         0x08009554   Data          16  system_stm32h7xx.o(.constdata)
    M                                        0x08009600   Data         576  pgd.o(.constdata)
    M_pseudo                                 0x08009840   Data         576  pgd.o(.constdata)
    __ctype_categories                       0x08009aa0   Data          64  ctype_c.o(.constdata)
    Region$$Table$$Base                      0x0800a418   Number         0  anon$$obj.o(Region$$Table)
    Region$$Table$$Limit                     0x0800a448   Number         0  anon$$obj.o(Region$$Table)
    SystemCoreClock                          0x24000000   Data           4  system_stm32h7xx.o(.data)
    SystemD2Clock                            0x24000004   Data           4  system_stm32h7xx.o(.data)
    current_robot_config                     0x24000048   Data           1  silde_mode_controller.o(.data)
    fifo_overflow_count                      0x24000050   Data           4  serial.o(.data)
    dma_fifo_overflow_count                  0x24000054   Data           4  serial.o(.data)
    tx_head                                  0x24000062   Data           2  serial.o(.data)
    tx_tail                                  0x24000064   Data           2  serial.o(.data)
    g_frame_seq_id                           0x24000068   Data           4  protocol.o(.data)
    g_frame_time_ns                          0x24000070   Data           8  protocol.o(.data)
    g_frame_latency                          0x24000078   Data           4  protocol.o(.data)
    g_seq_gap                                0x2400007c   Data           4  protocol.o(.data)
    lost_pkg_count                           0x24000080   Data           8  protocol.o(.data)
    data_anomaly_count                       0x24000088   Data           4  protocol.o(.data)
    crc_failed_count                         0x24000090   Data           8  protocol.o(.data)
    frame_fault                              0x24000098   Data           1  protocol.o(.data)
    is_first_frame                           0x24000099   Data           1  protocol.o(.data)
    rb                                       0x2400009c   Data          12  protocol.o(.data)
    dbg_flag                                 0x240000c0   Data           1  timer.o(.data)
    isr_max                                  0x240000c4   Data           4  timer.o(.data)
    isr_cnt                                  0x240000c8   Data           4  timer.o(.data)
    isr_acc                                  0x240000cc   Data           4  timer.o(.data)
    CTRL_ARR                                 0x240000d0   Data           2  timer.o(.data)
    CTRL_PSC                                 0x240000d2   Data           2  timer.o(.data)
    PWM_ARR                                  0x240000d4   Data           2  timer.o(.data)
    PWM_PSC                                  0x240000d6   Data           2  timer.o(.data)
    ctrl_w                                   0x240000d8   Data           1  fan.o(.data)
    ctrl_r                                   0x240000d9   Data           1  fan.o(.data)
    solution_accepted_cnt                    0x240000dc   Data           4  fan.o(.data)
    pgd_timeout_cnt                          0x240000e0   Data           4  pgd.o(.data)
    frame_rejected_count                     0x240000e4   Data           4  pgd.o(.data)
    pgd_max_cycles                           0x240000e8   Data           4  pgd.o(.data)
    pgd_acc_cycles                           0x240000ec   Data           4  pgd.o(.data)
    pgd_cnt                                  0x240000f0   Data           4  pgd.o(.data)
    pgd_abort_flag                           0x240000f4   Data           1  wdg.o(.data)
    ctrl_abort_flag                          0x240000f5   Data           1  wdg.o(.data)
    sw_reset_cnt                             0x240000f8   Data           4  wdg.o(.data)
    ctrl_input                               0x24000100   Data         144  silde_mode_controller.o(.bss)
    prev_ctrl_input                          0x24000190   Data         144  silde_mode_controller.o(.bss)
    ctrl_output                              0x24000220   Data          24  silde_mode_controller.o(.bss)
    Rsb                                      0x24000238   Data          36  silde_mode_controller.o(.bss)
    huart1                                   0x2400025c   Data         128  serial.o(.bss)
    huart2                                   0x240002dc   Data         128  serial.o(.bss)
    hdma_usart1_tx                           0x2400035c   Data         120  serial.o(.bss)
    hdma_usart2_rx                           0x240003d4   Data         120  serial.o(.bss)
    htim6                                    0x2400148c   Data          64  timer.o(.bss)
    htim3                                    0x240014cc   Data          64  timer.o(.bss)
    htim4                                    0x2400150c   Data          64  timer.o(.bss)
    htim5                                    0x2400154c   Data          64  timer.o(.bss)
    htim8                                    0x2400158c   Data          64  timer.o(.bss)
    TIM3_CHHandler                           0x240015cc   Data          28  timer.o(.bss)
    TIM4_CHHandler                           0x240015e8   Data          28  timer.o(.bss)
    TIM5_CHHandler                           0x24001604   Data          28  timer.o(.bss)
    TIM8_CHHandler                           0x24001620   Data          28  timer.o(.bss)
    ctrl_buf                                 0x24001640   Data          56  fan.o(.bss)
    Fan_desire_Speed                         0x24001678   Data          48  fan.o(.bss)
    Fan_Control_duty_rate                    0x240016a8   Data          48  fan.o(.bss)
    pgd_ws                                   0x24001738   Data         336  pgd.o(.bss)
    pgd_last_solution                        0x24001888   Data          96  pgd.o(.bss)
    htim7                                    0x240018e8   Data          64  wdg.o(.bss)
    hiwdg                                    0x24001928   Data          16  wdg.o(.bss)
    __initial_sp                             0x24001d38   Data           0  startup_stm32h743xx.o(STACK)
    rx2_dma_buf                              0x30000000   Data        1024  serial.o(.dma_nc)
    tx_fifo                                  0x30000400   Data        8192  serial.o(.dma_nc)



==============================================================================

Memory Map of the image

  Image Entry point : 0x08000299

  Load Region LR_IROM1 (Base: 0x08000000, Size: 0x0000cd48, Max: 0x00200000, ABSOLUTE, COMPRESSED[0x0000a59c])

    Execution Region ER_IROM1 (Exec base: 0x08000000, Load base: 0x08000000, Size: 0x0000a448, Max: 0x00200000, ABSOLUTE)

    Exec Addr    Load Addr    Size         Type   Attr      Idx    E Section Name        Object

    0x08000000   0x08000000   0x00000298   Data   RO          512    RESET               startup_stm32h743xx.o
    0x08000298   0x08000298   0x00000000   Code   RO        15237  * .ARM.Collect$$$$00000000  mc_w.l(entry.o)
    0x08000298   0x08000298   0x00000004   Code   RO        15534    .ARM.Collect$$$$00000001  mc_w.l(entry2.o)
    0x0800029c   0x0800029c   0x00000004   Code   RO        15537    .ARM.Collect$$$$00000004  mc_w.l(entry5.o)
    0x080002a0   0x080002a0   0x00000000   Code   RO        15539    .ARM.Collect$$$$00000008  mc_w.l(entry7b.o)
    0x080002a0   0x080002a0   0x00000000   Code   RO        15541    .ARM.Collect$$$$0000000A  mc_w.l(entry8b.o)
    0x080002a0   0x080002a0   0x00000008   Code   RO        15542    .ARM.Collect$$$$0000000B  mc_w.l(entry9a.o)
    0x080002a8   0x080002a8   0x00000000   Code   RO        15544    .ARM.Collect$$$$0000000D  mc_w.l(entry10a.o)
    0x080002a8   0x080002a8   0x00000000   Code   RO        15546    .ARM.Collect$$$$0000000F  mc_w.l(entry11a.o)
    0x080002a8   0x080002a8   0x00000004   Code   RO        15535    .ARM.Collect$$$$00002712  mc_w.l(entry2.o)
    0x080002ac   0x080002ac   0x00000024   Code   RO          513    .text               startup_stm32h743xx.o
    0x080002d0   0x080002d0   0x00000062   Code   RO        15240    .text               mc_w.l(uldiv.o)
    0x08000332   0x08000332   0x00000024   Code   RO        15242    .text               mc_w.l(memcpya.o)
    0x08000356   0x08000356   0x00000024   Code   RO        15244    .text               mc_w.l(memseta.o)
    0x0800037a   0x0800037a   0x00000002   PAD
    0x0800037c   0x0800037c   0x00000038   Code   RO        15509    .text               mc_w.l(__0sscanf.o)
    0x080003b4   0x080003b4   0x0000014c   Code   RO        15511    .text               mc_w.l(_scanf_int.o)
    0x08000500   0x08000500   0x0000001c   Code   RO        15513    .text               mf_w.l(ffltul.o)
    0x0800051c   0x0800051c   0x0000002c   Code   RO        15551    .text               mc_w.l(uidiv.o)
    0x08000548   0x08000548   0x0000001e   Code   RO        15553    .text               mc_w.l(llshl.o)
    0x08000566   0x08000566   0x00000020   Code   RO        15555    .text               mc_w.l(llushr.o)
    0x08000586   0x08000586   0x0000001c   Code   RO        15564    .text               mc_w.l(_chval.o)
    0x080005a2   0x080005a2   0x00000002   PAD
    0x080005a4   0x080005a4   0x00000028   Code   RO        15566    .text               mc_w.l(scanf_char.o)
    0x080005cc   0x080005cc   0x00000040   Code   RO        15568    .text               mc_w.l(_sgetc.o)
    0x0800060c   0x0800060c   0x00000000   Code   RO        15570    .text               mc_w.l(iusefp.o)
    0x0800060c   0x0800060c   0x0000006e   Code   RO        15571    .text               mf_w.l(fepilogue.o)
    0x0800067a   0x0800067a   0x0000014e   Code   RO        15573    .text               mf_w.l(dadd.o)
    0x080007c8   0x080007c8   0x000000e4   Code   RO        15575    .text               mf_w.l(dmul.o)
    0x080008ac   0x080008ac   0x000000de   Code   RO        15577    .text               mf_w.l(ddiv.o)
    0x0800098a   0x0800098a   0x00000002   PAD
    0x0800098c   0x0800098c   0x00000088   Code   RO        15579    .text               mf_w.l(drnd.o)
    0x08000a14   0x08000a14   0x00000030   Code   RO        15581    .text               mf_w.l(dfixul.o)
    0x08000a44   0x08000a44   0x00000030   Code   RO        15583    .text               mf_w.l(cdrcmple.o)
    0x08000a74   0x08000a74   0x00000024   Code   RO        15585    .text               mc_w.l(init.o)
    0x08000a98   0x08000a98   0x00000024   Code   RO        15588    .text               mc_w.l(llsshr.o)
    0x08000abc   0x08000abc   0x0000000a   Code   RO        15590    .text               mc_w.l(isspace_c.o)
    0x08000ac6   0x08000ac6   0x00000002   PAD
    0x08000ac8   0x08000ac8   0x0000032c   Code   RO        15592    .text               mc_w.l(_scanf.o)
    0x08000df4   0x08000df4   0x000000ba   Code   RO        15595    .text               mf_w.l(depilogue.o)
    0x08000eae   0x08000eae   0x00000002   PAD
    0x08000eb0   0x08000eb0   0x00000028   Code   RO        15597    .text               mc_w.l(ctype_c.o)
    0x08000ed8   0x08000ed8   0x0000003a   Code   RO        15608    .text               mc_w.l(__dczerorl.o)
    0x08000f12   0x08000f12   0x00000002   PAD
    0x08000f14   0x08000f14   0x00000320   Code   RO          520    i.Attitude_Controller  silde_mode_controller.o
    0x08001234   0x08001234   0x00000004   Code   RO          363    i.BusFault_Handler  stm32h7xx_it.o
    0x08001238   0x08001238   0x0000001c   Code   RO          638    i.Cache_Enable      sys.o
    0x08001254   0x08001254   0x000000c4   Code   RO        14985    i.Calculate_Duty_Rate  fan.o
    0x08001318   0x08001318   0x00000294   Code   RO        14986    i.Calculate_Fan_Speed  fan.o
    0x080015ac   0x080015ac   0x00000094   Code   RO        14987    i.Calculate_Single_Duty  fan.o
    0x08001640   0x08001640   0x0000019c   Code   RO          711    i.DMA1_Stream5_IRQHandler  serial.o
    0x080017dc   0x080017dc   0x00000010   Code   RO          712    i.DMA2_Stream2_IRQHandler  serial.o
    0x080017ec   0x080017ec   0x00000034   Code   RO         2988    i.DMA_CalcBaseAndBitshift  stm32h7xx_hal_dma.o
    0x08001820   0x08001820   0x00000074   Code   RO         2989    i.DMA_CalcDMAMUXChannelBaseAndMask  stm32h7xx_hal_dma.o
    0x08001894   0x08001894   0x00000054   Code   RO         2990    i.DMA_CalcDMAMUXRequestGenBaseAndMask  stm32h7xx_hal_dma.o
    0x080018e8   0x080018e8   0x000000ae   Code   RO         2991    i.DMA_CheckFifoParam  stm32h7xx_hal_dma.o
    0x08001996   0x08001996   0x00000002   PAD
    0x08001998   0x08001998   0x000000b4   Code   RO         2992    i.DMA_SetConfig     stm32h7xx_hal_dma.o
    0x08001a4c   0x08001a4c   0x00000034   Code   RO          639    i.DWT_Enable        sys.o
    0x08001a80   0x08001a80   0x00000002   Code   RO          364    i.DebugMon_Handler  stm32h7xx_it.o
    0x08001a82   0x08001a82   0x00000002   PAD
    0x08001a84   0x08001a84   0x00000030   Code   RO          713    i.Debug_Console_Poll  serial.o
    0x08001ab4   0x08001ab4   0x000000ac   Code   RO        15052    i.Denormalize_solution  pgd.o
    0x08001b60   0x08001b60   0x00000058   Code   RO        14988    i.Fan_Rotation_Control  fan.o
    0x08001bb8   0x08001bb8   0x000000f8   Code   RO         2994    i.HAL_DMA_Abort_IT  stm32h7xx_hal_dma.o
    0x08001cb0   0x08001cb0   0x00000006   Code   RO         2996    i.HAL_DMA_GetError  stm32h7xx_hal_dma.o
    0x08001cb6   0x08001cb6   0x00000002   PAD
    0x08001cb8   0x08001cb8   0x0000044c   Code   RO         2998    i.HAL_DMA_IRQHandler  stm32h7xx_hal_dma.o
    0x08002104   0x08002104   0x00000210   Code   RO         2999    i.HAL_DMA_Init      stm32h7xx_hal_dma.o
    0x08002314   0x08002314   0x00000150   Code   RO         3003    i.HAL_DMA_Start_IT  stm32h7xx_hal_dma.o
    0x08002464   0x08002464   0x00000014   Code   RO          990    i.HAL_EnableCompensationCell  stm32h7xx_hal.o
    0x08002478   0x08002478   0x0000024c   Code   RO         4681    i.HAL_GPIO_Init     stm32h7xx_hal_gpio.o
    0x080026c4   0x080026c4   0x0000000c   Code   RO          997    i.HAL_GetTick       stm32h7xx_hal.o
    0x080026d0   0x080026d0   0x00000018   Code   RO         1000    i.HAL_IncTick       stm32h7xx_hal.o
    0x080026e8   0x080026e8   0x0000001c   Code   RO         1001    i.HAL_Init          stm32h7xx_hal.o
    0x08002704   0x08002704   0x0000004c   Code   RO         1002    i.HAL_InitTick      stm32h7xx_hal.o
    0x08002750   0x08002750   0x0000005c   Code   RO         1874    i.HAL_MPU_ConfigRegion  stm32h7xx_hal_cortex.o
    0x080027ac   0x080027ac   0x0000002c   Code   RO         1875    i.HAL_MPU_Disable   stm32h7xx_hal_cortex.o
    0x080027d8   0x080027d8   0x00000040   Code   RO         1876    i.HAL_MPU_Enable    stm32h7xx_hal_cortex.o
    0x08002818   0x08002818   0x00000002   Code   RO          482    i.HAL_MspInit       stm32h7xx_hal_msp.o
    0x0800281a   0x0800281a   0x0000007a   Code   RO         1885    i.HAL_NVIC_SetPriority  stm32h7xx_hal_cortex.o
    0x08002894   0x08002894   0x00000028   Code   RO         1886    i.HAL_NVIC_SetPriorityGrouping  stm32h7xx_hal_cortex.o
    0x080028bc   0x080028bc   0x00000038   Code   RO         9699    i.HAL_RCCEx_GetD1SysClockFreq  stm32h7xx_hal_rcc_ex.o
    0x080028f4   0x080028f4   0x0000002c   Code   RO         9700    i.HAL_RCCEx_GetD3PCLK1Freq  stm32h7xx_hal_rcc_ex.o
    0x08002920   0x08002920   0x0000022c   Code   RO         9702    i.HAL_RCCEx_GetPLL2ClockFreq  stm32h7xx_hal_rcc_ex.o
    0x08002b4c   0x08002b4c   0x0000022c   Code   RO         9703    i.HAL_RCCEx_GetPLL3ClockFreq  stm32h7xx_hal_rcc_ex.o
    0x08002d78   0x08002d78   0x00000250   Code   RO         9590    i.HAL_RCC_ClockConfig  stm32h7xx_hal_rcc.o
    0x08002fc8   0x08002fc8   0x00000038   Code   RO         9594    i.HAL_RCC_GetHCLKFreq  stm32h7xx_hal_rcc.o
    0x08003000   0x08003000   0x0000002c   Code   RO         9596    i.HAL_RCC_GetPCLK1Freq  stm32h7xx_hal_rcc.o
    0x0800302c   0x0800302c   0x0000002c   Code   RO         9597    i.HAL_RCC_GetPCLK2Freq  stm32h7xx_hal_rcc.o
    0x08003058   0x08003058   0x00000244   Code   RO         9598    i.HAL_RCC_GetSysClockFreq  stm32h7xx_hal_rcc.o
    0x0800329c   0x0800329c   0x000006c4   Code   RO         9601    i.HAL_RCC_OscConfig  stm32h7xx_hal_rcc.o
    0x08003960   0x08003960   0x00000028   Code   RO         1888    i.HAL_SYSTICK_CLKSourceConfig  stm32h7xx_hal_cortex.o
    0x08003988   0x08003988   0x00000034   Code   RO         1890    i.HAL_SYSTICK_Config  stm32h7xx_hal_cortex.o
    0x080039bc   0x080039bc   0x00000002   Code   RO        13121    i.HAL_TIMEx_BreakCallback  stm32h7xx_hal_tim_ex.o
    0x080039be   0x080039be   0x00000002   Code   RO        13122    i.HAL_TIMEx_CommutationCallback  stm32h7xx_hal_tim_ex.o
    0x080039c0   0x080039c0   0x00000002   Code   RO        12495    i.HAL_TIM_IC_CaptureCallback  stm32h7xx_hal_tim.o
    0x080039c2   0x080039c2   0x000001b8   Code   RO        12508    i.HAL_TIM_IRQHandler  stm32h7xx_hal_tim.o
    0x08003b7a   0x08003b7a   0x00000002   Code   RO        12511    i.HAL_TIM_OC_DelayElapsedCallback  stm32h7xx_hal_tim.o
    0x08003b7c   0x08003b7c   0x00000174   Code   RO        12532    i.HAL_TIM_PWM_ConfigChannel  stm32h7xx_hal_tim.o
    0x08003cf0   0x08003cf0   0x00000034   Code   RO        12535    i.HAL_TIM_PWM_Init  stm32h7xx_hal_tim.o
    0x08003d24   0x08003d24   0x000001e0   Code   RO        14912    i.HAL_TIM_PWM_MspInit  timer.o
    0x08003f04   0x08003f04   0x00000002   Code   RO        12538    i.HAL_TIM_PWM_PulseFinishedCallback  stm32h7xx_hal_tim.o
    0x08003f06   0x08003f06   0x00000002   PAD
    0x08003f08   0x08003f08   0x00000070   Code   RO        12539    i.HAL_TIM_PWM_Start  stm32h7xx_hal_tim.o
    0x08003f78   0x08003f78   0x000000c0   Code   RO        14913    i.HAL_TIM_PeriodElapsedCallback  timer.o
    0x08004038   0x08004038   0x00000002   Code   RO        12549    i.HAL_TIM_TriggerCallback  stm32h7xx_hal_tim.o
    0x0800403a   0x0800403a   0x00000002   Code   RO        13738    i.HAL_UARTEx_WakeupCallback  stm32h7xx_hal_uart_ex.o
    0x0800403c   0x0800403c   0x000000dc   Code   RO          714    i.HAL_UART_ErrorCallback  serial.o
    0x08004118   0x08004118   0x000001bc   Code   RO        13405    i.HAL_UART_IRQHandler  stm32h7xx_hal_uart.o
    0x080042d4   0x080042d4   0x00000078   Code   RO        13406    i.HAL_UART_Init     stm32h7xx_hal_uart.o
    0x0800434c   0x0800434c   0x00000002   Code   RO        13408    i.HAL_UART_MspInit  stm32h7xx_hal_uart.o
    0x0800434e   0x0800434e   0x00000002   PAD
    0x08004350   0x08004350   0x000000a8   Code   RO        13410    i.HAL_UART_Receive_DMA  stm32h7xx_hal_uart.o
    0x080043f8   0x080043f8   0x000000e0   Code   RO        13411    i.HAL_UART_Receive_IT  stm32h7xx_hal_uart.o
    0x080044d8   0x080044d8   0x000000b8   Code   RO          715    i.HAL_UART_RxCpltCallback  serial.o
    0x08004590   0x08004590   0x00000002   Code   RO        13413    i.HAL_UART_RxHalfCpltCallback  stm32h7xx_hal_uart.o
    0x08004592   0x08004592   0x000000c6   Code   RO        13414    i.HAL_UART_Transmit  stm32h7xx_hal_uart.o
    0x08004658   0x08004658   0x0000009c   Code   RO        13415    i.HAL_UART_Transmit_DMA  stm32h7xx_hal_uart.o
    0x080046f4   0x080046f4   0x0000003c   Code   RO          716    i.HAL_UART_TxCpltCallback  serial.o
    0x08004730   0x08004730   0x00000002   Code   RO        13418    i.HAL_UART_TxHalfCpltCallback  stm32h7xx_hal_uart.o
    0x08004732   0x08004732   0x00000004   Code   RO          365    i.HardFault_Handler  stm32h7xx_it.o
    0x08004736   0x08004736   0x00000002   PAD
    0x08004738   0x08004738   0x00000104   Code   RO          521    i.InitConstantsToFloat  silde_mode_controller.o
    0x0800483c   0x0800483c   0x00000030   Code   RO          522    i.InitController    silde_mode_controller.o
    0x0800486c   0x0800486c   0x00000054   Code   RO          642    i.MPU_Config_DMA_NC  sys.o
    0x080048c0   0x080048c0   0x000002a0   Code   RO          717    i.MX_USART_Init     serial.o
    0x08004b60   0x08004b60   0x00000004   Code   RO          366    i.MemManage_Handler  stm32h7xx_it.o
    0x08004b64   0x08004b64   0x00000002   Code   RO          367    i.NMI_Handler       stm32h7xx_it.o
    0x08004b66   0x08004b66   0x00000040   Code   RO          718    i.NVIC_EncodePriority  serial.o
    0x08004ba6   0x08004ba6   0x00000002   PAD
    0x08004ba8   0x08004ba8   0x00000144   Code   RO        14914    i.PWM_Init          timer.o
    0x08004cec   0x08004cec   0x00000002   Code   RO          368    i.PendSV_Handler    stm32h7xx_it.o
    0x08004cee   0x08004cee   0x00000002   PAD
    0x08004cf0   0x08004cf0   0x00000334   Code   RO          523    i.Position_Controller  silde_mode_controller.o
    0x08005024   0x08005024   0x000001ec   Code   RO          719    i.Process_Debug_Command  serial.o
    0x08005210   0x08005210   0x0000009c   Code   RO          643    i.SCB_EnableDCache  sys.o
    0x080052ac   0x080052ac   0x0000007c   Code   RO          644    i.SCB_EnableICache  sys.o
    0x08005328   0x08005328   0x00000002   Code   RO          369    i.SVC_Handler       stm32h7xx_it.o
    0x0800532a   0x0800532a   0x00000002   PAD
    0x0800532c   0x0800532c   0x000000d8   Code   RO        14989    i.Set_Fan_PWM       fan.o
    0x08005404   0x08005404   0x000000f8   Code   RO          645    i.Stm32_Clock_Init  sys.o
    0x080054fc   0x080054fc   0x00000008   Code   RO          370    i.SysTick_Handler   stm32h7xx_it.o
    0x08005504   0x08005504   0x00000094   Code   RO          445    i.SystemInit        system_stm32h7xx.o
    0x08005598   0x08005598   0x00000010   Code   RO        14915    i.TIM6_DAC_IRQHandler  timer.o
    0x080055a8   0x080055a8   0x00000064   Code   RO        15148    i.TIM7_IRQHandler   wdg.o
    0x0800560c   0x0800560c   0x000000cc   Code   RO        12550    i.TIM_Base_SetConfig  stm32h7xx_hal_tim.o
    0x080056d8   0x080056d8   0x0000001c   Code   RO        12551    i.TIM_CCxChannelCmd  stm32h7xx_hal_tim.o
    0x080056f4   0x080056f4   0x000000b0   Code   RO        12559    i.TIM_OC1_SetConfig  stm32h7xx_hal_tim.o
    0x080057a4   0x080057a4   0x000000bc   Code   RO        12560    i.TIM_OC2_SetConfig  stm32h7xx_hal_tim.o
    0x08005860   0x08005860   0x000000b4   Code   RO        12561    i.TIM_OC3_SetConfig  stm32h7xx_hal_tim.o
    0x08005914   0x08005914   0x00000078   Code   RO        12562    i.TIM_OC4_SetConfig  stm32h7xx_hal_tim.o
    0x0800598c   0x0800598c   0x00000070   Code   RO        12563    i.TIM_OC5_SetConfig  stm32h7xx_hal_tim.o
    0x080059fc   0x080059fc   0x00000074   Code   RO        12564    i.TIM_OC6_SetConfig  stm32h7xx_hal_tim.o
    0x08005a70   0x08005a70   0x00000078   Code   RO        14917    i.TIM_SetCompare    timer.o
    0x08005ae8   0x08005ae8   0x00000060   Code   RO        14918    i.TIMx_PWM_Init     timer.o
    0x08005b48   0x08005b48   0x000000ea   Code   RO        13419    i.UART_AdvFeatureConfig  stm32h7xx_hal_uart.o
    0x08005c32   0x08005c32   0x00000074   Code   RO        13420    i.UART_CheckIdleState  stm32h7xx_hal_uart.o
    0x08005ca6   0x08005ca6   0x00000018   Code   RO        13421    i.UART_DMAAbortOnError  stm32h7xx_hal_uart.o
    0x08005cbe   0x08005cbe   0x0000005c   Code   RO        13422    i.UART_DMAError     stm32h7xx_hal_uart.o
    0x08005d1a   0x08005d1a   0x00000046   Code   RO        13423    i.UART_DMAReceiveCplt  stm32h7xx_hal_uart.o
    0x08005d60   0x08005d60   0x0000000e   Code   RO        13425    i.UART_DMARxHalfCplt  stm32h7xx_hal_uart.o
    0x08005d6e   0x08005d6e   0x00000036   Code   RO        13427    i.UART_DMATransmitCplt  stm32h7xx_hal_uart.o
    0x08005da4   0x08005da4   0x0000000e   Code   RO        13429    i.UART_DMATxHalfCplt  stm32h7xx_hal_uart.o
    0x08005db2   0x08005db2   0x00000020   Code   RO        13431    i.UART_EndRxTransfer  stm32h7xx_hal_uart.o
    0x08005dd2   0x08005dd2   0x00000020   Code   RO        13432    i.UART_EndTransmit_IT  stm32h7xx_hal_uart.o
    0x08005df2   0x08005df2   0x00000014   Code   RO        13433    i.UART_EndTxTransfer  stm32h7xx_hal_uart.o
    0x08005e06   0x08005e06   0x0000008a   Code   RO        13434    i.UART_Receive_IT   stm32h7xx_hal_uart.o
    0x08005e90   0x08005e90   0x000009a4   Code   RO        13435    i.UART_SetConfig    stm32h7xx_hal_uart.o
    0x08006834   0x08006834   0x00000082   Code   RO        13436    i.UART_Transmit_IT  stm32h7xx_hal_uart.o
    0x080068b6   0x080068b6   0x0000006c   Code   RO        13437    i.UART_WaitOnFlagUntilTimeout  stm32h7xx_hal_uart.o
    0x08006922   0x08006922   0x00000002   PAD
    0x08006924   0x08006924   0x00000024   Code   RO          720    i.USART1_IRQHandler  serial.o
    0x08006948   0x08006948   0x000000e0   Code   RO          721    i.USART2_IRQHandler  serial.o
    0x08006a28   0x08006a28   0x00000062   Code   RO          722    i.USART_SendFormatted  serial.o
    0x08006a8a   0x08006a8a   0x00000002   PAD
    0x08006a8c   0x08006a8c   0x0000003c   Code   RO          723    i.USART_SendFormatted_DMA  serial.o
    0x08006ac8   0x08006ac8   0x00000004   Code   RO          371    i.UsageFault_Handler  stm32h7xx_it.o
    0x08006acc   0x08006acc   0x00000030   Code   RO        15482    i.__0snprintf       mc_w.l(printfa.o)
    0x08006afc   0x08006afc   0x0000002c   Code   RO        15486    i.__0vsnprintf      mc_w.l(printfa.o)
    0x08006b28   0x08006b28   0x00000026   Code   RO        15515    i.__ARM_fpclassifyf  m_wv.l(fpclassifyf.o)
    0x08006b4e   0x08006b4e   0x0000001a   Code   RO          724    i.__NVIC_EnableIRQ  serial.o
    0x08006b68   0x08006b68   0x00000010   Code   RO         1892    i.__NVIC_GetPriorityGrouping  stm32h7xx_hal_cortex.o
    0x08006b78   0x08006b78   0x00000028   Code   RO          725    i.__NVIC_SetPriority  serial.o
    0x08006ba0   0x08006ba0   0x00000028   Code   RO         1893    i.__NVIC_SetPriority  stm32h7xx_hal_cortex.o
    0x08006bc8   0x08006bc8   0x00000150   Code   RO        15197    i.__hardfp_cosf     m_wv.l(cosf.o)
    0x08006d18   0x08006d18   0x000000a0   Code   RO        15209    i.__hardfp_round    m_wv.l(round.o)
    0x08006db8   0x08006db8   0x00000194   Code   RO        15213    i.__hardfp_sinf     m_wv.l(sinf.o)
    0x08006f4c   0x08006f4c   0x00000066   Code   RO        15225    i.__hardfp_sqrt     m_wv.l(sqrt.o)
    0x08006fb2   0x08006fb2   0x00000006   Code   RO        15518    i.__mathlib_flt_infnan  m_wv.l(funder.o)
    0x08006fb8   0x08006fb8   0x00000010   Code   RO        15520    i.__mathlib_flt_invalid  m_wv.l(funder.o)
    0x08006fc8   0x08006fc8   0x00000010   Code   RO        15523    i.__mathlib_flt_underflow  m_wv.l(funder.o)
    0x08006fd8   0x08006fd8   0x00000154   Code   RO        15531    i.__mathlib_rredf2  m_wv.l(rredf.o)
    0x0800712c   0x0800712c   0x0000000e   Code   RO        15602    i.__scatterload_copy  mc_w.l(handlers.o)
    0x0800713a   0x0800713a   0x00000002   Code   RO        15603    i.__scatterload_null  mc_w.l(handlers.o)
    0x0800713c   0x0800713c   0x0000000e   Code   RO        15604    i.__scatterload_zeroinit  mc_w.l(handlers.o)
    0x0800714a   0x0800714a   0x00000002   PAD
    0x0800714c   0x0800714c   0x0000000c   Code   RO        15559    i.__set_errno       mc_w.l(errno.o)
    0x08007158   0x08007158   0x00000184   Code   RO        15488    i._fp_digits        mc_w.l(printfa.o)
    0x080072dc   0x080072dc   0x000006dc   Code   RO        15489    i._printf_core      mc_w.l(printfa.o)
    0x080079b8   0x080079b8   0x00000024   Code   RO        15490    i._printf_post_padding  mc_w.l(printfa.o)
    0x080079dc   0x080079dc   0x0000002e   Code   RO        15491    i._printf_pre_padding  mc_w.l(printfa.o)
    0x08007a0a   0x08007a0a   0x00000016   Code   RO        15492    i._snputc           mc_w.l(printfa.o)
    0x08007a20   0x08007a20   0x00000062   Code   RO        14990    i.accept_PGD_solution  fan.o
    0x08007a82   0x08007a82   0x00000002   PAD
    0x08007a84   0x08007a84   0x00000060   Code   RO        15053    i.apply_constraints  pgd.o
    0x08007ae4   0x08007ae4   0x00000194   Code   RO        15054    i.backtracking_line_search  pgd.o
    0x08007c78   0x08007c78   0x00000060   Code   RO        15055    i.compute_Mx        pgd.o
    0x08007cd8   0x08007cd8   0x000000bc   Code   RO        15056    i.compute_gradient  pgd.o
    0x08007d94   0x08007d94   0x00000064   Code   RO        15057    i.compute_objective  pgd.o
    0x08007df8   0x08007df8   0x00000298   Code   RO        15058    i.compute_residual  pgd.o
    0x08008090   0x08008090   0x000000fc   Code   RO          879    i.crc16_be_acc      protocol.o
    0x0800818c   0x0800818c   0x0000000c   Code   RO          524    i.custom_fmax       silde_mode_controller.o
    0x08008198   0x08008198   0x0000000c   Code   RO          525    i.custom_fmin       silde_mode_controller.o
    0x080081a4   0x080081a4   0x00000014   Code   RO          598    i.delay_init        delay.o
    0x080081b8   0x080081b8   0x00000018   Code   RO          726    i.fifo_cnt          serial.o
    0x080081d0   0x080081d0   0x00000074   Code   RO          727    i.fifo_put_multi    serial.o
    0x08008244   0x08008244   0x0000019c   Code   RO          880    i.frame_extract     protocol.o
    0x080083e0   0x080083e0   0x0000003a   Code   RO          728    i.gpio_init         serial.o
    0x0800841a   0x0800841a   0x00000002   PAD
    0x0800841c   0x0800841c   0x00000104   Code   RO        15059    i.is_in_column_space  pgd.o
    0x08008520   0x08008520   0x00000098   Code   RO            4    i.main              main.o
    0x080085b8   0x080085b8   0x00000208   Code   RO          881    i.parse_data        protocol.o
    0x080087c0   0x080087c0   0x00000050   Code   RO        15060    i.print_vector      pgd.o
    0x08008810   0x08008810   0x000000b4   Code   RO        15061    i.project_target    pgd.o
    0x080088c4   0x080088c4   0x00000464   Code   RO        15062    i.projected_gradient_descent  pgd.o
    0x08008d28   0x08008d28   0x00000018   Code   RO          882    i.proto_init_buffers  protocol.o
    0x08008d40   0x08008d40   0x00000090   Code   RO          883    i.proto_poll        protocol.o
    0x08008dd0   0x08008dd0   0x00000054   Code   RO          884    i.proto_ringbuf_push  protocol.o
    0x08008e24   0x08008e24   0x00000014   Code   RO          885    i.rb_pop            protocol.o
    0x08008e38   0x08008e38   0x00000008   Code   RO          729    i.rb_reset          serial.o
    0x08008e40   0x08008e40   0x0000002e   Code   RO          526    i.sat               silde_mode_controller.o
    0x08008e6e   0x08008e6e   0x00000002   PAD
    0x08008e70   0x08008e70   0x000004bc   Code   RO          886    i.send_info         protocol.o
    0x0800932c   0x0800932c   0x0000006c   Code   RO          730    i.uart1_start_dma_tx  serial.o
    0x08009398   0x08009398   0x00000034   Code   RO          731    i.uart_basic        serial.o
    0x080093cc   0x080093cc   0x00000080   Code   RO          732    i.uart_write_dma    serial.o
    0x0800944c   0x0800944c   0x000000d8   Code   RO          527    i.update_Rsb        silde_mode_controller.o
    0x08009524   0x08009524   0x00000040   Data   RO          446    .constdata          system_stm32h7xx.o
    0x08009564   0x08009564   0x00000038   Data   RO         3005    .constdata          stm32h7xx_hal_dma.o
    0x0800959c   0x0800959c   0x00000030   Data   RO        13438    .constdata          stm32h7xx_hal_uart.o
    0x080095cc   0x080095cc   0x00000004   PAD
    0x080095d0   0x080095d0   0x000004b0   Data   RO        15064    .constdata          pgd.o
    0x08009a80   0x08009a80   0x00000020   Data   RO        15532    .constdata          m_wv.l(rredf.o)
    0x08009aa0   0x08009aa0   0x00000040   Data   RO        15598    .constdata          mc_w.l(ctype_c.o)
    0x08009ae0   0x08009ae0   0x0000008a   Data   RO            6    .conststring        main.o
    0x08009b6a   0x08009b6a   0x00000002   PAD
    0x08009b6c   0x08009b6c   0x00000867   Data   RO          889    .conststring        protocol.o
    0x0800a3d3   0x0800a3d3   0x00000001   PAD
    0x0800a3d4   0x0800a3d4   0x00000042   Data   RO        15065    .conststring        pgd.o
    0x0800a416   0x0800a416   0x00000002   PAD
    0x0800a418   0x0800a418   0x00000030   Data   RO        15600    Region$$Table       anon$$obj.o


    Execution Region RW_IRAM1 (Exec base: 0x20000000, Load base: 0x0800a448, Size: 0x00000000, Max: 0x00020000, ABSOLUTE)

    **** No section assigned to this execution region ****


    Execution Region RW_IRAM2 (Exec base: 0x24000000, Load base: 0x0800a448, Size: 0x00001d38, Max: 0x00080000, ABSOLUTE)

    Exec Addr    Load Addr    Size         Type   Attr      Idx    E Section Name        Object

    0x24000000   0x0800a448   0x00000008   Data   RW          447    .data               system_stm32h7xx.o
    0x24000008   0x0800a450   0x00000041   Data   RW          530    .data               silde_mode_controller.o
    0x24000049   0x0800a491   0x00000003   PAD
    0x2400004c   0x0800a494   0x00000004   Data   RW          602    .data               delay.o
    0x24000050   0x0800a498   0x00000016   Data   RW          735    .data               serial.o
    0x24000066   0x0800a4ae   0x00000002   PAD
    0x24000068   0x0800a4b0   0x0000004c   Data   RW          890    .data               protocol.o
    0x240000b4   0x0800a4fc   0x00000009   Data   RW         1024    .data               stm32h7xx_hal.o
    0x240000bd   0x0800a505   0x00000003   PAD
    0x240000c0   0x0800a508   0x00000018   Data   RW        14921    .data               timer.o
    0x240000d8   0x0800a520   0x00000008   Data   RW        14993    .data               fan.o
    0x240000e0   0x0800a528   0x00000014   Data   RW        15066    .data               pgd.o
    0x240000f4   0x0800a53c   0x00000008   Data   RW        15151    .data               wdg.o
    0x240000fc   0x0800a544   0x00000004   Data   RW        15560    .data               mc_w.l(errno.o)
    0x24000100        -       0x0000015c   Zero   RW          528    .bss                silde_mode_controller.o
    0x2400025c        -       0x00000230   Zero   RW          733    .bss                serial.o
    0x2400048c        -       0x00001000   Zero   RW          887    .bss                protocol.o
    0x2400148c        -       0x000001b0   Zero   RW        14919    .bss                timer.o
    0x2400163c   0x0800a548   0x00000004   PAD
    0x24001640        -       0x000000f8   Zero   RW        14991    .bss                fan.o
    0x24001738        -       0x000001b0   Zero   RW        15063    .bss                pgd.o
    0x240018e8        -       0x00000050   Zero   RW        15149    .bss                wdg.o
    0x24001938        -       0x00000400   Zero   RW          510    STACK               startup_stm32h743xx.o


    Execution Region RW_D2 (Exec base: 0x30000000, Load base: 0x0800a548, Size: 0x00002800, Max: 0x00008000, ABSOLUTE, COMPRESSED[0x00000054])

    Exec Addr    Load Addr    Size         Type   Attr      Idx    E Section Name        Object

    0x30000000   COMPRESSED   0x00002400   Data   RW          736    .dma_nc             serial.o
    0x30002400   COMPRESSED   0x00000400   Data   RW          891    .dma_nc             protocol.o


==============================================================================

Image component sizes


      Code (inc. data)   RO Data    RW Data    ZI Data      Debug   Object Name

        20          4          0          4          0        741   delay.o
      1406        360          0          8        248       8032   fan.o
       152         50        138          0          0    1222848   main.o
      3364       1110       1266         20        432      12392   pgd.o
      2668        406       2151       1100       4096       9954   protocol.o
      3146        440          0       9238        560      53369   serial.o
      2214        208          0         65        348       9923   silde_mode_controller.o
        36          8        664          0       1024        812   startup_stm32h743xx.o
       160         32          0          9          0       3815   stm32h7xx_hal.o
       510         38          0          0          0      40646   stm32h7xx_hal_cortex.o
      2824        112         56          0          0       9905   stm32h7xx_hal_dma.o
       588         54          0          0          0       1780   stm32h7xx_hal_gpio.o
         2          0          0          0          0        426   stm32h7xx_hal_msp.o
      3048         86          0          0          0       5840   stm32h7xx_hal_rcc.o
      1212         70          0          0          0       3431   stm32h7xx_hal_rcc_ex.o
      2108        186          0          0          0      11846   stm32h7xx_hal_tim.o
         4          0          0          0          0       1662   stm32h7xx_hal_tim_ex.o
      4862        166         48          0          0      18615   stm32h7xx_hal_uart.o
         2          0          0          0          0        932   stm32h7xx_hal_uart_ex.o
        32          0          0          0          0       3886   stm32h7xx_it.o
       692         50          0          0          0      38194   sys.o
       148         18         64          8          0       1178   system_stm32h7xx.o
      1228        158          0         24        432       5563   timer.o
       100         44          0          8         80       1316   wdg.o

    ----------------------------------------------------------------------
     30554       3600       4444      10492       7224    1467106   Object Totals
         0          0         48          0          0          0   (incl. Generated)
        28          0          9          8          4          0   (incl. Padding)

    ----------------------------------------------------------------------

      Code (inc. data)   RO Data    RW Data    ZI Data      Debug   Library Member Name

       336         60          0          0          0        136   cosf.o
        38          0          0          0          0        116   fpclassifyf.o
        38         12          0          0          0        348   funder.o
       160         24          0          0          0        132   round.o
       340         24         32          0          0        160   rredf.o
       404         60          0          0          0        212   sinf.o
       102          0          0          0          0        140   sqrt.o
        56          8          0          0          0         84   __0sscanf.o
        58          0          0          0          0          0   __dczerorl.o
        28          0          0          0          0         68   _chval.o
       812          4          0          0          0        112   _scanf.o
       332          0          0          0          0         96   _scanf_int.o
        64          0          0          0          0         84   _sgetc.o
        40          6         64          0          0         68   ctype_c.o
         0          0          0          0          0          0   entry.o
         0          0          0          0          0          0   entry10a.o
         0          0          0          0          0          0   entry11a.o
         8          4          0          0          0          0   entry2.o
         4          0          0          0          0          0   entry5.o
         0          0          0          0          0          0   entry7b.o
         0          0          0          0          0          0   entry8b.o
         8          4          0          0          0          0   entry9a.o
        12          6          0          4          0         68   errno.o
        30          0          0          0          0          0   handlers.o
        36          8          0          0          0         68   init.o
        10          0          0          0          0         68   isspace_c.o
         0          0          0          0          0          0   iusefp.o
        30          0          0          0          0         68   llshl.o
        36          0          0          0          0         68   llsshr.o
        32          0          0          0          0         68   llushr.o
        36          0          0          0          0         68   memcpya.o
        36          0          0          0          0        108   memseta.o
      2340         88          0          0          0        600   printfa.o
        40          8          0          0          0         84   scanf_char.o
        44          0          0          0          0         80   uidiv.o
        98          0          0          0          0         92   uldiv.o
        48          0          0          0          0         68   cdrcmple.o
       334          0          0          0          0        148   dadd.o
       222          0          0          0          0        100   ddiv.o
       186          0          0          0          0        176   depilogue.o
        48          0          0          0          0         68   dfixul.o
       228          0          0          0          0         96   dmul.o
       136          4          0          0          0         92   drnd.o
       110          0          0          0          0        168   fepilogue.o
        28          0          0          0          0         84   ffltul.o

    ----------------------------------------------------------------------
      6962        320         96          4          0       4196   Library Totals
        14          0          0          0          0          0   (incl. Padding)

    ----------------------------------------------------------------------

      Code (inc. data)   RO Data    RW Data    ZI Data      Debug   Library Name

      1418        180         32          0          0       1244   m_wv.l
      4190        136         64          4          0       1952   mc_w.l
      1340          4          0          0          0       1000   mf_w.l

    ----------------------------------------------------------------------
      6962        320         96          4          0       4196   Library Totals

    ----------------------------------------------------------------------

==============================================================================


      Code (inc. data)   RO Data    RW Data    ZI Data      Debug   

     37516       3920       4540      10496       7224    1454326   Grand Totals
     37516       3920       4540        340       7224    1454326   ELF Image Totals (compressed)
     37516       3920       4540        340          0          0   ROM Totals

==============================================================================

    Total RO  Size (Code + RO Data)                42056 (  41.07kB)
    Total RW  Size (RW Data + ZI Data)             17720 (  17.30kB)
    Total ROM Size (Code + RO Data + RW Data)      42396 (  41.40kB)

==============================================================================

