Component: ARM Compiler 5.06 update 6 (build 750) Tool: armlink [4d35ed]

==============================================================================

Section Cross References

    main.o(i.main) refers to sys.o(i.Cache_Enable) for Cache_Enable
    main.o(i.main) refers to stm32h7xx_hal.o(i.HAL_Init) for HAL_Init
    main.o(i.main) refers to sys.o(i.Stm32_Clock_Init) for Stm32_Clock_Init
    main.o(i.main) refers to delay.o(i.delay_init) for delay_init
    main.o(i.main) refers to usart.o(i.uart_init) for uart_init
    main.o(i.main) refers to usart.o(i.USART_SendFormatted) for USART_SendFormatted
    main.o(i.main) refers to timer.o(i.PWM_Init) for PWM_Init
    main.o(i.main) refers to fan.o(i.Set_Fan_PWM) for Set_Fan_PWM
    main.o(i.main) refers to silde_mode_controller.o(i.InitConstantsToFloat) for InitConstantsToFloat
    main.o(i.main) refers to silde_mode_controller.o(i.InitController) for InitController
    main.o(i.main) refers to usart.o(.bss) for UART1_Handler
    main.o(i.main) refers to main.o(.conststring) for .conststring
    main.o(i.main) refers to fan.o(.bss) for Fan_Control_duty_rate
    main.o(i.main) refers to silde_mode_controller.o(.bss) for ctrl_output
    stm32h7xx_it.o(i.SysTick_Handler) refers to stm32h7xx_hal.o(i.HAL_IncTick) for HAL_IncTick
    system_stm32h7xx.o(i.SystemCoreClockUpdate) refers to system_stm32h7xx.o(.data) for SystemCoreClock
    system_stm32h7xx.o(i.SystemCoreClockUpdate) refers to system_stm32h7xx.o(.constdata) for D1CorePrescTable
    startup_stm32h743xx.o(RESET) refers to startup_stm32h743xx.o(STACK) for __initial_sp
    startup_stm32h743xx.o(RESET) refers to startup_stm32h743xx.o(.text) for Reset_Handler
    startup_stm32h743xx.o(RESET) refers to stm32h7xx_it.o(i.NMI_Handler) for NMI_Handler
    startup_stm32h743xx.o(RESET) refers to stm32h7xx_it.o(i.HardFault_Handler) for HardFault_Handler
    startup_stm32h743xx.o(RESET) refers to stm32h7xx_it.o(i.MemManage_Handler) for MemManage_Handler
    startup_stm32h743xx.o(RESET) refers to stm32h7xx_it.o(i.BusFault_Handler) for BusFault_Handler
    startup_stm32h743xx.o(RESET) refers to stm32h7xx_it.o(i.UsageFault_Handler) for UsageFault_Handler
    startup_stm32h743xx.o(RESET) refers to stm32h7xx_it.o(i.SVC_Handler) for SVC_Handler
    startup_stm32h743xx.o(RESET) refers to stm32h7xx_it.o(i.DebugMon_Handler) for DebugMon_Handler
    startup_stm32h743xx.o(RESET) refers to stm32h7xx_it.o(i.PendSV_Handler) for PendSV_Handler
    startup_stm32h743xx.o(RESET) refers to stm32h7xx_it.o(i.SysTick_Handler) for SysTick_Handler
    startup_stm32h743xx.o(RESET) refers to usart.o(i.USART1_IRQHandler) for USART1_IRQHandler
    startup_stm32h743xx.o(RESET) refers to usart.o(i.USART2_IRQHandler) for USART2_IRQHandler
    startup_stm32h743xx.o(RESET) refers to timer.o(i.TIM6_DAC_IRQHandler) for TIM6_DAC_IRQHandler
    startup_stm32h743xx.o(.text) refers to system_stm32h7xx.o(i.SystemInit) for SystemInit
    startup_stm32h743xx.o(.text) refers to entry.o(.ARM.Collect$$$$00000000) for __main
    silde_mode_controller.o(i.Attitude_Controller) refers to silde_mode_controller.o(i.sat) for sat
    silde_mode_controller.o(i.Attitude_Controller) refers to silde_mode_controller.o(i.custom_fmax) for custom_fmax
    silde_mode_controller.o(i.Attitude_Controller) refers to silde_mode_controller.o(i.custom_fmin) for custom_fmin
    silde_mode_controller.o(i.Attitude_Controller) refers to silde_mode_controller.o(.data) for a_c_f
    silde_mode_controller.o(i.InitConstantsToFloat) refers to silde_mode_controller.o(.data) for mass_f
    silde_mode_controller.o(i.InitController) refers to memseta.o(.text) for __aeabi_memclr4
    silde_mode_controller.o(i.InitController) refers to fan.o(i.Fan_Rotation_Control) for Fan_Rotation_Control
    silde_mode_controller.o(i.InitController) refers to fan.o(.bss) for Fan_Control_duty_rate
    silde_mode_controller.o(i.InitController) refers to silde_mode_controller.o(.bss) for ctrl_output
    silde_mode_controller.o(i.Position_Controller) refers to silde_mode_controller.o(i.update_Rsb) for update_Rsb
    silde_mode_controller.o(i.Position_Controller) refers to silde_mode_controller.o(i.sat) for sat
    silde_mode_controller.o(i.Position_Controller) refers to silde_mode_controller.o(i.custom_fmax) for custom_fmax
    silde_mode_controller.o(i.Position_Controller) refers to silde_mode_controller.o(i.custom_fmin) for custom_fmin
    silde_mode_controller.o(i.Position_Controller) refers to silde_mode_controller.o(.data) for p_c_f
    silde_mode_controller.o(i.Position_Controller) refers to silde_mode_controller.o(.bss) for Rsb
    silde_mode_controller.o(i.update_Rsb) refers to cosf.o(i.__hardfp_cosf) for __hardfp_cosf
    silde_mode_controller.o(i.update_Rsb) refers to sinf.o(i.__hardfp_sinf) for __hardfp_sinf
    silde_mode_controller.o(i.update_Rsb) refers to silde_mode_controller.o(.bss) for Rsb
[...]
    dc.s                                     0x00000000   Number         0  dc.o ABSOLUTE
    handlers.s                               0x00000000   Number         0  handlers.o ABSOLUTE
    init.s                                   0x00000000   Number         0  init.o ABSOLUTE
    main.c                                   0x00000000   Number         0  main.o ABSOLUTE
    main.c                                   0x00000000   Number         0  main.o ABSOLUTE
    stm32h7xx_hal_msp.c                      0x00000000   Number         0  stm32h7xx_hal_msp.o ABSOLUTE
    stm32h7xx_hal_msp.c                      0x00000000   Number         0  stm32h7xx_hal_msp.o ABSOLUTE
    stm32h7xx_it.c                           0x00000000   Number         0  stm32h7xx_it.o ABSOLUTE
    stm32h7xx_it.c                           0x00000000   Number         0  stm32h7xx_it.o ABSOLUTE
    system_stm32h7xx.c                       0x00000000   Number         0  system_stm32h7xx.o ABSOLUTE
    system_stm32h7xx.c                       0x00000000   Number         0  system_stm32h7xx.o ABSOLUTE
    RESET                                    0x08000000   Section      664  startup_stm32h743xx.o(RESET)
    .ARM.Collect$$$$00000000                 0x08000298   Section        0  entry.o(.ARM.Collect$$$$00000000)
    .ARM.Collect$$$$00000001                 0x08000298   Section        4  entry2.o(.ARM.Collect$$$$00000001)
    .ARM.Collect$$$$00000004                 0x0800029c   Section        4  entry5.o(.ARM.Collect$$$$00000004)
    .ARM.Collect$$$$00000008                 0x080002a0   Section        0  entry7b.o(.ARM.Collect$$$$00000008)
    .ARM.Collect$$$$0000000A                 0x080002a0   Section        0  entry8b.o(.ARM.Collect$$$$0000000A)
    .ARM.Collect$$$$0000000B                 0x080002a0   Section        8  entry9a.o(.ARM.Collect$$$$0000000B)
    .ARM.Collect$$$$0000000D                 0x080002a8   Section        0  entry10a.o(.ARM.Collect$$$$0000000D)
    .ARM.Collect$$$$0000000F                 0x080002a8   Section        0  entry11a.o(.ARM.Collect$$$$0000000F)
    .ARM.Collect$$$$00002712                 0x080002a8   Section        4  entry2.o(.ARM.Collect$$$$00002712)
    __lit__00000000                          0x080002a8   Data           4  entry2.o(.ARM.Collect$$$$00002712)
    .rev16_text                              0x080002ac   Section        4  usart.o(.rev16_text)
    $v0                                      0x080002ac   Number         0  usart.o(.rev16_text)
    .text                                    0x080002b0   Section       36  startup_stm32h743xx.o(.text)
    $v0                                      0x080002b0   Number         0  startup_stm32h743xx.o(.text)
    .text                                    0x080002d4   Section        0  uldiv.o(.text)
    .text                                    0x08000336   Section        0  memcpya.o(.text)
    .text                                    0x0800035a   Section        0  memseta.o(.text)
    .text                                    0x0800037e   Section        0  calloc.o(.text)
    .text                                    0x0800039a   Section        0  ffltul.o(.text)
    .text                                    0x080003b6   Section        0  uidiv.o(.text)
    .text                                    0x080003e2   Section        0  llshl.o(.text)
    .text                                    0x08000400   Section        0  llushr.o(.text)
    .text                                    0x08000420   Section        0  fepilogue.o(.text)
    .text                                    0x08000420   Section        0  iusefp.o(.text)
    .text                                    0x0800048e   Section        0  dadd.o(.text)
    .text                                    0x080005dc   Section        0  dmul.o(.text)
    .text                                    0x080006c0   Section        0  ddiv.o(.text)
    .text                                    0x080007a0   Section        0  drnd.o(.text)
    .text                                    0x08000828   Section        0  dfixul.o(.text)
    .text                                    0x08000858   Section       48  cdrcmple.o(.text)
    .text                                    0x08000888   Section       36  init.o(.text)
    .text                                    0x080008ac   Section        0  llsshr.o(.text)
    .text                                    0x080008d0   Section        0  depilogue.o(.text)
    i.Attitude_Controller                    0x0800098c   Section        0  silde_mode_controller.o(i.Attitude_Controller)
    i.BusFault_Handler                       0x08000c90   Section        0  stm32h7xx_it.o(i.BusFault_Handler)
    i.Cache_Enable                           0x08000c94   Section        0  sys.o(i.Cache_Enable)
    i.Calculate_Duty_Rate                    0x08000cb0   Section        0  fan.o(i.Calculate_Duty_Rate)
    i.Calculate_Fan_Speed                    0x08000d74   Section        0  fan.o(i.Calculate_Fan_Speed)
    i.Calculate_Single_Duty                  0x08000fbc   Section        0  fan.o(i.Calculate_Single_Duty)
    i.DebugMon_Handler                       0x08001050   Section        0  stm32h7xx_it.o(i.DebugMon_Handler)
    i.Denormalize_solution                   0x08001054   Section        0  pgd.o(i.Denormalize_solution)
    i.Fan_Rotation_Control                   0x0800110c   Section        0  fan.o(i.Fan_Rotation_Control)
    i.HAL_DMA_Abort_IT                       0x08001188   Section        0  stm32h7xx_hal_dma.o(i.HAL_DMA_Abort_IT)
    i.HAL_EnableCompensationCell             0x08001280   Section        0  stm32h7xx_hal.o(i.HAL_EnableCompensationCell)
    i.HAL_GPIO_Init                          0x08001294   Section        0  stm32h7xx_hal_gpio.o(i.HAL_GPIO_Init)
    i.HAL_GetTick                            0x080014e0   Section        0  stm32h7xx_hal.o(i.HAL_GetTick)
    i.HAL_IncTick                            0x080014ec   Section        0  stm32h7xx_hal.o(i.HAL_IncTick)
    i.HAL_Init                               0x08001504   Section        0  stm32h7xx_hal.o(i.HAL_Init)
    i.HAL_InitTick                           0x08001520   Section        0  stm32h7xx_hal.o(i.HAL_InitTick)
    i.HAL_MspInit                            0x0800156c   Section        0  stm32h7xx_hal_msp.o(i.HAL_MspInit)
    i.HAL_NVIC_EnableIRQ                     0x0800156e   Section        0  stm32h7xx_hal_cortex.o(i.HAL_NVIC_EnableIRQ)
    i.HAL_NVIC_SetPriority                   0x0800158e   Section        0  stm32h7xx_hal_cortex.o(i.HAL_NVIC_SetPriority)
    i.HAL_NVIC_SetPriorityGrouping           0x08001608   Section        0  stm32h7xx_hal_cortex.o(i.HAL_NVIC_SetPriorityGrouping)
    i.HAL_RCCEx_GetD1SysClockFreq            0x08001630   Section        0  stm32h7xx_hal_rcc_ex.o(i.HAL_RCCEx_GetD1SysClockFreq)
    i.HAL_RCCEx_GetD3PCLK1Freq               0x08001668   Section        0  stm32h7xx_hal_rcc_ex.o(i.HAL_RCCEx_GetD3PCLK1Freq)
    i.HAL_RCCEx_GetPLL2ClockFreq             0x08001694   Section        0  stm32h7xx_hal_rcc_ex.o(i.HAL_RCCEx_GetPLL2ClockFreq)
    i.HAL_RCCEx_GetPLL3ClockFreq             0x080018c0   Section        0  stm32h7xx_hal_rcc_ex.o(i.HAL_RCCEx_GetPLL3ClockFreq)
    i.HAL_RCC_ClockConfig                    0x08001aec   Section        0  stm32h7xx_hal_rcc.o(i.HAL_RCC_ClockConfig)
    i.HAL_RCC_GetHCLKFreq                    0x08001d3c   Section        0  stm32h7xx_hal_rcc.o(i.HAL_RCC_GetHCLKFreq)
    i.HAL_RCC_GetPCLK1Freq                   0x08001d74   Section        0  stm32h7xx_hal_rcc.o(i.HAL_RCC_GetPCLK1Freq)
    i.HAL_RCC_GetPCLK2Freq                   0x08001da0   Section        0  stm32h7xx_hal_rcc.o(i.HAL_RCC_GetPCLK2Freq)
    i.HAL_RCC_GetSysClockFreq                0x08001dcc   Section        0  stm32h7xx_hal_rcc.o(i.HAL_RCC_GetSysClockFreq)
    i.HAL_RCC_OscConfig                      0x08002010   Section        0  stm32h7xx_hal_rcc.o(i.HAL_RCC_OscConfig)
    i.HAL_SYSTICK_CLKSourceConfig            0x080026d4   Section        0  stm32h7xx_hal_cortex.o(i.HAL_SYSTICK_CLKSourceConfig)
    i.HAL_SYSTICK_Config                     0x080026fc   Section        0  stm32h7xx_hal_cortex.o(i.HAL_SYSTICK_Config)
    i.HAL_TIMEx_BreakCallback                0x08002730   Section        0  stm32h7xx_hal_tim_ex.o(i.HAL_TIMEx_BreakCallback)
    i.HAL_TIMEx_CommutationCallback          0x08002732   Section        0  stm32h7xx_hal_tim_ex.o(i.HAL_TIMEx_CommutationCallback)
    i.HAL_TIM_IC_CaptureCallback             0x08002734   Section        0  stm32h7xx_hal_tim.o(i.HAL_TIM_IC_CaptureCallback)
    i.HAL_TIM_IRQHandler                     0x08002736   Section        0  stm32h7xx_hal_tim.o(i.HAL_TIM_IRQHandler)
    i.HAL_TIM_OC_DelayElapsedCallback        0x080028ee   Section        0  stm32h7xx_hal_tim.o(i.HAL_TIM_OC_DelayElapsedCallback)
    i.HAL_TIM_PWM_ConfigChannel              0x080028f0   Section        0  stm32h7xx_hal_tim.o(i.HAL_TIM_PWM_ConfigChannel)
    i.HAL_TIM_PWM_Init                       0x08002a64   Section        0  stm32h7xx_hal_tim.o(i.HAL_TIM_PWM_Init)
    i.HAL_TIM_PWM_MspInit                    0x08002a98   Section        0  timer.o(i.HAL_TIM_PWM_MspInit)
    i.HAL_TIM_PWM_PulseFinishedCallback      0x08002c78   Section        0  stm32h7xx_hal_tim.o(i.HAL_TIM_PWM_PulseFinishedCallback)
    i.HAL_TIM_PWM_Start                      0x08002c7c   Section        0  stm32h7xx_hal_tim.o(i.HAL_TIM_PWM_Start)
    i.HAL_TIM_PeriodElapsedCallback          0x08002cec   Section        0  timer.o(i.HAL_TIM_PeriodElapsedCallback)
    i.HAL_TIM_TriggerCallback                0x08002d30   Section        0  stm32h7xx_hal_tim.o(i.HAL_TIM_TriggerCallback)
    i.HAL_UARTEx_WakeupCallback              0x08002d32   Section        0  stm32h7xx_hal_uart_ex.o(i.HAL_UARTEx_WakeupCallback)
    i.HAL_UART_ErrorCallback                 0x08002d34   Section        0  stm32h7xx_hal_uart.o(i.HAL_UART_ErrorCallback)
    i.HAL_UART_IRQHandler                    0x08002d38   Section        0  stm32h7xx_hal_uart.o(i.HAL_UART_IRQHandler)
    i.HAL_UART_Init                          0x08002ef4   Section        0  stm32h7xx_hal_uart.o(i.HAL_UART_Init)
    i.HAL_UART_MspInit                       0x08002f6c   Section        0  usart.o(i.HAL_UART_MspInit)
    i.HAL_UART_Receive_IT                    0x08003084   Section        0  stm32h7xx_hal_uart.o(i.HAL_UART_Receive_IT)
    i.HAL_UART_RxCpltCallback                0x08003164   Section        0  usart.o(i.HAL_UART_RxCpltCallback)
    i.HAL_UART_Transmit                      0x08003280   Section        0  stm32h7xx_hal_uart.o(i.HAL_UART_Transmit)
    i.HAL_UART_TxCpltCallback                0x08003346   Section        0  stm32h7xx_hal_uart.o(i.HAL_UART_TxCpltCallback)
    i.HardFault_Handler                      0x08003348   Section        0  stm32h7xx_it.o(i.HardFault_Handler)
    i.InitConstantsToFloat                   0x0800334c   Section        0  silde_mode_controller.o(i.InitConstantsToFloat)
    i.InitController                         0x0800344c   Section        0  silde_mode_controller.o(i.InitController)
    i.MemManage_Handler                      0x0800347c   Section        0  stm32h7xx_it.o(i.MemManage_Handler)
    i.NMI_Handler                            0x08003480   Section        0  stm32h7xx_it.o(i.NMI_Handler)
    i.PWM_Init                               0x08003484   Section        0  timer.o(i.PWM_Init)
    i.PendSV_Handler                         0x080035c8   Section        0  stm32h7xx_it.o(i.PendSV_Handler)
    i.Position_Controller                    0x080035cc   Section        0  silde_mode_controller.o(i.Position_Controller)
    i.SCB_EnableDCache                       0x080038e8   Section        0  sys.o(i.SCB_EnableDCache)
    SCB_EnableDCache                         0x080038e9   Thumb Code   148  sys.o(i.SCB_EnableDCache)
    i.SCB_EnableICache                       0x08003984   Section        0  sys.o(i.SCB_EnableICache)
    SCB_EnableICache                         0x08003985   Thumb Code   116  sys.o(i.SCB_EnableICache)
    i.SVC_Handler                            0x08003a00   Section        0  stm32h7xx_it.o(i.SVC_Handler)
    i.Set_Fan_PWM                            0x08003a04   Section        0  fan.o(i.Set_Fan_PWM)
    i.Stm32_Clock_Init                       0x08003adc   Section        0  sys.o(i.Stm32_Clock_Init)
    i.SysTick_Handler                        0x08003bd4   Section        0  stm32h7xx_it.o(i.SysTick_Handler)
    i.SystemInit                             0x08003bdc   Section        0  system_stm32h7xx.o(i.SystemInit)
    i.TIM6_DAC_IRQHandler                    0x08003c70   Section        0  timer.o(i.TIM6_DAC_IRQHandler)
    i.TIM_Base_SetConfig                     0x08003c80   Section        0  stm32h7xx_hal_tim.o(i.TIM_Base_SetConfig)
    i.TIM_CCxChannelCmd                      0x08003d4c   Section        0  stm32h7xx_hal_tim.o(i.TIM_CCxChannelCmd)
    i.TIM_OC1_SetConfig                      0x08003d68   Section        0  stm32h7xx_hal_tim.o(i.TIM_OC1_SetConfig)
    i.TIM_OC2_SetConfig                      0x08003e18   Section        0  stm32h7xx_hal_tim.o(i.TIM_OC2_SetConfig)
    i.TIM_OC3_SetConfig                      0x08003ed4   Section        0  stm32h7xx_hal_tim.o(i.TIM_OC3_SetConfig)
    i.TIM_OC4_SetConfig                      0x08003f88   Section        0  stm32h7xx_hal_tim.o(i.TIM_OC4_SetConfig)
    i.TIM_OC5_SetConfig                      0x08004000   Section        0  stm32h7xx_hal_tim.o(i.TIM_OC5_SetConfig)
    TIM_OC5_SetConfig                        0x08004001   Thumb Code    92  stm32h7xx_hal_tim.o(i.TIM_OC5_SetConfig)
    i.TIM_OC6_SetConfig                      0x08004070   Section        0  stm32h7xx_hal_tim.o(i.TIM_OC6_SetConfig)
    TIM_OC6_SetConfig                        0x08004071   Thumb Code    94  stm32h7xx_hal_tim.o(i.TIM_OC6_SetConfig)
    i.TIM_SetCompare                         0x080040e4   Section        0  timer.o(i.TIM_SetCompare)
    i.TIMx_PWM_Init                          0x0800415c   Section        0  timer.o(i.TIMx_PWM_Init)
    i.UART_AdvFeatureConfig                  0x080041bc   Section        0  stm32h7xx_hal_uart.o(i.UART_AdvFeatureConfig)
    i.UART_CheckIdleState                    0x080042a6   Section        0  stm32h7xx_hal_uart.o(i.UART_CheckIdleState)
    i.UART_DMAAbortOnError                   0x0800431a   Section        0  stm32h7xx_hal_uart.o(i.UART_DMAAbortOnError)
    UART_DMAAbortOnError                     0x0800431b   Thumb Code    24  stm32h7xx_hal_uart.o(i.UART_DMAAbortOnError)
    i.UART_EndRxTransfer                     0x08004332   Section        0  stm32h7xx_hal_uart.o(i.UART_EndRxTransfer)
    UART_EndRxTransfer                       0x08004333   Thumb Code    32  stm32h7xx_hal_uart.o(i.UART_EndRxTransfer)
    i.UART_EndTransmit_IT                    0x08004352   Section        0  stm32h7xx_hal_uart.o(i.UART_EndTransmit_IT)
    UART_EndTransmit_IT                      0x08004353   Thumb Code    32  stm32h7xx_hal_uart.o(i.UART_EndTransmit_IT)
    i.UART_Receive_IT                        0x08004372   Section        0  stm32h7xx_hal_uart.o(i.UART_Receive_IT)
    UART_Receive_IT                          0x08004373   Thumb Code   138  stm32h7xx_hal_uart.o(i.UART_Receive_IT)
    i.UART_SetConfig                         0x080043fc   Section        0  stm32h7xx_hal_uart.o(i.UART_SetConfig)
    i.UART_Transmit_IT                       0x08004da0   Section        0  stm32h7xx_hal_uart.o(i.UART_Transmit_IT)
    UART_Transmit_IT                         0x08004da1   Thumb Code   130  stm32h7xx_hal_uart.o(i.UART_Transmit_IT)
    i.UART_WaitOnFlagUntilTimeout            0x08004e22   Section        0  stm32h7xx_hal_uart.o(i.UART_WaitOnFlagUntilTimeout)
    i.USART1_IRQHandler                      0x08004e90   Section        0  usart.o(i.USART1_IRQHandler)
    i.USART2_IRQHandler                      0x08004ea0   Section        0  usart.o(i.USART2_IRQHandler)
    i.USART_SendFormatted                    0x08004eb0   Section        0  usart.o(i.USART_SendFormatted)
    i.UsageFault_Handler                     0x08004f0a   Section        0  stm32h7xx_it.o(i.UsageFault_Handler)
    i.__0vsnprintf                           0x08004f10   Section        0  printfa.o(i.__0vsnprintf)
    i.__ARM_fpclassifyf                      0x08004f3c   Section        0  fpclassifyf.o(i.__ARM_fpclassifyf)
    i.__NVIC_GetPriorityGrouping             0x08004f64   Section        0  stm32h7xx_hal_cortex.o(i.__NVIC_GetPriorityGrouping)
    __NVIC_GetPriorityGrouping               0x08004f65   Thumb Code    10  stm32h7xx_hal_cortex.o(i.__NVIC_GetPriorityGrouping)
    i.__NVIC_SetPriority                     0x08004f74   Section        0  stm32h7xx_hal_cortex.o(i.__NVIC_SetPriority)
    __NVIC_SetPriority                       0x08004f75   Thumb Code    32  stm32h7xx_hal_cortex.o(i.__NVIC_SetPriority)
    i.__hardfp_cosf                          0x08004f9c   Section        0  cosf.o(i.__hardfp_cosf)
    i.__hardfp_round                         0x080050f0   Section        0  round.o(i.__hardfp_round)
    i.__hardfp_sinf                          0x08005190   Section        0  sinf.o(i.__hardfp_sinf)
    i.__hardfp_sqrt                          0x08005324   Section        0  sqrt.o(i.__hardfp_sqrt)
    i.__mathlib_flt_infnan                   0x0800538a   Section        0  funder.o(i.__mathlib_flt_infnan)
    i.__mathlib_flt_invalid                  0x08005390   Section        0  funder.o(i.__mathlib_flt_invalid)
    i.__mathlib_flt_underflow                0x080053a0   Section        0  funder.o(i.__mathlib_flt_underflow)
    i.__mathlib_rredf2                       0x080053b0   Section        0  rredf.o(i.__mathlib_rredf2)
    i.__scatterload_copy                     0x08005504   Section       14  handlers.o(i.__scatterload_copy)
    i.__scatterload_null                     0x08005512   Section        2  handlers.o(i.__scatterload_null)
    i.__scatterload_zeroinit                 0x08005514   Section       14  handlers.o(i.__scatterload_zeroinit)
    i.__set_errno                            0x08005524   Section        0  errno.o(i.__set_errno)
    i._fp_digits                             0x08005530   Section        0  printfa.o(i._fp_digits)
    _fp_digits                               0x08005531   Thumb Code   366  printfa.o(i._fp_digits)
    i._printf_core                           0x080056b4   Section        0  printfa.o(i._printf_core)
    _printf_core                             0x080056b5   Thumb Code  1744  printfa.o(i._printf_core)
    i._printf_post_padding                   0x08005d90   Section        0  printfa.o(i._printf_post_padding)
    _printf_post_padding                     0x08005d91   Thumb Code    36  printfa.o(i._printf_post_padding)
    i._printf_pre_padding                    0x08005db4   Section        0  printfa.o(i._printf_pre_padding)
    _printf_pre_padding                      0x08005db5   Thumb Code    46  printfa.o(i._printf_pre_padding)
    i._snputc                                0x08005de2   Section        0  printfa.o(i._snputc)
    _snputc                                  0x08005de3   Thumb Code    22  printfa.o(i._snputc)
    i.accept_PGD_solution                    0x08005df8   Section        0  fan.o(i.accept_PGD_solution)
    i.apply_constraints                      0x08005e5c   Section        0  pgd.o(i.apply_constraints)
    apply_constraints                        0x08005e5d   Thumb Code    78  pgd.o(i.apply_constraints)
    i.backtracking_line_search               0x08005ebc   Section        0  pgd.o(i.backtracking_line_search)
    i.checked_calloc                         0x0800600c   Section        0  pgd.o(i.checked_calloc)
    checked_calloc                           0x0800600d   Thumb Code    34  pgd.o(i.checked_calloc)
    i.compute_Mx                             0x08006050   Section        0  pgd.o(i.compute_Mx)
    compute_Mx                               0x08006051   Thumb Code    84  pgd.o(i.compute_Mx)
    i.compute_gradient                       0x080060b0   Section        0  pgd.o(i.compute_gradient)
    i.compute_objective                      0x08006178   Section        0  pgd.o(i.compute_objective)
    i.compute_residual                       0x080061e8   Section        0  pgd.o(i.compute_residual)
    i.custom_fmax                            0x080064e8   Section        0  silde_mode_controller.o(i.custom_fmax)
    custom_fmax                              0x080064e9   Thumb Code    12  silde_mode_controller.o(i.custom_fmax)
    i.custom_fmin                            0x080064f4   Section        0  silde_mode_controller.o(i.custom_fmin)
    custom_fmin                              0x080064f5   Thumb Code    12  silde_mode_controller.o(i.custom_fmin)
    i.delay_init                             0x08006500   Section        0  delay.o(i.delay_init)
    i.free                                   0x08006514   Section        0  malloc.o(i.free)
    i.is_in_column_space                     0x08006564   Section        0  pgd.o(i.is_in_column_space)
    i.main                                   0x08006674   Section        0  main.o(i.main)
    i.malloc                                 0x08006730   Section        0  malloc.o(i.malloc)
    i.parse_data                             0x0800679c   Section        0  usart.o(i.parse_data)
    i.print_vector                           0x08006d70   Section        0  pgd.o(i.print_vector)
    i.project_target                         0x08006dcc   Section        0  pgd.o(i.project_target)
    i.projected_gradient_descent             0x08006e50   Section        0  pgd.o(i.projected_gradient_descent)
    i.sat                                    0x080070d0   Section        0  silde_mode_controller.o(i.sat)
    sat                                      0x080070d1   Thumb Code    46  silde_mode_controller.o(i.sat)
    i.send_info                              0x08007100   Section        0  usart.o(i.send_info)
    i.uart_init                              0x08007640   Section        0  usart.o(i.uart_init)
    i.update_Rsb                             0x08007678   Section        0  silde_mode_controller.o(i.update_Rsb)
    .constdata                               0x08007750   Section       64  system_stm32h7xx.o(.constdata)
    UARTPrescTable                           0x08007750   Data          24  system_stm32h7xx.o(.constdata)
    USARTPrescTable                          0x08007768   Data          24  system_stm32h7xx.o(.constdata)
    .constdata                               0x08007790   Section       52  usart.o(.constdata)
    UARTPrescTable                           0x08007790   Data          24  usart.o(.constdata)
    USARTPrescTable                          0x080077a8   Data          24  usart.o(.constdata)
    .constdata                               0x080077c4   Section       48  stm32h7xx_hal_uart.o(.constdata)
    UARTPrescTable                           0x080077c4   Data          24  stm32h7xx_hal_uart.o(.constdata)
    USARTPrescTable                          0x080077dc   Data          24  stm32h7xx_hal_uart.o(.constdata)
    .constdata                               0x080077f8   Section     1200  pgd.o(.constdata)
    UARTPrescTable                           0x080077f8   Data          24  pgd.o(.constdata)
    USARTPrescTable                          0x08007810   Data          24  pgd.o(.constdata)
    .constdata                               0x08007ca8   Section       32  rredf.o(.constdata)
    twooverpi                                0x08007ca8   Data          32  rredf.o(.constdata)
    .conststring                             0x08007cc8   Section      101  main.o(.conststring)
    .conststring                             0x08007d30   Section     1565  usart.o(.conststring)
    .conststring                             0x08008350   Section       82  pgd.o(.conststring)
    .data                                    0x24000000   Section        8  system_stm32h7xx.o(.data)
    .data                                    0x24000008   Section       64  silde_mode_controller.o(.data)
    mass_f                                   0x24000008   Data           4  silde_mode_controller.o(.data)
    ixx_f                                    0x2400000c   Data           4  silde_mode_controller.o(.data)
    iyy_f                                    0x24000010   Data           4  silde_mode_controller.o(.data)
    izz_f                                    0x24000014   Data           4  silde_mode_controller.o(.data)
    fmax_f                                   0x24000018   Data           4  silde_mode_controller.o(.data)
    d_f                                      0x2400001c   Data           4  silde_mode_controller.o(.data)
    epsilon_x_f                              0x24000020   Data           4  silde_mode_controller.o(.data)
    epsilon_y_f                              0x24000024   Data           4  silde_mode_controller.o(.data)
    epsilon_z_f                              0x24000028   Data           4  silde_mode_controller.o(.data)
    epsilon_phi_f                            0x2400002c   Data           4  silde_mode_controller.o(.data)
    epsilon_theta_f                          0x24000030   Data           4  silde_mode_controller.o(.data)
    epsilon_psi_f                            0x24000034   Data           4  silde_mode_controller.o(.data)
    p_c_f                                    0x24000038   Data           4  silde_mode_controller.o(.data)
    a_c_f                                    0x2400003c   Data           4  silde_mode_controller.o(.data)
    p_delta_f                                0x24000040   Data           4  silde_mode_controller.o(.data)
    a_delta_f                                0x24000044   Data           4  silde_mode_controller.o(.data)
    .data                                    0x24000048   Section        4  delay.o(.data)
    fac_us                                   0x24000048   Data           4  delay.o(.data)
    .data                                    0x24000050   Section       68  usart.o(.data)
    pc_rx_sta                                0x24000050   Data           2  usart.o(.data)
    data_rx_sta                              0x24000052   Data           2  usart.o(.data)
    pc_aRxBuffer                             0x24000054   Data           1  usart.o(.data)
    data_aRxBuffer                           0x24000055   Data           1  usart.o(.data)
    frame_error_count                        0x24000058   Data           4  usart.o(.data)
    checksum_error_count                     0x2400005c   Data           4  usart.o(.data)
    data_anomaly_count                       0x24000060   Data           4  usart.o(.data)
    lost_pkt_count                           0x24000068   Data           8  usart.o(.data)
    prev_unix_ns                             0x24000088   Data           8  usart.o(.data)
    prev_seq_id                              0x24000090   Data           4  usart.o(.data)
    .data                                    0x24000094   Section        9  stm32h7xx_hal.o(.data)
    uwTick                                   0x24000094   Data           4  stm32h7xx_hal.o(.data)
    uwTickPrio                               0x24000098   Data           4  stm32h7xx_hal.o(.data)
    uwTickFreq                               0x2400009c   Data           1  stm32h7xx_hal.o(.data)
    .data                                    0x2400009e   Section       10  timer.o(.data)
    .data                                    0x240000a8   Section        4  mvars.o(.data)
    .data                                    0x240000ac   Section        4  mvars.o(.data)
    .data                                    0x240000b0   Section        4  errno.o(.data)
    _errno                                   0x240000b0   Data           4  errno.o(.data)
    .bss                                     0x240000b4   Section      348  silde_mode_controller.o(.bss)
    .bss                                     0x24000210   Section      512  usart.o(.bss)
    pc_rx_buf                                0x24000310   Data         128  usart.o(.bss)
    data_rx_buf                              0x24000390   Data         128  usart.o(.bss)
    .bss                                     0x24000410   Section      432  timer.o(.bss)
    .bss                                     0x240005c0   Section       96  fan.o(.bss)
    HEAP                                     0x24000620   Section      512  startup_stm32h743xx.o(HEAP)
    STACK                                    0x24000820   Section     1024  startup_stm32h743xx.o(STACK)

    Global Symbols

    Symbol Name                              Value     Ov Type        Size  Object(Section)

    BuildAttributes$$THM_ISAv4$E$P$D$K$B$S$7EM$VFPv5_D16$PE$PLD8$A:L22UL41UL21$X:L11$S22US41US21$IEEE1$IW$USESV6$~STKCKD$USESV7$~SHL$OTIME$ROPI$IEEEX$EBA8$MICROLIB$REQ8$PRES8$EABIv2 0x00000000   Number         0  anon$$obj.o ABSOLUTE
    __ARM_use_no_argv                        0x00000000   Number         0  main.o ABSOLUTE
    __cpp_initialize__aeabi_                  - Undefined Weak Reference
    __cxa_finalize                            - Undefined Weak Reference
    __decompress                              - Undefined Weak Reference
    _clock_init                               - Undefined Weak Reference
    _microlib_exit                            - Undefined Weak Reference
    __Vectors_Size                           0x00000298   Number         0  startup_stm32h743xx.o ABSOLUTE
    __Vectors                                0x08000000   Data           4  startup_stm32h743xx.o(RESET)
    __Vectors_End                            0x08000298   Data           0  startup_stm32h743xx.o(RESET)
    __main                                   0x08000299   Thumb Code     0  entry.o(.ARM.Collect$$$$00000000)
    _main_stk                                0x08000299   Thumb Code     0  entry2.o(.ARM.Collect$$$$00000001)
    _main_scatterload                        0x0800029d   Thumb Code     0  entry5.o(.ARM.Collect$$$$00000004)
    __main_after_scatterload                 0x080002a1   Thumb Code     0  entry5.o(.ARM.Collect$$$$00000004)
    _main_clock                              0x080002a1   Thumb Code     0  entry7b.o(.ARM.Collect$$$$00000008)
    _main_cpp_init                           0x080002a1   Thumb Code     0  entry8b.o(.ARM.Collect$$$$0000000A)
    _main_init                               0x080002a1   Thumb Code     0  entry9a.o(.ARM.Collect$$$$0000000B)
    __rt_final_cpp                           0x080002a9   Thumb Code     0  entry10a.o(.ARM.Collect$$$$0000000D)
    __rt_final_exit                          0x080002a9   Thumb Code     0  entry11a.o(.ARM.Collect$$$$0000000F)
    __asm___7_usart_c_5c086861____REV16      0x080002ad   Thumb Code     4  usart.o(.rev16_text)
    Reset_Handler                            0x080002b1   Thumb Code     8  startup_stm32h743xx.o(.text)
    ADC3_IRQHandler                          0x080002cb   Thumb Code     0  startup_stm32h743xx.o(.text)
    ADC_IRQHandler                           0x080002cb   Thumb Code     0  startup_stm32h743xx.o(.text)
    BDMA_Channel0_IRQHandler                 0x080002cb   Thumb Code     0  startup_stm32h743xx.o(.text)
    BDMA_Channel1_IRQHandler                 0x080002cb   Thumb Code     0  startup_stm32h743xx.o(.text)
    BDMA_Channel2_IRQHandler                 0x080002cb   Thumb Code     0  startup_stm32h743xx.o(.text)
    BDMA_Channel3_IRQHandler                 0x080002cb   Thumb Code     0  startup_stm32h743xx.o(.text)
    BDMA_Channel4_IRQHandler                 0x080002cb   Thumb Code     0  startup_stm32h743xx.o(.text)
    BDMA_Channel5_IRQHandler                 0x080002cb   Thumb Code     0  startup_stm32h743xx.o(.text)
    BDMA_Channel6_IRQHandler                 0x080002cb   Thumb Code     0  startup_stm32h743xx.o(.text)
    BDMA_Channel7_IRQHandler                 0x080002cb   Thumb Code     0  startup_stm32h743xx.o(.text)
    CEC_IRQHandler                           0x080002cb   Thumb Code     0  startup_stm32h743xx.o(.text)
    COMP1_IRQHandler                         0x080002cb   Thumb Code     0  startup_stm32h743xx.o(.text)
    CRS_IRQHandler                           0x080002cb   Thumb Code     0  startup_stm32h743xx.o(.text)
    DCMI_IRQHandler                          0x080002cb   Thumb Code     0  startup_stm32h743xx.o(.text)
    DFSDM1_FLT0_IRQHandler                   0x080002cb   Thumb Code     0  startup_stm32h743xx.o(.text)
    DFSDM1_FLT1_IRQHandler                   0x080002cb   Thumb Code     0  startup_stm32h743xx.o(.text)
    DFSDM1_FLT2_IRQHandler                   0x080002cb   Thumb Code     0  startup_stm32h743xx.o(.text)
    DFSDM1_FLT3_IRQHandler                   0x080002cb   Thumb Code     0  startup_stm32h743xx.o(.text)
    DMA1_Stream0_IRQHandler                  0x080002cb   Thumb Code     0  startup_stm32h743xx.o(.text)
    DMA1_Stream1_IRQHandler                  0x080002cb   Thumb Code     0  startup_stm32h743xx.o(.text)
    DMA1_Stream2_IRQHandler                  0x080002cb   Thumb Code     0  startup_stm32h743xx.o(.text)
    DMA1_Stream3_IRQHandler                  0x080002cb   Thumb Code     0  startup_stm32h743xx.o(.text)
    DMA1_Stream4_IRQHandler                  0x080002cb   Thumb Code     0  startup_stm32h743xx.o(.text)
    DMA1_Stream5_IRQHandler                  0x080002cb   Thumb Code     0  startup_stm32h743xx.o(.text)
    DMA1_Stream6_IRQHandler                  0x080002cb   Thumb Code     0  startup_stm32h743xx.o(.text)
    DMA1_Stream7_IRQHandler                  0x080002cb   Thumb Code     0  startup_stm32h743xx.o(.text)
    DMA2D_IRQHandler                         0x080002cb   Thumb Code     0  startup_stm32h743xx.o(.text)
    DMA2_Stream0_IRQHandler                  0x080002cb   Thumb Code     0  startup_stm32h743xx.o(.text)
    DMA2_Stream1_IRQHandler                  0x080002cb   Thumb Code     0  startup_stm32h743xx.o(.text)
    DMA2_Stream2_IRQHandler                  0x080002cb   Thumb Code     0  startup_stm32h743xx.o(.text)
    DMA2_Stream3_IRQHandler                  0x080002cb   Thumb Code     0  startup_stm32h743xx.o(.text)
    DMA2_Stream4_IRQHandler                  0x080002cb   Thumb Code     0  startup_stm32h743xx.o(.text)
    DMA2_Stream5_IRQHandler                  0x080002cb   Thumb Code     0  startup_stm32h743xx.o(.text)
    DMA2_Stream6_IRQHandler                  0x080002cb   Thumb Code     0  startup_stm32h743xx.o(.text)
    DMA2_Stream7_IRQHandler                  0x080002cb   Thumb Code     0  startup_stm32h743xx.o(.text)
    DMAMUX1_OVR_IRQHandler                   0x080002cb   Thumb Code     0  startup_stm32h743xx.o(.text)
    DMAMUX2_OVR_IRQHandler                   0x080002cb   Thumb Code     0  startup_stm32h743xx.o(.text)
    ETH_IRQHandler                           0x080002cb   Thumb Code     0  startup_stm32h743xx.o(.text)
    ETH_WKUP_IRQHandler                      0x080002cb   Thumb Code     0  startup_stm32h743xx.o(.text)
    EXTI0_IRQHandler                         0x080002cb   Thumb Code     0  startup_stm32h743xx.o(.text)
    EXTI15_10_IRQHandler                     0x080002cb   Thumb Code     0  startup_stm32h743xx.o(.text)
    EXTI1_IRQHandler                         0x080002cb   Thumb Code     0  startup_stm32h743xx.o(.text)
    EXTI2_IRQHandler                         0x080002cb   Thumb Code     0  startup_stm32h743xx.o(.text)
    EXTI3_IRQHandler                         0x080002cb   Thumb Code     0  startup_stm32h743xx.o(.text)
    EXTI4_IRQHandler                         0x080002cb   Thumb Code     0  startup_stm32h743xx.o(.text)
    EXTI9_5_IRQHandler                       0x080002cb   Thumb Code     0  startup_stm32h743xx.o(.text)
    FDCAN1_IT0_IRQHandler                    0x080002cb   Thumb Code     0  startup_stm32h743xx.o(.text)
    FDCAN1_IT1_IRQHandler                    0x080002cb   Thumb Code     0  startup_stm32h743xx.o(.text)
    FDCAN2_IT0_IRQHandler                    0x080002cb   Thumb Code     0  startup_stm32h743xx.o(.text)
    FDCAN2_IT1_IRQHandler                    0x080002cb   Thumb Code     0  startup_stm32h743xx.o(.text)
    FDCAN_CAL_IRQHandler                     0x080002cb   Thumb Code     0  startup_stm32h743xx.o(.text)
    FLASH_IRQHandler                         0x080002cb   Thumb Code     0  startup_stm32h743xx.o(.text)
    FMC_IRQHandler                           0x080002cb   Thumb Code     0  startup_stm32h743xx.o(.text)
    FPU_IRQHandler                           0x080002cb   Thumb Code     0  startup_stm32h743xx.o(.text)
    HRTIM1_FLT_IRQHandler                    0x080002cb   Thumb Code     0  startup_stm32h743xx.o(.text)
    HRTIM1_Master_IRQHandler                 0x080002cb   Thumb Code     0  startup_stm32h743xx.o(.text)
    HRTIM1_TIMA_IRQHandler                   0x080002cb   Thumb Code     0  startup_stm32h743xx.o(.text)
    HRTIM1_TIMB_IRQHandler                   0x080002cb   Thumb Code     0  startup_stm32h743xx.o(.text)
    HRTIM1_TIMC_IRQHandler                   0x080002cb   Thumb Code     0  startup_stm32h743xx.o(.text)
    HRTIM1_TIMD_IRQHandler                   0x080002cb   Thumb Code     0  startup_stm32h743xx.o(.text)
    HRTIM1_TIME_IRQHandler                   0x080002cb   Thumb Code     0  startup_stm32h743xx.o(.text)
    HSEM1_IRQHandler                         0x080002cb   Thumb Code     0  startup_stm32h743xx.o(.text)
    I2C1_ER_IRQHandler                       0x080002cb   Thumb Code     0  startup_stm32h743xx.o(.text)
    I2C1_EV_IRQHandler                       0x080002cb   Thumb Code     0  startup_stm32h743xx.o(.text)
    I2C2_ER_IRQHandler                       0x080002cb   Thumb Code     0  startup_stm32h743xx.o(.text)
    I2C2_EV_IRQHandler                       0x080002cb   Thumb Code     0  startup_stm32h743xx.o(.text)
    I2C3_ER_IRQHandler                       0x080002cb   Thumb Code     0  startup_stm32h743xx.o(.text)
    I2C3_EV_IRQHandler                       0x080002cb   Thumb Code     0  startup_stm32h743xx.o(.text)
    I2C4_ER_IRQHandler                       0x080002cb   Thumb Code     0  startup_stm32h743xx.o(.text)
    I2C4_EV_IRQHandler                       0x080002cb   Thumb Code     0  startup_stm32h743xx.o(.text)
    JPEG_IRQHandler                          0x080002cb   Thumb Code     0  startup_stm32h743xx.o(.text)
    LPTIM1_IRQHandler                        0x080002cb   Thumb Code     0  startup_stm32h743xx.o(.text)
    LPTIM2_IRQHandler                        0x080002cb   Thumb Code     0  startup_stm32h743xx.o(.text)
    LPTIM3_IRQHandler                        0x080002cb   Thumb Code     0  startup_stm32h743xx.o(.text)
    LPTIM4_IRQHandler                        0x080002cb   Thumb Code     0  startup_stm32h743xx.o(.text)
    LPTIM5_IRQHandler                        0x080002cb   Thumb Code     0  startup_stm32h743xx.o(.text)
    LPUART1_IRQHandler                       0x080002cb   Thumb Code     0  startup_stm32h743xx.o(.text)
    LTDC_ER_IRQHandler                       0x080002cb   Thumb Code     0  startup_stm32h743xx.o(.text)
    LTDC_IRQHandler                          0x080002cb   Thumb Code     0  startup_stm32h743xx.o(.text)
    MDIOS_IRQHandler                         0x080002cb   Thumb Code     0  startup_stm32h743xx.o(.text)
    MDIOS_WKUP_IRQHandler                    0x080002cb   Thumb Code     0  startup_stm32h743xx.o(.text)
    MDMA_IRQHandler                          0x080002cb   Thumb Code     0  startup_stm32h743xx.o(.text)
    OTG_FS_EP1_IN_IRQHandler                 0x080002cb   Thumb Code     0  startup_stm32h743xx.o(.text)
    OTG_FS_EP1_OUT_IRQHandler                0x080002cb   Thumb Code     0  startup_stm32h743xx.o(.text)
    OTG_FS_IRQHandler                        0x080002cb   Thumb Code     0  startup_stm32h743xx.o(.text)
    OTG_FS_WKUP_IRQHandler                   0x080002cb   Thumb Code     0  startup_stm32h743xx.o(.text)
    OTG_HS_EP1_IN_IRQHandler                 0x080002cb   Thumb Code     0  startup_stm32h743xx.o(.text)
    OTG_HS_EP1_OUT_IRQHandler                0x080002cb   Thumb Code     0  startup_stm32h743xx.o(.text)
    OTG_HS_IRQHandler                        0x080002cb   Thumb Code     0  startup_stm32h743xx.o(.text)
    OTG_HS_WKUP_IRQHandler                   0x080002cb   Thumb Code     0  startup_stm32h743xx.o(.text)
    PVD_AVD_IRQHandler                       0x080002cb   Thumb Code     0  startup_stm32h743xx.o(.text)
    QUADSPI_IRQHandler                       0x080002cb   Thumb Code     0  startup_stm32h743xx.o(.text)
    RCC_IRQHandler                           0x080002cb   Thumb Code     0  startup_stm32h743xx.o(.text)
    RNG_IRQHandler                           0x080002cb   Thumb Code     0  startup_stm32h743xx.o(.text)
    RTC_Alarm_IRQHandler                     0x080002cb   Thumb Code     0  startup_stm32h743xx.o(.text)
    RTC_WKUP_IRQHandler                      0x080002cb   Thumb Code     0  startup_stm32h743xx.o(.text)
    SAI1_IRQHandler                          0x080002cb   Thumb Code     0  startup_stm32h743xx.o(.text)
    SAI2_IRQHandler                          0x080002cb   Thumb Code     0  startup_stm32h743xx.o(.text)
    SAI3_IRQHandler                          0x080002cb   Thumb Code     0  startup_stm32h743xx.o(.text)
    SAI4_IRQHandler                          0x080002cb   Thumb Code     0  startup_stm32h743xx.o(.text)
    SDMMC1_IRQHandler                        0x080002cb   Thumb Code     0  startup_stm32h743xx.o(.text)
    SDMMC2_IRQHandler                        0x080002cb   Thumb Code     0  startup_stm32h743xx.o(.text)
    SPDIF_RX_IRQHandler                      0x080002cb   Thumb Code     0  startup_stm32h743xx.o(.text)
    SPI1_IRQHandler                          0x080002cb   Thumb Code     0  startup_stm32h743xx.o(.text)
    SPI2_IRQHandler                          0x080002cb   Thumb Code     0  startup_stm32h743xx.o(.text)
    SPI3_IRQHandler                          0x080002cb   Thumb Code     0  startup_stm32h743xx.o(.text)
    SPI4_IRQHandler                          0x080002cb   Thumb Code     0  startup_stm32h743xx.o(.text)
    SPI5_IRQHandler                          0x080002cb   Thumb Code     0  startup_stm32h743xx.o(.text)
    SPI6_IRQHandler                          0x080002cb   Thumb Code     0  startup_stm32h743xx.o(.text)
    SWPMI1_IRQHandler                        0x080002cb   Thumb Code     0  startup_stm32h743xx.o(.text)
    TAMP_STAMP_IRQHandler                    0x080002cb   Thumb Code     0  startup_stm32h743xx.o(.text)
    TIM15_IRQHandler                         0x080002cb   Thumb Code     0  startup_stm32h743xx.o(.text)
    TIM16_IRQHandler                         0x080002cb   Thumb Code     0  startup_stm32h743xx.o(.text)
    TIM17_IRQHandler                         0x080002cb   Thumb Code     0  startup_stm32h743xx.o(.text)
    TIM1_BRK_IRQHandler                      0x080002cb   Thumb Code     0  startup_stm32h743xx.o(.text)
    TIM1_CC_IRQHandler                       0x080002cb   Thumb Code     0  startup_stm32h743xx.o(.text)
    TIM1_TRG_COM_IRQHandler                  0x080002cb   Thumb Code     0  startup_stm32h743xx.o(.text)
    TIM1_UP_IRQHandler                       0x080002cb   Thumb Code     0  startup_stm32h743xx.o(.text)
    TIM2_IRQHandler                          0x080002cb   Thumb Code     0  startup_stm32h743xx.o(.text)
    TIM3_IRQHandler                          0x080002cb   Thumb Code     0  startup_stm32h743xx.o(.text)
    TIM4_IRQHandler                          0x080002cb   Thumb Code     0  startup_stm32h743xx.o(.text)
    TIM5_IRQHandler                          0x080002cb   Thumb Code     0  startup_stm32h743xx.o(.text)
    TIM7_IRQHandler                          0x080002cb   Thumb Code     0  startup_stm32h743xx.o(.text)
    TIM8_BRK_TIM12_IRQHandler                0x080002cb   Thumb Code     0  startup_stm32h743xx.o(.text)
    TIM8_CC_IRQHandler                       0x080002cb   Thumb Code     0  startup_stm32h743xx.o(.text)
    TIM8_TRG_COM_TIM14_IRQHandler            0x080002cb   Thumb Code     0  startup_stm32h743xx.o(.text)
    TIM8_UP_TIM13_IRQHandler                 0x080002cb   Thumb Code     0  startup_stm32h743xx.o(.text)
    UART4_IRQHandler                         0x080002cb   Thumb Code     0  startup_stm32h743xx.o(.text)
    UART5_IRQHandler                         0x080002cb   Thumb Code     0  startup_stm32h743xx.o(.text)
    UART7_IRQHandler                         0x080002cb   Thumb Code     0  startup_stm32h743xx.o(.text)
    UART8_IRQHandler                         0x080002cb   Thumb Code     0  startup_stm32h743xx.o(.text)
    USART3_IRQHandler                        0x080002cb   Thumb Code     0  startup_stm32h743xx.o(.text)
    USART6_IRQHandler                        0x080002cb   Thumb Code     0  startup_stm32h743xx.o(.text)
    WAKEUP_PIN_IRQHandler                    0x080002cb   Thumb Code     0  startup_stm32h743xx.o(.text)
    WWDG_IRQHandler                          0x080002cb   Thumb Code     0  startup_stm32h743xx.o(.text)
    __aeabi_uldivmod                         0x080002d5   Thumb Code    98  uldiv.o(.text)
    __aeabi_memcpy                           0x08000337   Thumb Code    36  memcpya.o(.text)
    __aeabi_memcpy4                          0x08000337   Thumb Code     0  memcpya.o(.text)
    __aeabi_memcpy8                          0x08000337   Thumb Code     0  memcpya.o(.text)
    __aeabi_memset                           0x0800035b   Thumb Code    14  memseta.o(.text)
    __aeabi_memset4                          0x0800035b   Thumb Code     0  memseta.o(.text)
    __aeabi_memset8                          0x0800035b   Thumb Code     0  memseta.o(.text)
    __aeabi_memclr                           0x08000369   Thumb Code     4  memseta.o(.text)
    __aeabi_memclr4                          0x08000369   Thumb Code     0  memseta.o(.text)
    __aeabi_memclr8                          0x08000369   Thumb Code     0  memseta.o(.text)
    _memset$wrapper                          0x0800036d   Thumb Code    18  memseta.o(.text)
    calloc                                   0x0800037f   Thumb Code    28  calloc.o(.text)
    __aeabi_ul2f                             0x0800039b   Thumb Code    28  ffltul.o(.text)
    __aeabi_uidiv                            0x080003b7   Thumb Code     0  uidiv.o(.text)
    __aeabi_uidivmod                         0x080003b7   Thumb Code    44  uidiv.o(.text)
    __aeabi_llsl                             0x080003e3   Thumb Code    30  llshl.o(.text)
    _ll_shift_l                              0x080003e3   Thumb Code     0  llshl.o(.text)
    __aeabi_llsr                             0x08000401   Thumb Code    32  llushr.o(.text)
    _ll_ushift_r                             0x08000401   Thumb Code     0  llushr.o(.text)
    __I$use$fp                               0x08000421   Thumb Code     0  iusefp.o(.text)
    _float_round                             0x08000421   Thumb Code    18  fepilogue.o(.text)
    _float_epilogue                          0x08000433   Thumb Code    92  fepilogue.o(.text)
    __aeabi_dadd                             0x0800048f   Thumb Code   322  dadd.o(.text)
    __aeabi_dsub                             0x080005d1   Thumb Code     6  dadd.o(.text)
    __aeabi_drsub                            0x080005d7   Thumb Code     6  dadd.o(.text)
    __aeabi_dmul                             0x080005dd   Thumb Code   228  dmul.o(.text)
    __aeabi_ddiv                             0x080006c1   Thumb Code   222  ddiv.o(.text)
    _drnd                                    0x080007a1   Thumb Code   132  drnd.o(.text)
    __aeabi_d2ulz                            0x08000829   Thumb Code    48  dfixul.o(.text)
    __aeabi_cdrcmple                         0x08000859   Thumb Code    48  cdrcmple.o(.text)
    __scatterload                            0x08000889   Thumb Code    28  init.o(.text)
    __scatterload_rt2                        0x08000889   Thumb Code     0  init.o(.text)
    __aeabi_lasr                             0x080008ad   Thumb Code    36  llsshr.o(.text)
    _ll_sshift_r                             0x080008ad   Thumb Code     0  llsshr.o(.text)
    _double_round                            0x080008d1   Thumb Code    30  depilogue.o(.text)
    _double_epilogue                         0x080008ef   Thumb Code   156  depilogue.o(.text)
    Attitude_Controller                      0x0800098d   Thumb Code   730  silde_mode_controller.o(i.Attitude_Controller)
    BusFault_Handler                         0x08000c91   Thumb Code     4  stm32h7xx_it.o(i.BusFault_Handler)
    Cache_Enable                             0x08000c95   Thumb Code    24  sys.o(i.Cache_Enable)
    Calculate_Duty_Rate                      0x08000cb1   Thumb Code   196  fan.o(i.Calculate_Duty_Rate)
    Calculate_Fan_Speed                      0x08000d75   Thumb Code   354  fan.o(i.Calculate_Fan_Speed)
    Calculate_Single_Duty                    0x08000fbd   Thumb Code   112  fan.o(i.Calculate_Single_Duty)
    DebugMon_Handler                         0x08001051   Thumb Code     2  stm32h7xx_it.o(i.DebugMon_Handler)
    Denormalize_solution                     0x08001055   Thumb Code   142  pgd.o(i.Denormalize_solution)
    Fan_Rotation_Control                     0x0800110d   Thumb Code    56  fan.o(i.Fan_Rotation_Control)
    HAL_DMA_Abort_IT                         0x08001189   Thumb Code   236  stm32h7xx_hal_dma.o(i.HAL_DMA_Abort_IT)
    HAL_EnableCompensationCell               0x08001281   Thumb Code    14  stm32h7xx_hal.o(i.HAL_EnableCompensationCell)
    HAL_GPIO_Init                            0x08001295   Thumb Code   534  stm32h7xx_hal_gpio.o(i.HAL_GPIO_Init)
    HAL_GetTick                              0x080014e1   Thumb Code     6  stm32h7xx_hal.o(i.HAL_GetTick)
    HAL_IncTick                              0x080014ed   Thumb Code    16  stm32h7xx_hal.o(i.HAL_IncTick)
    HAL_Init                                 0x08001505   Thumb Code    28  stm32h7xx_hal.o(i.HAL_Init)
    HAL_InitTick                             0x08001521   Thumb Code    64  stm32h7xx_hal.o(i.HAL_InitTick)
    HAL_MspInit                              0x0800156d   Thumb Code     2  stm32h7xx_hal_msp.o(i.HAL_MspInit)
    HAL_NVIC_EnableIRQ                       0x0800156f   Thumb Code    32  stm32h7xx_hal_cortex.o(i.HAL_NVIC_EnableIRQ)
    HAL_NVIC_SetPriority                     0x0800158f   Thumb Code   122  stm32h7xx_hal_cortex.o(i.HAL_NVIC_SetPriority)
    HAL_NVIC_SetPriorityGrouping             0x08001609   Thumb Code    32  stm32h7xx_hal_cortex.o(i.HAL_NVIC_SetPriorityGrouping)
    HAL_RCCEx_GetD1SysClockFreq              0x08001631   Thumb Code    44  stm32h7xx_hal_rcc_ex.o(i.HAL_RCCEx_GetD1SysClockFreq)
    HAL_RCCEx_GetD3PCLK1Freq                 0x08001669   Thumb Code    34  stm32h7xx_hal_rcc_ex.o(i.HAL_RCCEx_GetD3PCLK1Freq)
    HAL_RCCEx_GetPLL2ClockFreq               0x08001695   Thumb Code   532  stm32h7xx_hal_rcc_ex.o(i.HAL_RCCEx_GetPLL2ClockFreq)
    HAL_RCCEx_GetPLL3ClockFreq               0x080018c1   Thumb Code   532  stm32h7xx_hal_rcc_ex.o(i.HAL_RCCEx_GetPLL3ClockFreq)
    HAL_RCC_ClockConfig                      0x08001aed   Thumb Code   574  stm32h7xx_hal_rcc.o(i.HAL_RCC_ClockConfig)
    HAL_RCC_GetHCLKFreq                      0x08001d3d   Thumb Code    42  stm32h7xx_hal_rcc.o(i.HAL_RCC_GetHCLKFreq)
    HAL_RCC_GetPCLK1Freq                     0x08001d75   Thumb Code    34  stm32h7xx_hal_rcc.o(i.HAL_RCC_GetPCLK1Freq)
    HAL_RCC_GetPCLK2Freq                     0x08001da1   Thumb Code    36  stm32h7xx_hal_rcc.o(i.HAL_RCC_GetPCLK2Freq)
    HAL_RCC_GetSysClockFreq                  0x08001dcd   Thumb Code   556  stm32h7xx_hal_rcc.o(i.HAL_RCC_GetSysClockFreq)
    HAL_RCC_OscConfig                        0x08002011   Thumb Code  1724  stm32h7xx_hal_rcc.o(i.HAL_RCC_OscConfig)
    HAL_SYSTICK_CLKSourceConfig              0x080026d5   Thumb Code    40  stm32h7xx_hal_cortex.o(i.HAL_SYSTICK_CLKSourceConfig)
    HAL_SYSTICK_Config                       0x080026fd   Thumb Code    52  stm32h7xx_hal_cortex.o(i.HAL_SYSTICK_Config)
    HAL_TIMEx_BreakCallback                  0x08002731   Thumb Code     2  stm32h7xx_hal_tim_ex.o(i.HAL_TIMEx_BreakCallback)
    HAL_TIMEx_CommutationCallback            0x08002733   Thumb Code     2  stm32h7xx_hal_tim_ex.o(i.HAL_TIMEx_CommutationCallback)
    HAL_TIM_IC_CaptureCallback               0x08002735   Thumb Code     2  stm32h7xx_hal_tim.o(i.HAL_TIM_IC_CaptureCallback)
    HAL_TIM_IRQHandler                       0x08002737   Thumb Code   440  stm32h7xx_hal_tim.o(i.HAL_TIM_IRQHandler)
    HAL_TIM_OC_DelayElapsedCallback          0x080028ef   Thumb Code     2  stm32h7xx_hal_tim.o(i.HAL_TIM_OC_DelayElapsedCallback)
    HAL_TIM_PWM_ConfigChannel                0x080028f1   Thumb Code   372  stm32h7xx_hal_tim.o(i.HAL_TIM_PWM_ConfigChannel)
    HAL_TIM_PWM_Init                         0x08002a65   Thumb Code    52  stm32h7xx_hal_tim.o(i.HAL_TIM_PWM_Init)
    HAL_TIM_PWM_MspInit                      0x08002a99   Thumb Code   444  timer.o(i.HAL_TIM_PWM_MspInit)
    HAL_TIM_PWM_PulseFinishedCallback        0x08002c79   Thumb Code     2  stm32h7xx_hal_tim.o(i.HAL_TIM_PWM_PulseFinishedCallback)
    HAL_TIM_PWM_Start                        0x08002c7d   Thumb Code    92  stm32h7xx_hal_tim.o(i.HAL_TIM_PWM_Start)
    HAL_TIM_PeriodElapsedCallback            0x08002ced   Thumb Code    44  timer.o(i.HAL_TIM_PeriodElapsedCallback)
    HAL_TIM_TriggerCallback                  0x08002d31   Thumb Code     2  stm32h7xx_hal_tim.o(i.HAL_TIM_TriggerCallback)
    HAL_UARTEx_WakeupCallback                0x08002d33   Thumb Code     2  stm32h7xx_hal_uart_ex.o(i.HAL_UARTEx_WakeupCallback)
    HAL_UART_ErrorCallback                   0x08002d35   Thumb Code     2  stm32h7xx_hal_uart.o(i.HAL_UART_ErrorCallback)
    HAL_UART_IRQHandler                      0x08002d39   Thumb Code   434  stm32h7xx_hal_uart.o(i.HAL_UART_IRQHandler)
    HAL_UART_Init                            0x08002ef5   Thumb Code   120  stm32h7xx_hal_uart.o(i.HAL_UART_Init)
    HAL_UART_MspInit                         0x08002f6d   Thumb Code   264  usart.o(i.HAL_UART_MspInit)
    HAL_UART_Receive_IT                      0x08003085   Thumb Code   224  stm32h7xx_hal_uart.o(i.HAL_UART_Receive_IT)
    HAL_UART_RxCpltCallback                  0x08003165   Thumb Code   210  usart.o(i.HAL_UART_RxCpltCallback)
    HAL_UART_Transmit                        0x08003281   Thumb Code   198  stm32h7xx_hal_uart.o(i.HAL_UART_Transmit)
    HAL_UART_TxCpltCallback                  0x08003347   Thumb Code     2  stm32h7xx_hal_uart.o(i.HAL_UART_TxCpltCallback)
    HardFault_Handler                        0x08003349   Thumb Code     4  stm32h7xx_it.o(i.HardFault_Handler)
    InitConstantsToFloat                     0x0800334d   Thumb Code   162  silde_mode_controller.o(i.InitConstantsToFloat)
    InitController                           0x0800344d   Thumb Code    34  silde_mode_controller.o(i.InitController)
    MemManage_Handler                        0x0800347d   Thumb Code     4  stm32h7xx_it.o(i.MemManage_Handler)
    NMI_Handler                              0x08003481   Thumb Code     2  stm32h7xx_it.o(i.NMI_Handler)
    PWM_Init                                 0x08003485   Thumb Code   276  timer.o(i.PWM_Init)
    PendSV_Handler                           0x080035c9   Thumb Code     2  stm32h7xx_it.o(i.PendSV_Handler)
    Position_Controller                      0x080035cd   Thumb Code   764  silde_mode_controller.o(i.Position_Controller)
    SVC_Handler                              0x08003a01   Thumb Code     2  stm32h7xx_it.o(i.SVC_Handler)
    Set_Fan_PWM                              0x08003a05   Thumb Code   198  fan.o(i.Set_Fan_PWM)
    Stm32_Clock_Init                         0x08003add   Thumb Code   238  sys.o(i.Stm32_Clock_Init)
    SysTick_Handler                          0x08003bd5   Thumb Code     8  stm32h7xx_it.o(i.SysTick_Handler)
    SystemInit                               0x08003bdd   Thumb Code   130  system_stm32h7xx.o(i.SystemInit)
    TIM6_DAC_IRQHandler                      0x08003c71   Thumb Code    10  timer.o(i.TIM6_DAC_IRQHandler)
    TIM_Base_SetConfig                       0x08003c81   Thumb Code   172  stm32h7xx_hal_tim.o(i.TIM_Base_SetConfig)
    TIM_CCxChannelCmd                        0x08003d4d   Thumb Code    28  stm32h7xx_hal_tim.o(i.TIM_CCxChannelCmd)
    TIM_OC1_SetConfig                        0x08003d69   Thumb Code   152  stm32h7xx_hal_tim.o(i.TIM_OC1_SetConfig)
    TIM_OC2_SetConfig                        0x08003e19   Thumb Code   162  stm32h7xx_hal_tim.o(i.TIM_OC2_SetConfig)
    TIM_OC3_SetConfig                        0x08003ed5   Thumb Code   160  stm32h7xx_hal_tim.o(i.TIM_OC3_SetConfig)
    TIM_OC4_SetConfig                        0x08003f89   Thumb Code    98  stm32h7xx_hal_tim.o(i.TIM_OC4_SetConfig)
    TIM_SetCompare                           0x080040e5   Thumb Code   116  timer.o(i.TIM_SetCompare)
    TIMx_PWM_Init                            0x0800415d   Thumb Code    78  timer.o(i.TIMx_PWM_Init)
    UART_AdvFeatureConfig                    0x080041bd   Thumb Code   234  stm32h7xx_hal_uart.o(i.UART_AdvFeatureConfig)
    UART_CheckIdleState                      0x080042a7   Thumb Code   116  stm32h7xx_hal_uart.o(i.UART_CheckIdleState)
    UART_SetConfig                           0x080043fd   Thumb Code  2452  stm32h7xx_hal_uart.o(i.UART_SetConfig)
    UART_WaitOnFlagUntilTimeout              0x08004e23   Thumb Code   108  stm32h7xx_hal_uart.o(i.UART_WaitOnFlagUntilTimeout)
    USART1_IRQHandler                        0x08004e91   Thumb Code    10  usart.o(i.USART1_IRQHandler)
    USART2_IRQHandler                        0x08004ea1   Thumb Code    10  usart.o(i.USART2_IRQHandler)
    USART_SendFormatted                      0x08004eb1   Thumb Code    90  usart.o(i.USART_SendFormatted)
    UsageFault_Handler                       0x08004f0b   Thumb Code     4  stm32h7xx_it.o(i.UsageFault_Handler)
    __0vsnprintf                             0x08004f11   Thumb Code    40  printfa.o(i.__0vsnprintf)
    __1vsnprintf                             0x08004f11   Thumb Code     0  printfa.o(i.__0vsnprintf)
    __2vsnprintf                             0x08004f11   Thumb Code     0  printfa.o(i.__0vsnprintf)
    __c89vsnprintf                           0x08004f11   Thumb Code     0  printfa.o(i.__0vsnprintf)
    vsnprintf                                0x08004f11   Thumb Code     0  printfa.o(i.__0vsnprintf)
    __ARM_fpclassifyf                        0x08004f3d   Thumb Code    38  fpclassifyf.o(i.__ARM_fpclassifyf)
    __hardfp_cosf                            0x08004f9d   Thumb Code   276  cosf.o(i.__hardfp_cosf)
    __hardfp_round                           0x080050f1   Thumb Code   136  round.o(i.__hardfp_round)
    __hardfp_sinf                            0x08005191   Thumb Code   344  sinf.o(i.__hardfp_sinf)
    __hardfp_sqrt                            0x08005325   Thumb Code   102  sqrt.o(i.__hardfp_sqrt)
    __mathlib_flt_infnan                     0x0800538b   Thumb Code     6  funder.o(i.__mathlib_flt_infnan)
    __mathlib_flt_invalid                    0x08005391   Thumb Code    10  funder.o(i.__mathlib_flt_invalid)
    __mathlib_flt_underflow                  0x080053a1   Thumb Code    10  funder.o(i.__mathlib_flt_underflow)
    __mathlib_rredf2                         0x080053b1   Thumb Code   316  rredf.o(i.__mathlib_rredf2)
    __scatterload_copy                       0x08005505   Thumb Code    14  handlers.o(i.__scatterload_copy)
    __scatterload_null                       0x08005513   Thumb Code     2  handlers.o(i.__scatterload_null)
    __scatterload_zeroinit                   0x08005515   Thumb Code    14  handlers.o(i.__scatterload_zeroinit)
    __set_errno                              0x08005525   Thumb Code     6  errno.o(i.__set_errno)
    accept_PGD_solution                      0x08005df9   Thumb Code    98  fan.o(i.accept_PGD_solution)
    backtracking_line_search                 0x08005ebd   Thumb Code   252  pgd.o(i.backtracking_line_search)
    compute_gradient                         0x080060b1   Thumb Code   186  pgd.o(i.compute_gradient)
    compute_objective                        0x08006179   Thumb Code   102  pgd.o(i.compute_objective)
    compute_residual                         0x080061e9   Thumb Code   416  pgd.o(i.compute_residual)
    delay_init                               0x08006501   Thumb Code    16  delay.o(i.delay_init)
    free                                     0x08006515   Thumb Code    76  malloc.o(i.free)
    is_in_column_space                       0x08006565   Thumb Code   146  pgd.o(i.is_in_column_space)
    main                                     0x08006675   Thumb Code    86  main.o(i.main)
    malloc                                   0x08006731   Thumb Code    92  malloc.o(i.malloc)
    parse_data                               0x0800679d   Thumb Code  1454  usart.o(i.parse_data)
    print_vector                             0x08006d71   Thumb Code    66  pgd.o(i.print_vector)
    project_target                           0x08006dcd   Thumb Code   116  pgd.o(i.project_target)
    projected_gradient_descent               0x08006e51   Thumb Code   442  pgd.o(i.projected_gradient_descent)
    send_info                                0x08007101   Thumb Code  1338  usart.o(i.send_info)
    uart_init                                0x08007641   Thumb Code    44  usart.o(i.uart_init)
    update_Rsb                               0x08007679   Thumb Code   210  silde_mode_controller.o(i.update_Rsb)
    D1CorePrescTable                         0x08007780   Data          16  system_stm32h7xx.o(.constdata)
    THRESHOLD                                0x080077c0   Data           4  usart.o(.constdata)
    M                                        0x08007828   Data         576  pgd.o(.constdata)
    M_pseudo                                 0x08007a68   Data         576  pgd.o(.constdata)
    Region$$Table$$Base                      0x080083a4   Number         0  anon$$obj.o(Region$$Table)
    Region$$Table$$Limit                     0x080083c4   Number         0  anon$$obj.o(Region$$Table)
    SystemCoreClock                          0x24000000   Data           4  system_stm32h7xx.o(.data)
    SystemD2Clock                            0x24000004   Data           4  system_stm32h7xx.o(.data)
    frame_fault                              0x24000056   Data           1  usart.o(.data)
    is_first_frame                           0x24000057   Data           1  usart.o(.data)
    g_frame_seq_id                           0x24000070   Data           4  usart.o(.data)
    g_frame_time_ns                          0x24000078   Data           8  usart.o(.data)
    g_frame_latency                          0x24000080   Data           4  usart.o(.data)
    g_seq_gap                                0x24000084   Data           4  usart.o(.data)
    dbg_flag                                 0x2400009e   Data           1  timer.o(.data)
    CTRL_ARR                                 0x240000a0   Data           2  timer.o(.data)
    CTRL_PSC                                 0x240000a2   Data           2  timer.o(.data)
    PWM_ARR                                  0x240000a4   Data           2  timer.o(.data)
    PWM_PSC                                  0x240000a6   Data           2  timer.o(.data)
    __microlib_freelist                      0x240000a8   Data           4  mvars.o(.data)
    __microlib_freelist_initialised          0x240000ac   Data           4  mvars.o(.data)
    ctrl_input                               0x240000b4   Data         144  silde_mode_controller.o(.bss)
    prev_ctrl_input                          0x24000144   Data         144  silde_mode_controller.o(.bss)
    ctrl_output                              0x240001d4   Data          24  silde_mode_controller.o(.bss)
    Rsb                                      0x240001ec   Data          36  silde_mode_controller.o(.bss)
    UART1_Handler                            0x24000210   Data         128  usart.o(.bss)
    UART2_Handler                            0x24000290   Data         128  usart.o(.bss)
    TIM6_Handler                             0x24000410   Data          64  timer.o(.bss)
    TIM3_Handler                             0x24000450   Data          64  timer.o(.bss)
    TIM4_Handler                             0x24000490   Data          64  timer.o(.bss)
    TIM5_Handler                             0x240004d0   Data          64  timer.o(.bss)
    TIM8_Handler                             0x24000510   Data          64  timer.o(.bss)
    TIM3_CHHandler                           0x24000550   Data          28  timer.o(.bss)
    TIM4_CHHandler                           0x2400056c   Data          28  timer.o(.bss)
    TIM5_CHHandler                           0x24000588   Data          28  timer.o(.bss)
    TIM8_CHHandler                           0x240005a4   Data          28  timer.o(.bss)
    Fan_desire_Speed                         0x240005c0   Data          48  fan.o(.bss)
    Fan_Control_duty_rate                    0x240005f0   Data          48  fan.o(.bss)
    __heap_base                              0x24000620   Data           0  startup_stm32h743xx.o(HEAP)
    __heap_limit                             0x24000820   Data           0  startup_stm32h743xx.o(HEAP)
    __initial_sp                             0x24000c20   Data           0  startup_stm32h743xx.o(STACK)



==============================================================================

Memory Map of the image

  Image Entry point : 0x08000299

  Load Region LR_IROM1 (Base: 0x08000000, Size: 0x00008478, Max: 0x00200000, ABSOLUTE)

    Execution Region ER_IROM1 (Exec base: 0x08000000, Load base: 0x08000000, Size: 0x000083c4, Max: 0x00200000, ABSOLUTE)

    Exec Addr    Load Addr    Size         Type   Attr      Idx    E Section Name        Object

    0x08000000   0x08000000   0x00000298   Data   RO          489    RESET               startup_stm32h743xx.o
    0x08000298   0x08000298   0x00000000   Code   RO        15005  * .ARM.Collect$$$$00000000  mc_w.l(entry.o)
    0x08000298   0x08000298   0x00000004   Code   RO        15095    .ARM.Collect$$$$00000001  mc_w.l(entry2.o)
    0x0800029c   0x0800029c   0x00000004   Code   RO        15098    .ARM.Collect$$$$00000004  mc_w.l(entry5.o)
    0x080002a0   0x080002a0   0x00000000   Code   RO        15100    .ARM.Collect$$$$00000008  mc_w.l(entry7b.o)
    0x080002a0   0x080002a0   0x00000000   Code   RO        15102    .ARM.Collect$$$$0000000A  mc_w.l(entry8b.o)
    0x080002a0   0x080002a0   0x00000008   Code   RO        15103    .ARM.Collect$$$$0000000B  mc_w.l(entry9a.o)
    0x080002a8   0x080002a8   0x00000000   Code   RO        15105    .ARM.Collect$$$$0000000D  mc_w.l(entry10a.o)
    0x080002a8   0x080002a8   0x00000000   Code   RO        15107    .ARM.Collect$$$$0000000F  mc_w.l(entry11a.o)
    0x080002a8   0x080002a8   0x00000004   Code   RO        15096    .ARM.Collect$$$$00002712  mc_w.l(entry2.o)
    0x080002ac   0x080002ac   0x00000004   Code   RO          666    .rev16_text         usart.o
    0x080002b0   0x080002b0   0x00000024   Code   RO          490    .text               startup_stm32h743xx.o
    0x080002d4   0x080002d4   0x00000062   Code   RO        15008    .text               mc_w.l(uldiv.o)
    0x08000336   0x08000336   0x00000024   Code   RO        15010    .text               mc_w.l(memcpya.o)
    0x0800035a   0x0800035a   0x00000024   Code   RO        15012    .text               mc_w.l(memseta.o)
    0x0800037e   0x0800037e   0x0000001c   Code   RO        15072    .text               mc_w.l(calloc.o)
    0x0800039a   0x0800039a   0x0000001c   Code   RO        15074    .text               mf_w.l(ffltul.o)
    0x080003b6   0x080003b6   0x0000002c   Code   RO        15112    .text               mc_w.l(uidiv.o)
    0x080003e2   0x080003e2   0x0000001e   Code   RO        15114    .text               mc_w.l(llshl.o)
    0x08000400   0x08000400   0x00000020   Code   RO        15116    .text               mc_w.l(llushr.o)
    0x08000420   0x08000420   0x00000000   Code   RO        15127    .text               mc_w.l(iusefp.o)
    0x08000420   0x08000420   0x0000006e   Code   RO        15128    .text               mf_w.l(fepilogue.o)
    0x0800048e   0x0800048e   0x0000014e   Code   RO        15130    .text               mf_w.l(dadd.o)
    0x080005dc   0x080005dc   0x000000e4   Code   RO        15132    .text               mf_w.l(dmul.o)
    0x080006c0   0x080006c0   0x000000de   Code   RO        15134    .text               mf_w.l(ddiv.o)
    0x0800079e   0x0800079e   0x00000002   PAD
    0x080007a0   0x080007a0   0x00000088   Code   RO        15136    .text               mf_w.l(drnd.o)
    0x08000828   0x08000828   0x00000030   Code   RO        15138    .text               mf_w.l(dfixul.o)
    0x08000858   0x08000858   0x00000030   Code   RO        15140    .text               mf_w.l(cdrcmple.o)
    0x08000888   0x08000888   0x00000024   Code   RO        15142    .text               mc_w.l(init.o)
    0x080008ac   0x080008ac   0x00000024   Code   RO        15145    .text               mc_w.l(llsshr.o)
    0x080008d0   0x080008d0   0x000000ba   Code   RO        15148    .text               mf_w.l(depilogue.o)
    0x0800098a   0x0800098a   0x00000002   PAD
    0x0800098c   0x0800098c   0x00000304   Code   RO          497    i.Attitude_Controller  silde_mode_controller.o
    0x08000c90   0x08000c90   0x00000004   Code   RO          344    i.BusFault_Handler  stm32h7xx_it.o
    0x08000c94   0x08000c94   0x0000001c   Code   RO          608    i.Cache_Enable      sys.o
    0x08000cb0   0x08000cb0   0x000000c4   Code   RO        14798    i.Calculate_Duty_Rate  fan.o
    0x08000d74   0x08000d74   0x00000248   Code   RO        14799    i.Calculate_Fan_Speed  fan.o
    0x08000fbc   0x08000fbc   0x00000094   Code   RO        14800    i.Calculate_Single_Duty  fan.o
    0x08001050   0x08001050   0x00000002   Code   RO          345    i.DebugMon_Handler  stm32h7xx_it.o
    0x08001052   0x08001052   0x00000002   PAD
    0x08001054   0x08001054   0x000000b8   Code   RO        14874    i.Denormalize_solution  pgd.o
    0x0800110c   0x0800110c   0x0000007c   Code   RO        14801    i.Fan_Rotation_Control  fan.o
    0x08001188   0x08001188   0x000000f8   Code   RO         2779    i.HAL_DMA_Abort_IT  stm32h7xx_hal_dma.o
    0x08001280   0x08001280   0x00000014   Code   RO          775    i.HAL_EnableCompensationCell  stm32h7xx_hal.o
    0x08001294   0x08001294   0x0000024c   Code   RO         4466    i.HAL_GPIO_Init     stm32h7xx_hal_gpio.o
    0x080014e0   0x080014e0   0x0000000c   Code   RO          782    i.HAL_GetTick       stm32h7xx_hal.o
    0x080014ec   0x080014ec   0x00000018   Code   RO          785    i.HAL_IncTick       stm32h7xx_hal.o
    0x08001504   0x08001504   0x0000001c   Code   RO          786    i.HAL_Init          stm32h7xx_hal.o
    0x08001520   0x08001520   0x0000004c   Code   RO          787    i.HAL_InitTick      stm32h7xx_hal.o
    0x0800156c   0x0800156c   0x00000002   Code   RO          459    i.HAL_MspInit       stm32h7xx_hal_msp.o
    0x0800156e   0x0800156e   0x00000020   Code   RO         1664    i.HAL_NVIC_EnableIRQ  stm32h7xx_hal_cortex.o
    0x0800158e   0x0800158e   0x0000007a   Code   RO         1670    i.HAL_NVIC_SetPriority  stm32h7xx_hal_cortex.o
    0x08001608   0x08001608   0x00000028   Code   RO         1671    i.HAL_NVIC_SetPriorityGrouping  stm32h7xx_hal_cortex.o
    0x08001630   0x08001630   0x00000038   Code   RO         9484    i.HAL_RCCEx_GetD1SysClockFreq  stm32h7xx_hal_rcc_ex.o
    0x08001668   0x08001668   0x0000002c   Code   RO         9485    i.HAL_RCCEx_GetD3PCLK1Freq  stm32h7xx_hal_rcc_ex.o
    0x08001694   0x08001694   0x0000022c   Code   RO         9487    i.HAL_RCCEx_GetPLL2ClockFreq  stm32h7xx_hal_rcc_ex.o
    0x080018c0   0x080018c0   0x0000022c   Code   RO         9488    i.HAL_RCCEx_GetPLL3ClockFreq  stm32h7xx_hal_rcc_ex.o
    0x08001aec   0x08001aec   0x00000250   Code   RO         9375    i.HAL_RCC_ClockConfig  stm32h7xx_hal_rcc.o
    0x08001d3c   0x08001d3c   0x00000038   Code   RO         9379    i.HAL_RCC_GetHCLKFreq  stm32h7xx_hal_rcc.o
    0x08001d74   0x08001d74   0x0000002c   Code   RO         9381    i.HAL_RCC_GetPCLK1Freq  stm32h7xx_hal_rcc.o
    0x08001da0   0x08001da0   0x0000002c   Code   RO         9382    i.HAL_RCC_GetPCLK2Freq  stm32h7xx_hal_rcc.o
    0x08001dcc   0x08001dcc   0x00000244   Code   RO         9383    i.HAL_RCC_GetSysClockFreq  stm32h7xx_hal_rcc.o
    0x08002010   0x08002010   0x000006c4   Code   RO         9386    i.HAL_RCC_OscConfig  stm32h7xx_hal_rcc.o
    0x080026d4   0x080026d4   0x00000028   Code   RO         1673    i.HAL_SYSTICK_CLKSourceConfig  stm32h7xx_hal_cortex.o
    0x080026fc   0x080026fc   0x00000034   Code   RO         1675    i.HAL_SYSTICK_Config  stm32h7xx_hal_cortex.o
    0x08002730   0x08002730   0x00000002   Code   RO        12906    i.HAL_TIMEx_BreakCallback  stm32h7xx_hal_tim_ex.o
    0x08002732   0x08002732   0x00000002   Code   RO        12907    i.HAL_TIMEx_CommutationCallback  stm32h7xx_hal_tim_ex.o
    0x08002734   0x08002734   0x00000002   Code   RO        12280    i.HAL_TIM_IC_CaptureCallback  stm32h7xx_hal_tim.o
    0x08002736   0x08002736   0x000001b8   Code   RO        12293    i.HAL_TIM_IRQHandler  stm32h7xx_hal_tim.o
    0x080028ee   0x080028ee   0x00000002   Code   RO        12296    i.HAL_TIM_OC_DelayElapsedCallback  stm32h7xx_hal_tim.o
    0x080028f0   0x080028f0   0x00000174   Code   RO        12317    i.HAL_TIM_PWM_ConfigChannel  stm32h7xx_hal_tim.o
    0x08002a64   0x08002a64   0x00000034   Code   RO        12320    i.HAL_TIM_PWM_Init  stm32h7xx_hal_tim.o
    0x08002a98   0x08002a98   0x000001e0   Code   RO        14697    i.HAL_TIM_PWM_MspInit  timer.o
    0x08002c78   0x08002c78   0x00000002   Code   RO        12323    i.HAL_TIM_PWM_PulseFinishedCallback  stm32h7xx_hal_tim.o
    0x08002c7a   0x08002c7a   0x00000002   PAD
    0x08002c7c   0x08002c7c   0x00000070   Code   RO        12324    i.HAL_TIM_PWM_Start  stm32h7xx_hal_tim.o
    0x08002cec   0x08002cec   0x00000044   Code   RO        14698    i.HAL_TIM_PeriodElapsedCallback  timer.o
    0x08002d30   0x08002d30   0x00000002   Code   RO        12334    i.HAL_TIM_TriggerCallback  stm32h7xx_hal_tim.o
    0x08002d32   0x08002d32   0x00000002   Code   RO        13523    i.HAL_UARTEx_WakeupCallback  stm32h7xx_hal_uart_ex.o
    0x08002d34   0x08002d34   0x00000002   Code   RO        13187    i.HAL_UART_ErrorCallback  stm32h7xx_hal_uart.o
    0x08002d36   0x08002d36   0x00000002   PAD
    0x08002d38   0x08002d38   0x000001bc   Code   RO        13190    i.HAL_UART_IRQHandler  stm32h7xx_hal_uart.o
    0x08002ef4   0x08002ef4   0x00000078   Code   RO        13191    i.HAL_UART_Init     stm32h7xx_hal_uart.o
    0x08002f6c   0x08002f6c   0x00000118   Code   RO          669    i.HAL_UART_MspInit  usart.o
    0x08003084   0x08003084   0x000000e0   Code   RO        13196    i.HAL_UART_Receive_IT  stm32h7xx_hal_uart.o
    0x08003164   0x08003164   0x0000011c   Code   RO          670    i.HAL_UART_RxCpltCallback  usart.o
    0x08003280   0x08003280   0x000000c6   Code   RO        13199    i.HAL_UART_Transmit  stm32h7xx_hal_uart.o
    0x08003346   0x08003346   0x00000002   Code   RO        13202    i.HAL_UART_TxCpltCallback  stm32h7xx_hal_uart.o
    0x08003348   0x08003348   0x00000004   Code   RO          346    i.HardFault_Handler  stm32h7xx_it.o
    0x0800334c   0x0800334c   0x00000100   Code   RO          498    i.InitConstantsToFloat  silde_mode_controller.o
    0x0800344c   0x0800344c   0x00000030   Code   RO          499    i.InitController    silde_mode_controller.o
    0x0800347c   0x0800347c   0x00000004   Code   RO          347    i.MemManage_Handler  stm32h7xx_it.o
    0x08003480   0x08003480   0x00000002   Code   RO          348    i.NMI_Handler       stm32h7xx_it.o
    0x08003482   0x08003482   0x00000002   PAD
    0x08003484   0x08003484   0x00000144   Code   RO        14699    i.PWM_Init          timer.o
    0x080035c8   0x080035c8   0x00000002   Code   RO          349    i.PendSV_Handler    stm32h7xx_it.o
    0x080035ca   0x080035ca   0x00000002   PAD
    0x080035cc   0x080035cc   0x0000031c   Code   RO          500    i.Position_Controller  silde_mode_controller.o
    0x080038e8   0x080038e8   0x0000009c   Code   RO          611    i.SCB_EnableDCache  sys.o
    0x08003984   0x08003984   0x0000007c   Code   RO          612    i.SCB_EnableICache  sys.o
    0x08003a00   0x08003a00   0x00000002   Code   RO          350    i.SVC_Handler       stm32h7xx_it.o
    0x08003a02   0x08003a02   0x00000002   PAD
    0x08003a04   0x08003a04   0x000000d8   Code   RO        14802    i.Set_Fan_PWM       fan.o
    0x08003adc   0x08003adc   0x000000f8   Code   RO          613    i.Stm32_Clock_Init  sys.o
    0x08003bd4   0x08003bd4   0x00000008   Code   RO          351    i.SysTick_Handler   stm32h7xx_it.o
    0x08003bdc   0x08003bdc   0x00000094   Code   RO          422    i.SystemInit        system_stm32h7xx.o
    0x08003c70   0x08003c70   0x00000010   Code   RO        14700    i.TIM6_DAC_IRQHandler  timer.o
    0x08003c80   0x08003c80   0x000000cc   Code   RO        12335    i.TIM_Base_SetConfig  stm32h7xx_hal_tim.o
    0x08003d4c   0x08003d4c   0x0000001c   Code   RO        12336    i.TIM_CCxChannelCmd  stm32h7xx_hal_tim.o
    0x08003d68   0x08003d68   0x000000b0   Code   RO        12344    i.TIM_OC1_SetConfig  stm32h7xx_hal_tim.o
    0x08003e18   0x08003e18   0x000000bc   Code   RO        12345    i.TIM_OC2_SetConfig  stm32h7xx_hal_tim.o
    0x08003ed4   0x08003ed4   0x000000b4   Code   RO        12346    i.TIM_OC3_SetConfig  stm32h7xx_hal_tim.o
    0x08003f88   0x08003f88   0x00000078   Code   RO        12347    i.TIM_OC4_SetConfig  stm32h7xx_hal_tim.o
    0x08004000   0x08004000   0x00000070   Code   RO        12348    i.TIM_OC5_SetConfig  stm32h7xx_hal_tim.o
    0x08004070   0x08004070   0x00000074   Code   RO        12349    i.TIM_OC6_SetConfig  stm32h7xx_hal_tim.o
    0x080040e4   0x080040e4   0x00000078   Code   RO        14702    i.TIM_SetCompare    timer.o
    0x0800415c   0x0800415c   0x00000060   Code   RO        14703    i.TIMx_PWM_Init     timer.o
    0x080041bc   0x080041bc   0x000000ea   Code   RO        13204    i.UART_AdvFeatureConfig  stm32h7xx_hal_uart.o
    0x080042a6   0x080042a6   0x00000074   Code   RO        13205    i.UART_CheckIdleState  stm32h7xx_hal_uart.o
    0x0800431a   0x0800431a   0x00000018   Code   RO        13206    i.UART_DMAAbortOnError  stm32h7xx_hal_uart.o
    0x08004332   0x08004332   0x00000020   Code   RO        13216    i.UART_EndRxTransfer  stm32h7xx_hal_uart.o
    0x08004352   0x08004352   0x00000020   Code   RO        13217    i.UART_EndTransmit_IT  stm32h7xx_hal_uart.o
    0x08004372   0x08004372   0x0000008a   Code   RO        13219    i.UART_Receive_IT   stm32h7xx_hal_uart.o
    0x080043fc   0x080043fc   0x000009a4   Code   RO        13220    i.UART_SetConfig    stm32h7xx_hal_uart.o
    0x08004da0   0x08004da0   0x00000082   Code   RO        13221    i.UART_Transmit_IT  stm32h7xx_hal_uart.o
    0x08004e22   0x08004e22   0x0000006c   Code   RO        13222    i.UART_WaitOnFlagUntilTimeout  stm32h7xx_hal_uart.o
    0x08004e8e   0x08004e8e   0x00000002   PAD
    0x08004e90   0x08004e90   0x00000010   Code   RO          671    i.USART1_IRQHandler  usart.o
    0x08004ea0   0x08004ea0   0x00000010   Code   RO          672    i.USART2_IRQHandler  usart.o
    0x08004eb0   0x08004eb0   0x0000005a   Code   RO          673    i.USART_SendFormatted  usart.o
    0x08004f0a   0x08004f0a   0x00000004   Code   RO          352    i.UsageFault_Handler  stm32h7xx_it.o
    0x08004f0e   0x08004f0e   0x00000002   PAD
    0x08004f10   0x08004f10   0x0000002c   Code   RO        15022    i.__0vsnprintf      mc_w.l(printfa.o)
    0x08004f3c   0x08004f3c   0x00000026   Code   RO        15076    i.__ARM_fpclassifyf  m_wv.l(fpclassifyf.o)
    0x08004f62   0x08004f62   0x00000002   PAD
    0x08004f64   0x08004f64   0x00000010   Code   RO         1677    i.__NVIC_GetPriorityGrouping  stm32h7xx_hal_cortex.o
    0x08004f74   0x08004f74   0x00000028   Code   RO         1678    i.__NVIC_SetPriority  stm32h7xx_hal_cortex.o
    0x08004f9c   0x08004f9c   0x00000150   Code   RO        14965    i.__hardfp_cosf     m_wv.l(cosf.o)
    0x080050ec   0x080050ec   0x00000004   PAD
    0x080050f0   0x080050f0   0x000000a0   Code   RO        14977    i.__hardfp_round    m_wv.l(round.o)
    0x08005190   0x08005190   0x00000194   Code   RO        14981    i.__hardfp_sinf     m_wv.l(sinf.o)
    0x08005324   0x08005324   0x00000066   Code   RO        14993    i.__hardfp_sqrt     m_wv.l(sqrt.o)
    0x0800538a   0x0800538a   0x00000006   Code   RO        15079    i.__mathlib_flt_infnan  m_wv.l(funder.o)
    0x08005390   0x08005390   0x00000010   Code   RO        15081    i.__mathlib_flt_invalid  m_wv.l(funder.o)
    0x080053a0   0x080053a0   0x00000010   Code   RO        15084    i.__mathlib_flt_underflow  m_wv.l(funder.o)
    0x080053b0   0x080053b0   0x00000154   Code   RO        15092    i.__mathlib_rredf2  m_wv.l(rredf.o)
    0x08005504   0x08005504   0x0000000e   Code   RO        15152    i.__scatterload_copy  mc_w.l(handlers.o)
    0x08005512   0x08005512   0x00000002   Code   RO        15153    i.__scatterload_null  mc_w.l(handlers.o)
    0x08005514   0x08005514   0x0000000e   Code   RO        15154    i.__scatterload_zeroinit  mc_w.l(handlers.o)
    0x08005522   0x08005522   0x00000002   PAD
    0x08005524   0x08005524   0x0000000c   Code   RO        15122    i.__set_errno       mc_w.l(errno.o)
    0x08005530   0x08005530   0x00000184   Code   RO        15024    i._fp_digits        mc_w.l(printfa.o)
    0x080056b4   0x080056b4   0x000006dc   Code   RO        15025    i._printf_core      mc_w.l(printfa.o)
    0x08005d90   0x08005d90   0x00000024   Code   RO        15026    i._printf_post_padding  mc_w.l(printfa.o)
    0x08005db4   0x08005db4   0x0000002e   Code   RO        15027    i._printf_pre_padding  mc_w.l(printfa.o)
    0x08005de2   0x08005de2   0x00000016   Code   RO        15028    i._snputc           mc_w.l(printfa.o)
    0x08005df8   0x08005df8   0x00000062   Code   RO        14803    i.accept_PGD_solution  fan.o
    0x08005e5a   0x08005e5a   0x00000002   PAD
    0x08005e5c   0x08005e5c   0x00000060   Code   RO        14875    i.apply_constraints  pgd.o
    0x08005ebc   0x08005ebc   0x00000150   Code   RO        14876    i.backtracking_line_search  pgd.o
    0x0800600c   0x0800600c   0x00000044   Code   RO        14877    i.checked_calloc    pgd.o
    0x08006050   0x08006050   0x00000060   Code   RO        14878    i.compute_Mx        pgd.o
    0x080060b0   0x080060b0   0x000000c8   Code   RO        14879    i.compute_gradient  pgd.o
    0x08006178   0x08006178   0x00000070   Code   RO        14880    i.compute_objective  pgd.o
    0x080061e8   0x080061e8   0x00000300   Code   RO        14881    i.compute_residual  pgd.o
    0x080064e8   0x080064e8   0x0000000c   Code   RO          501    i.custom_fmax       silde_mode_controller.o
    0x080064f4   0x080064f4   0x0000000c   Code   RO          502    i.custom_fmin       silde_mode_controller.o
    0x08006500   0x08006500   0x00000014   Code   RO          568    i.delay_init        delay.o
    0x08006514   0x08006514   0x00000050   Code   RO        15044    i.free              mc_w.l(malloc.o)
    0x08006564   0x08006564   0x00000110   Code   RO        14882    i.is_in_column_space  pgd.o
    0x08006674   0x08006674   0x000000bc   Code   RO            4    i.main              main.o
    0x08006730   0x08006730   0x0000006c   Code   RO        15045    i.malloc            mc_w.l(malloc.o)
    0x0800679c   0x0800679c   0x000005d4   Code   RO          674    i.parse_data        usart.o
    0x08006d70   0x08006d70   0x0000005c   Code   RO        14883    i.print_vector      pgd.o
    0x08006dcc   0x08006dcc   0x00000084   Code   RO        14884    i.project_target    pgd.o
    0x08006e50   0x08006e50   0x00000280   Code   RO        14885    i.projected_gradient_descent  pgd.o
    0x080070d0   0x080070d0   0x0000002e   Code   RO          503    i.sat               silde_mode_controller.o
    0x080070fe   0x080070fe   0x00000002   PAD
    0x08007100   0x08007100   0x00000540   Code   RO          675    i.send_info         usart.o
    0x08007640   0x08007640   0x00000038   Code   RO          676    i.uart_init         usart.o
    0x08007678   0x08007678   0x000000d8   Code   RO          504    i.update_Rsb        silde_mode_controller.o
    0x08007750   0x08007750   0x00000040   Data   RO          423    .constdata          system_stm32h7xx.o
    0x08007790   0x08007790   0x00000034   Data   RO          678    .constdata          usart.o
    0x080077c4   0x080077c4   0x00000030   Data   RO        13223    .constdata          stm32h7xx_hal_uart.o
    0x080077f4   0x080077f4   0x00000004   PAD
    0x080077f8   0x080077f8   0x000004b0   Data   RO        14886    .constdata          pgd.o
    0x08007ca8   0x08007ca8   0x00000020   Data   RO        15093    .constdata          m_wv.l(rredf.o)
    0x08007cc8   0x08007cc8   0x00000065   Data   RO            6    .conststring        main.o
    0x08007d2d   0x08007d2d   0x00000003   PAD
    0x08007d30   0x08007d30   0x0000061d   Data   RO          679    .conststring        usart.o
    0x0800834d   0x0800834d   0x00000003   PAD
    0x08008350   0x08008350   0x00000052   Data   RO        14887    .conststring        pgd.o
    0x080083a2   0x080083a2   0x00000002   PAD
    0x080083a4   0x080083a4   0x00000020   Data   RO        15150    Region$$Table       anon$$obj.o


    Execution Region RW_IRAM1 (Exec base: 0x20000000, Load base: 0x080083c4, Size: 0x00000000, Max: 0x00020000, ABSOLUTE)

    **** No section assigned to this execution region ****


    Execution Region RW_IRAM2 (Exec base: 0x24000000, Load base: 0x080083c4, Size: 0x00000c20, Max: 0x00080000, ABSOLUTE)

    Exec Addr    Load Addr    Size         Type   Attr      Idx    E Section Name        Object

    0x24000000   0x080083c4   0x00000008   Data   RW          424    .data               system_stm32h7xx.o
    0x24000008   0x080083cc   0x00000040   Data   RW          507    .data               silde_mode_controller.o
    0x24000048   0x0800840c   0x00000004   Data   RW          572    .data               delay.o
    0x2400004c   0x08008410   0x00000004   PAD
    0x24000050   0x08008414   0x00000044   Data   RW          680    .data               usart.o
    0x24000094   0x08008458   0x00000009   Data   RW          809    .data               stm32h7xx_hal.o
    0x2400009d   0x08008461   0x00000001   PAD
    0x2400009e   0x08008462   0x0000000a   Data   RW        14706    .data               timer.o
    0x240000a8   0x0800846c   0x00000004   Data   RW        15118    .data               mc_w.l(mvars.o)
    0x240000ac   0x08008470   0x00000004   Data   RW        15119    .data               mc_w.l(mvars.o)
    0x240000b0   0x08008474   0x00000004   Data   RW        15123    .data               mc_w.l(errno.o)
    0x240000b4        -       0x0000015c   Zero   RW          505    .bss                silde_mode_controller.o
    0x24000210        -       0x00000200   Zero   RW          677    .bss                usart.o
    0x24000410        -       0x000001b0   Zero   RW        14704    .bss                timer.o
    0x240005c0        -       0x00000060   Zero   RW        14804    .bss                fan.o
    0x24000620        -       0x00000200   Zero   RW          488    HEAP                startup_stm32h743xx.o
    0x24000820        -       0x00000400   Zero   RW          487    STACK               startup_stm32h743xx.o


==============================================================================

Image component sizes


      Code (inc. data)   RO Data    RW Data    ZI Data      Debug   Object Name

        20          4          0          4          0        861   delay.o
      1366        352          0          0         96       8634   fan.o
       188        102        101          0          0    1216408   main.o
      2996        932       1282          0          0      12195   pgd.o
      2158        188          0         64        348       9514   silde_mode_controller.o
        36          8        664          0       1536        852   startup_stm32h743xx.o
       160         32          0          9          0       4235   stm32h7xx_hal.o
       342         22          0          0          0      39713   stm32h7xx_hal_cortex.o
       248         12          0          0          0       2159   stm32h7xx_hal_dma.o
       588         54          0          0          0       1900   stm32h7xx_hal_gpio.o
         2          0          0          0          0        486   stm32h7xx_hal_msp.o
      3048         86          0          0          0       6260   stm32h7xx_hal_rcc.o
      1212         70          0          0          0       3731   stm32h7xx_hal_rcc_ex.o
      2108        186          0          0          0      12866   stm32h7xx_hal_tim.o
         4          0          0          0          0       1842   stm32h7xx_hal_tim_ex.o
      4272        140         48          0          0      13884   stm32h7xx_hal_uart.o
         2          0          0          0          0       1052   stm32h7xx_hal_uart_ex.o
        32          0          0          0          0       4426   stm32h7xx_it.o
       556         30          0          0          0      37537   sys.o
       148         18         64          8          0       1358   system_stm32h7xx.o
      1104        136          0         10        432       5798   timer.o
      3582        474       1617         68        512      12070   usart.o

    ----------------------------------------------------------------------
     24192       2846       3820        168       2924    1397781   Object Totals
         0          0         32          0          0          0   (incl. Generated)
        20          0         12          5          0          0   (incl. Padding)

    ----------------------------------------------------------------------

      Code (inc. data)   RO Data    RW Data    ZI Data      Debug   Library Member Name

       336         60          0          0          0        136   cosf.o
        38          0          0          0          0        116   fpclassifyf.o
        38         12          0          0          0        348   funder.o
       160         24          0          0          0        132   round.o
       340         24         32          0          0        160   rredf.o
       404         60          0          0          0        212   sinf.o
       102          0          0          0          0        140   sqrt.o
        28          0          0          0          0         76   calloc.o
         0          0          0          0          0          0   entry.o
         0          0          0          0          0          0   entry10a.o
         0          0          0          0          0          0   entry11a.o
         8          4          0          0          0          0   entry2.o
         4          0          0          0          0          0   entry5.o
         0          0          0          0          0          0   entry7b.o
         0          0          0          0          0          0   entry8b.o
         8          4          0          0          0          0   entry9a.o
        12          6          0          4          0         68   errno.o
        30          0          0          0          0          0   handlers.o
        36          8          0          0          0         68   init.o
         0          0          0          0          0          0   iusefp.o
        30          0          0          0          0         68   llshl.o
        36          0          0          0          0         68   llsshr.o
        32          0          0          0          0         68   llushr.o
       188         20          0          0          0        160   malloc.o
        36          0          0          0          0         68   memcpya.o
        36          0          0          0          0        108   memseta.o
         0          0          0          8          0          0   mvars.o
      2292         84          0          0          0        516   printfa.o
        44          0          0          0          0         80   uidiv.o
        98          0          0          0          0         92   uldiv.o
        48          0          0          0          0         68   cdrcmple.o
       334          0          0          0          0        148   dadd.o
       222          0          0          0          0        100   ddiv.o
       186          0          0          0          0        176   depilogue.o
        48          0          0          0          0         68   dfixul.o
       228          0          0          0          0         96   dmul.o
       136          4          0          0          0         92   drnd.o
       110          0          0          0          0        168   fepilogue.o
        28          0          0          0          0         84   ffltul.o

    ----------------------------------------------------------------------
      5688        314         32         12          0       3684   Library Totals
        12          4          0          0          0          0   (incl. Padding)

    ----------------------------------------------------------------------

      Code (inc. data)   RO Data    RW Data    ZI Data      Debug   Library Name

      1418        180         32          0          0       1244   m_wv.l
      2918        126          0         12          0       1440   mc_w.l
      1340          4          0          0          0       1000   mf_w.l

    ----------------------------------------------------------------------
      5688        314         32         12          0       3684   Library Totals

    ----------------------------------------------------------------------

==============================================================================


      Code (inc. data)   RO Data    RW Data    ZI Data      Debug   

     29880       3160       3852        180       2924    1388869   Grand Totals
     29880       3160       3852        180       2924    1388869   ELF Image Totals
     29880       3160       3852        180          0          0   ROM Totals

==============================================================================

    Total RO  Size (Code + RO Data)                33732 (  32.94kB)
    Total RW  Size (RW Data + ZI Data)              3104 (   3.03kB)
    Total ROM Size (Code + RO Data + RW Data)      33912 (  33.12kB)

==============================================================================

