<html>
<body>
<pre>
<h1>µVision Build Log</h1>
<h2>Tool Versions:</h2>
IDE-Version: ¦ÌVision V5.39.0.0
Copyright (C) 2023 ARM Ltd and ARM Germany GmbH. All rights reserved.
License Information: Hektor Sun, HIT, LIC=BUURY-IGV2F-EVX1R-KJN6Q-YKSDC-1JBJZ
 
Tool Versions:
Toolchain:       MDK-ARM Plus  Version: 5.39.0.0
Toolchain Path:  E:\Keil_v5\ARM\ARMCC\Bin
C Compiler:      Armcc.exe V5.06 update 6 (build 750)
Assembler:       Armasm.exe V5.06 update 6 (build 750)
Linker/Locator:  ArmLink.exe V5.06 update 6 (build 750)
Library Manager: ArmAr.exe V5.06 update 6 (build 750)
Hex Converter:   FromElf.exe V5.06 update 6 (build 750)
CPU DLL:         SARMCM3.DLL V5.39.0.0
Dialog DLL:      DCM.DLL V1.17.5.0
Target DLL:      STLink\ST-LINKIII-KEIL_SWO.dll V3.2.0.0
Dialog DLL:      TCM.DLL V1.56.4.0
 
<h2>Project:</h2>
f:\personal\Sunhaoran\¿ÎÌâ\µ×²ã²¿·Ö\¿ØÖÆ\Áù×ÔÓÉ¶ÈÄ£ĞÍ\»¬Ä£¿ØÖÆÆ÷\SMC\USER\SMC.uvprojx
Project File Date:  01/12/2025

<h2>Output:</h2>
*** Using Compiler 'V5.06 update 6 (build 750)', folder: 'E:\Keil_v5\ARM\ARMCC\Bin'
Rebuild target 'SMC'
assembling startup_stm32h743xx.s...
compiling stm32h7xx_hal_dma_ex.c...
compiling delay.c...
compiling usart.c...
..\SYSTEM\usart\usart.c(23): warning:  #177-D: variable "pc_rx_sta"  was declared but never referenced
  static uint16_t pc_rx_sta = 0, data_rx_sta = 0;
..\SYSTEM\usart\usart.c(24): warning:  #177-D: variable "pc_rx_buf"  was declared but never referenced
  static uint8_t pc_rx_buf[PC_CMD_LEN];
..\SYSTEM\usart\usart.c(25): warning:  #177-D: variable "pc_aRxBuffer"  was declared but never referenced
  static uint8_t pc_aRxBuffer[RXBUFFERSIZE];
..\SYSTEM\usart\usart.c: 3 warnings, 0 errors
compiling stm32h7xx_hal.c...
compiling system_stm32h7xx.c...
compiling stm32h7xx_hal_dfsdm.c...
compiling stm32h7xx_hal_cryp_ex.c...
compiling stm32h7xx_hal_dac.c...
compiling stm32h7xx_hal_cryp.c...
compiling stm32h7xx_hal_crc_ex.c...
compiling stm32h7xx_hal_comp.c...
compiling stm32h7xx_it.c...
compiling Silde_Mode_Controller.c...
compiling stm32h7xx_hal_dac_ex.c...
compiling stm32h7xx_hal_msp.c...
compiling stm32h7xx_hal_crc.c...
compiling stm32h7xx_hal_dcmi.c...
compiling stm32h7xx_hal_adc_ex.c...
compiling main.c...
main.c(38): warning:  #870-D: invalid multibyte character sequence
                          "\r\n[DEBUG-MODE] è°ƒè¯•æ¨¡å¼å·²å¯ç”?: UART1 æ”?+å‘\r\n");
main.c(38): warning:  #870-D: invalid multibyte character sequence
                          "\r\n[DEBUG-MODE] è°ƒè¯•æ¨¡å¼å·²å¯ç”?: UART1 æ”?+å‘\r\n");
main.c(48): warning:  #870-D: invalid multibyte character sequence
                          "\r\n[DEBUG-MODE] è°ƒè¯•æ¨¡å¼å·²å¯ç”?: ä»¥ä¸²å£æ¥æ”¶ä¸­æ–­å“åº”è°ƒè¯•æ•°æ®å¸§, éå›ºå®šé¢‘ç‡\r\n");
main.c: 3 warnings, 0 errors
compiling stm32h7xx_hal_cortex.c...
compiling sys.c...
compiling stm32h7xx_hal_cec.c...
compiling stm32h7xx_hal_dma.c...
compiling stm32h7xx_hal_adc.c...
compiling stm32h7xx_hal_dma2d.c...
compiling stm32h7xx_hal_mmc.c...
compiling stm32h7xx_hal_mmc_ex.c...
compiling stm32h7xx_hal_mdma.c...
compiling stm32h7xx_hal_eth.c...
compiling stm32h7xx_hal_nor.c...
compiling stm32h7xx_hal_opamp_ex.c...
compiling stm32h7xx_hal_opamp.c...
compiling stm32h7xx_hal_nand.c...
compiling stm32h7xx_hal_mdios.c...
compiling stm32h7xx_hal_hash.c...
compiling stm32h7xx_hal_iwdg.c...
compiling stm32h7xx_hal_hcd.c...
compiling stm32h7xx_hal_ltdc.c...
compiling stm32h7xx_hal_lptim.c...
compiling stm32h7xx_hal_hsem.c...
compiling stm32h7xx_hal_jpeg.c...
compiling stm32h7xx_hal_i2c.c...
compiling stm32h7xx_hal_hash_ex.c...
compiling stm32h7xx_hal_flash_ex.c...
compiling stm32h7xx_hal_i2c_ex.c...
compiling stm32h7xx_hal_flash.c...
compiling stm32h7xx_hal_i2s_ex.c...
compiling stm32h7xx_hal_irda.c...
compiling stm32h7xx_hal_gpio.c...
compiling stm32h7xx_hal_eth_ex.c...
compiling stm32h7xx_hal_i2s.c...
compiling stm32h7xx_hal_hrtim.c...
compiling stm32h7xx_hal_fdcan.c...
compiling stm32h7xx_hal_swpmi.c...
compiling stm32h7xx_hal_tim.c...
compiling stm32h7xx_hal_pcd.c...
compiling stm32h7xx_hal_pcd_ex.c...
compiling stm32h7xx_hal_pwr.c...
compiling stm32h7xx_hal_tim_ex.c...
compiling stm32h7xx_hal_sram.c...
compiling stm32h7xx_hal_uart.c...
compiling stm32h7xx_hal_spi_ex.c...
compiling stm32h7xx_hal_smbus.c...
compiling stm32h7xx_hal_qspi.c...
compiling stm32h7xx_hal_pwr_ex.c...
compiling stm32h7xx_hal_spdifrx.c...
compiling stm32h7xx_hal_rtc.c...
compiling stm32h7xx_hal_sai_ex.c...
compiling stm32h7xx_hal_smartcard_ex.c...
compiling stm32h7xx_hal_sd_ex.c...
compiling stm32h7xx_hal_spi.c...
compiling stm32h7xx_hal_rtc_ex.c...
compiling stm32h7xx_hal_sd.c...
compiling stm32h7xx_hal_rng.c...
compiling stm32h7xx_hal_sdram.c...
compiling stm32h7xx_hal_smartcard.c...
compiling stm32h7xx_hal_sai.c...
compiling stm32h7xx_hal_rcc_ex.c...
compiling stm32h7xx_hal_rcc.c...
compiling stm32h7xx_hal_uart_ex.c...
compiling stm32h7xx_hal_usart.c...
compiling stm32h7xx_hal_wwdg.c...
compiling stm32h7xx_ll_fmc.c...
compiling stm32h7xx_ll_delayblock.c...
compiling led.c...
compiling stm32h7xx_ll_sdmmc.c...
compiling DMA.c...
compiling timer.c...
compiling stm32h7xx_ll_usb.c...
compiling Fan.c...
compiling PGD.c...
linking...
Program Size: Code=29880 RO-data=3852 RW-data=180 ZI-data=2924  
FromELF: creating hex file...
"..\OBJ\SMC.axf" - 0 Error(s), 6 Warning(s).

<h2>Software Packages used:</h2>

Package Vendor: Keil
                https://www.keil.com/pack/Keil.STM32H7xx_DFP.3.1.1.pack
                Keil::STM32H7xx_DFP@3.1.1
                STMicroelectronics STM32H7 Series Device Support and Examples

<h2>Collection of Component include folders:</h2>
  E:/Keil_v5/ARM/Packs/Keil/STM32H7xx_DFP/3.1.1/Drivers/CMSIS/Device/ST/STM32H7xx/Include

<h2>Collection of Component Files used:</h2>
Build Time Elapsed:  00:01:18
</pre>
</body>
</html>
